------------------------------------------------------------
TimeQuest Timing Analyzer Summary
------------------------------------------------------------

Type  : Slow Model Setup 'inst2'
Slack : 0.379
TNS   : 0.000

Type  : Slow Model Setup 'inst1'
Slack : 1.000
TNS   : 0.000

Type  : Slow Model Setup 'inst'
Slack : 1.800
TNS   : 0.000

Type  : Slow Model Setup 'Clk'
Slack : 4.157
TNS   : 0.000

Type  : Slow Model Hold 'Clk'
Slack : -3.887
TNS   : -3.887

Type  : Slow Model Hold 'inst'
Slack : -1.530
TNS   : -1.530

Type  : Slow Model Hold 'inst1'
Slack : -0.730
TNS   : -0.730

Type  : Slow Model Hold 'inst2'
Slack : 0.391
TNS   : 0.000

Type  : Slow Model Minimum Pulse Width 'Clk'
Slack : -1.222
TNS   : -2.222

Type  : Slow Model Minimum Pulse Width 'inst'
Slack : -0.500
TNS   : -1.000

Type  : Slow Model Minimum Pulse Width 'inst1'
Slack : -0.500
TNS   : -1.000

Type  : Slow Model Minimum Pulse Width 'inst2'
Slack : -0.500
TNS   : -1.000

Type  : Fast Model Setup 'inst2'
Slack : 0.665
TNS   : 0.000

Type  : Fast Model Setup 'inst1'
Slack : 0.800
TNS   : 0.000

Type  : Fast Model Setup 'inst'
Slack : 1.181
TNS   : 0.000

Type  : Fast Model Setup 'Clk'
Slack : 2.482
TNS   : 0.000

Type  : Fast Model Hold 'Clk'
Slack : -2.102
TNS   : -2.102

Type  : Fast Model Hold 'inst'
Slack : -0.801
TNS   : -0.801

Type  : Fast Model Hold 'inst1'
Slack : -0.420
TNS   : -0.420

Type  : Fast Model Hold 'inst2'
Slack : 0.215
TNS   : 0.000

Type  : Fast Model Minimum Pulse Width 'Clk'
Slack : -1.222
TNS   : -2.222

Type  : Fast Model Minimum Pulse Width 'inst'
Slack : -0.500
TNS   : -1.000

Type  : Fast Model Minimum Pulse Width 'inst1'
Slack : -0.500
TNS   : -1.000

Type  : Fast Model Minimum Pulse Width 'inst2'
Slack : -0.500
TNS   : -1.000

------------------------------------------------------------
