TimeQuest Timing Analyzer report for lab10step3b
Wed Nov 11 19:21:48 2015
Quartus II 64-Bit Version 12.1 Build 243 01/31/2013 Service Pack 1 SJ Full Version


---------------------
; Table of Contents ;
---------------------
  1. Legal Notice
  2. TimeQuest Timing Analyzer Summary
  3. Parallel Compilation
  4. Clocks
  5. Slow Model Fmax Summary
  6. Slow Model Setup Summary
  7. Slow Model Hold Summary
  8. Slow Model Recovery Summary
  9. Slow Model Removal Summary
 10. Slow Model Minimum Pulse Width Summary
 11. Slow Model Setup: 'inst2'
 12. Slow Model Setup: 'inst1'
 13. Slow Model Setup: 'inst'
 14. Slow Model Setup: 'Clk'
 15. Slow Model Hold: 'Clk'
 16. Slow Model Hold: 'inst'
 17. Slow Model Hold: 'inst1'
 18. Slow Model Hold: 'inst2'
 19. Slow Model Minimum Pulse Width: 'Clk'
 20. Slow Model Minimum Pulse Width: 'inst'
 21. Slow Model Minimum Pulse Width: 'inst1'
 22. Slow Model Minimum Pulse Width: 'inst2'
 23. Clock to Output Times
 24. Minimum Clock to Output Times
 25. Fast Model Setup Summary
 26. Fast Model Hold Summary
 27. Fast Model Recovery Summary
 28. Fast Model Removal Summary
 29. Fast Model Minimum Pulse Width Summary
 30. Fast Model Setup: 'inst2'
 31. Fast Model Setup: 'inst1'
 32. Fast Model Setup: 'inst'
 33. Fast Model Setup: 'Clk'
 34. Fast Model Hold: 'Clk'
 35. Fast Model Hold: 'inst'
 36. Fast Model Hold: 'inst1'
 37. Fast Model Hold: 'inst2'
 38. Fast Model Minimum Pulse Width: 'Clk'
 39. Fast Model Minimum Pulse Width: 'inst'
 40. Fast Model Minimum Pulse Width: 'inst1'
 41. Fast Model Minimum Pulse Width: 'inst2'
 42. Clock to Output Times
 43. Minimum Clock to Output Times
 44. Multicorner Timing Analysis Summary
 45. Clock to Output Times
 46. Minimum Clock to Output Times
 47. Setup Transfers
 48. Hold Transfers
 49. Report TCCS
 50. Report RSKM
 51. Unconstrained Paths
 52. TimeQuest Timing Analyzer Messages



----------------
; Legal Notice ;
----------------
Copyright (C) 1991-2012 Altera Corporation
Your use of Altera Corporation's design tools, logic functions 
and other software and tools, and its AMPP partner logic 
functions, and any output files from any of the foregoing 
(including device programming or simulation files), and any 
associated documentation or information are expressly subject 
to the terms and conditions of the Altera Program License 
Subscription Agreement, Altera MegaCore Function License 
Agreement, or other applicable license agreement, including, 
without limitation, that your use is for the sole purpose of 
programming logic devices manufactured by Altera and sold by 
Altera or its authorized distributors.  Please refer to the 
applicable agreement for further details.



+---------------------------------------------------------------------------------------+
; TimeQuest Timing Analyzer Summary                                                     ;
+--------------------+------------------------------------------------------------------+
; Quartus II Version ; Version 12.1 Build 243 01/31/2013 Service Pack 1 SJ Full Version ;
; Revision Name      ; lab10step3b                                                      ;
; Device Family      ; Cyclone II                                                       ;
; Device Name        ; EP2C35F672C6                                                     ;
; Timing Models      ; Final                                                            ;
; Delay Model        ; Combined                                                         ;
; Rise/Fall Delays   ; Unavailable                                                      ;
+--------------------+------------------------------------------------------------------+


+------------------------------------------+
; Parallel Compilation                     ;
+----------------------------+-------------+
; Processors                 ; Number      ;
+----------------------------+-------------+
; Number detected on machine ; 8           ;
; Maximum allowed            ; 4           ;
;                            ;             ;
; Average used               ; 1.00        ;
; Maximum used               ; 4           ;
;                            ;             ;
; Usage by Processor         ; % Time Used ;
;     1 processor            ; 100.0%      ;
;     2-4 processors         ; < 0.1%      ;
;     5-8 processors         ;   0.0%      ;
+----------------------------+-------------+


+-----------------------------------------------------------------------------------------------------------------------------------------------------------------------------------+
; Clocks                                                                                                                                                                            ;
+------------+------+--------+------------+-------+-------+------------+-----------+-------------+-------+--------+-----------+------------+----------+--------+--------+-----------+
; Clock Name ; Type ; Period ; Frequency  ; Rise  ; Fall  ; Duty Cycle ; Divide by ; Multiply by ; Phase ; Offset ; Edge List ; Edge Shift ; Inverted ; Master ; Source ; Targets   ;
+------------+------+--------+------------+-------+-------+------------+-----------+-------------+-------+--------+-----------+------------+----------+--------+--------+-----------+
; Clk        ; Base ; 1.000  ; 1000.0 MHz ; 0.000 ; 0.500 ;            ;           ;             ;       ;        ;           ;            ;          ;        ;        ; { Clk }   ;
; inst       ; Base ; 1.000  ; 1000.0 MHz ; 0.000 ; 0.500 ;            ;           ;             ;       ;        ;           ;            ;          ;        ;        ; { inst }  ;
; inst1      ; Base ; 1.000  ; 1000.0 MHz ; 0.000 ; 0.500 ;            ;           ;             ;       ;        ;           ;            ;          ;        ;        ; { inst1 } ;
; inst2      ; Base ; 1.000  ; 1000.0 MHz ; 0.000 ; 0.500 ;            ;           ;             ;       ;        ;           ;            ;          ;        ;        ; { inst2 } ;
+------------+------+--------+------------+-------+-------+------------+-----------+-------------+-------+--------+-----------+------------+----------+--------+--------+-----------+


+----------------------------------------------------------------------------------------------------+
; Slow Model Fmax Summary                                                                            ;
+-------------+-----------------+------------+-------------------------------------------------------+
; Fmax        ; Restricted Fmax ; Clock Name ; Note                                                  ;
+-------------+-----------------+------------+-------------------------------------------------------+
; 1610.31 MHz ; 500.0 MHz       ; inst2      ; limit due to high minimum pulse width violation (tch) ;
+-------------+-----------------+------------+-------------------------------------------------------+
This panel reports FMAX for every clock in the design, regardless of the user-specified clock periods.  FMAX is only computed for paths where the source and destination registers or ports are driven by the same clock.  Paths of different clocks, including generated clocks, are ignored.  For paths between a clock and its inversion, FMAX is computed as if the rising and falling edges are scaled along with FMAX, such that the duty cycle (in terms of a percentage) is maintained. Altera recommends that you always use clock constraints and other slack reports for sign-off analysis.


+-------------------------------+
; Slow Model Setup Summary      ;
+-------+-------+---------------+
; Clock ; Slack ; End Point TNS ;
+-------+-------+---------------+
; inst2 ; 0.379 ; 0.000         ;
; inst1 ; 1.000 ; 0.000         ;
; inst  ; 1.800 ; 0.000         ;
; Clk   ; 4.157 ; 0.000         ;
+-------+-------+---------------+


+--------------------------------+
; Slow Model Hold Summary        ;
+-------+--------+---------------+
; Clock ; Slack  ; End Point TNS ;
+-------+--------+---------------+
; Clk   ; -3.887 ; -3.887        ;
; inst  ; -1.530 ; -1.530        ;
; inst1 ; -0.730 ; -0.730        ;
; inst2 ; 0.391  ; 0.000         ;
+-------+--------+---------------+


-------------------------------
; Slow Model Recovery Summary ;
-------------------------------
No paths to report.


------------------------------
; Slow Model Removal Summary ;
------------------------------
No paths to report.


+----------------------------------------+
; Slow Model Minimum Pulse Width Summary ;
+-------+--------+-----------------------+
; Clock ; Slack  ; End Point TNS         ;
+-------+--------+-----------------------+
; Clk   ; -1.222 ; -2.222                ;
; inst  ; -0.500 ; -1.000                ;
; inst1 ; -0.500 ; -1.000                ;
; inst2 ; -0.500 ; -1.000                ;
+-------+--------+-----------------------+


+---------------------------------------------------------------------------------------------------+
; Slow Model Setup: 'inst2'                                                                         ;
+-------+-----------+---------+--------------+-------------+--------------+------------+------------+
; Slack ; From Node ; To Node ; Launch Clock ; Latch Clock ; Relationship ; Clock Skew ; Data Delay ;
+-------+-----------+---------+--------------+-------------+--------------+------------+------------+
; 0.379 ; inst3     ; inst3   ; inst2        ; inst2       ; 1.000        ; 0.000      ; 0.657      ;
+-------+-----------+---------+--------------+-------------+--------------+------------+------------+


+---------------------------------------------------------------------------------------------------+
; Slow Model Setup: 'inst1'                                                                         ;
+-------+-----------+---------+--------------+-------------+--------------+------------+------------+
; Slack ; From Node ; To Node ; Launch Clock ; Latch Clock ; Relationship ; Clock Skew ; Data Delay ;
+-------+-----------+---------+--------------+-------------+--------------+------------+------------+
; 1.000 ; inst2     ; inst2   ; inst2        ; inst1       ; 0.500        ; 0.871      ; 0.657      ;
; 1.500 ; inst2     ; inst2   ; inst2        ; inst1       ; 1.000        ; 0.871      ; 0.657      ;
+-------+-----------+---------+--------------+-------------+--------------+------------+------------+


+---------------------------------------------------------------------------------------------------+
; Slow Model Setup: 'inst'                                                                          ;
+-------+-----------+---------+--------------+-------------+--------------+------------+------------+
; Slack ; From Node ; To Node ; Launch Clock ; Latch Clock ; Relationship ; Clock Skew ; Data Delay ;
+-------+-----------+---------+--------------+-------------+--------------+------------+------------+
; 1.800 ; inst1     ; inst1   ; inst1        ; inst        ; 0.500        ; 1.671      ; 0.657      ;
; 2.300 ; inst1     ; inst1   ; inst1        ; inst        ; 1.000        ; 1.671      ; 0.657      ;
+-------+-----------+---------+--------------+-------------+--------------+------------+------------+


+---------------------------------------------------------------------------------------------------+
; Slow Model Setup: 'Clk'                                                                           ;
+-------+-----------+---------+--------------+-------------+--------------+------------+------------+
; Slack ; From Node ; To Node ; Launch Clock ; Latch Clock ; Relationship ; Clock Skew ; Data Delay ;
+-------+-----------+---------+--------------+-------------+--------------+------------+------------+
; 4.157 ; inst      ; inst    ; inst         ; Clk         ; 0.500        ; 4.028      ; 0.657      ;
; 4.657 ; inst      ; inst    ; inst         ; Clk         ; 1.000        ; 4.028      ; 0.657      ;
+-------+-----------+---------+--------------+-------------+--------------+------------+------------+


+----------------------------------------------------------------------------------------------------+
; Slow Model Hold: 'Clk'                                                                             ;
+--------+-----------+---------+--------------+-------------+--------------+------------+------------+
; Slack  ; From Node ; To Node ; Launch Clock ; Latch Clock ; Relationship ; Clock Skew ; Data Delay ;
+--------+-----------+---------+--------------+-------------+--------------+------------+------------+
; -3.887 ; inst      ; inst    ; inst         ; Clk         ; 0.000        ; 4.028      ; 0.657      ;
; -3.387 ; inst      ; inst    ; inst         ; Clk         ; -0.500       ; 4.028      ; 0.657      ;
+--------+-----------+---------+--------------+-------------+--------------+------------+------------+


+----------------------------------------------------------------------------------------------------+
; Slow Model Hold: 'inst'                                                                            ;
+--------+-----------+---------+--------------+-------------+--------------+------------+------------+
; Slack  ; From Node ; To Node ; Launch Clock ; Latch Clock ; Relationship ; Clock Skew ; Data Delay ;
+--------+-----------+---------+--------------+-------------+--------------+------------+------------+
; -1.530 ; inst1     ; inst1   ; inst1        ; inst        ; 0.000        ; 1.671      ; 0.657      ;
; -1.030 ; inst1     ; inst1   ; inst1        ; inst        ; -0.500       ; 1.671      ; 0.657      ;
+--------+-----------+---------+--------------+-------------+--------------+------------+------------+


+----------------------------------------------------------------------------------------------------+
; Slow Model Hold: 'inst1'                                                                           ;
+--------+-----------+---------+--------------+-------------+--------------+------------+------------+
; Slack  ; From Node ; To Node ; Launch Clock ; Latch Clock ; Relationship ; Clock Skew ; Data Delay ;
+--------+-----------+---------+--------------+-------------+--------------+------------+------------+
; -0.730 ; inst2     ; inst2   ; inst2        ; inst1       ; 0.000        ; 0.871      ; 0.657      ;
; -0.230 ; inst2     ; inst2   ; inst2        ; inst1       ; -0.500       ; 0.871      ; 0.657      ;
+--------+-----------+---------+--------------+-------------+--------------+------------+------------+


+---------------------------------------------------------------------------------------------------+
; Slow Model Hold: 'inst2'                                                                          ;
+-------+-----------+---------+--------------+-------------+--------------+------------+------------+
; Slack ; From Node ; To Node ; Launch Clock ; Latch Clock ; Relationship ; Clock Skew ; Data Delay ;
+-------+-----------+---------+--------------+-------------+--------------+------------+------------+
; 0.391 ; inst3     ; inst3   ; inst2        ; inst2       ; 0.000        ; 0.000      ; 0.657      ;
+-------+-----------+---------+--------------+-------------+--------------+------------+------------+


+----------------------------------------------------------------------------------------------+
; Slow Model Minimum Pulse Width: 'Clk'                                                        ;
+--------+--------------+----------------+------------------+-------+------------+-------------+
; Slack  ; Actual Width ; Required Width ; Type             ; Clock ; Clock Edge ; Target      ;
+--------+--------------+----------------+------------------+-------+------------+-------------+
; -1.222 ; 1.000        ; 2.222          ; Port Rate        ; Clk   ; Rise       ; Clk         ;
; -0.500 ; 0.500        ; 1.000          ; High Pulse Width ; Clk   ; Rise       ; inst        ;
; -0.500 ; 0.500        ; 1.000          ; Low Pulse Width  ; Clk   ; Rise       ; inst        ;
; 0.500  ; 0.500        ; 0.000          ; High Pulse Width ; Clk   ; Rise       ; Clk|combout ;
; 0.500  ; 0.500        ; 0.000          ; Low Pulse Width  ; Clk   ; Rise       ; Clk|combout ;
; 0.500  ; 0.500        ; 0.000          ; High Pulse Width ; Clk   ; Rise       ; inst|clk    ;
; 0.500  ; 0.500        ; 0.000          ; Low Pulse Width  ; Clk   ; Rise       ; inst|clk    ;
+--------+--------------+----------------+------------------+-------+------------+-------------+


+----------------------------------------------------------------------------------------------+
; Slow Model Minimum Pulse Width: 'inst'                                                       ;
+--------+--------------+----------------+------------------+-------+------------+-------------+
; Slack  ; Actual Width ; Required Width ; Type             ; Clock ; Clock Edge ; Target      ;
+--------+--------------+----------------+------------------+-------+------------+-------------+
; -0.500 ; 0.500        ; 1.000          ; High Pulse Width ; inst  ; Rise       ; inst1       ;
; -0.500 ; 0.500        ; 1.000          ; Low Pulse Width  ; inst  ; Rise       ; inst1       ;
; 0.500  ; 0.500        ; 0.000          ; High Pulse Width ; inst  ; Rise       ; inst1|clk   ;
; 0.500  ; 0.500        ; 0.000          ; Low Pulse Width  ; inst  ; Rise       ; inst1|clk   ;
; 0.500  ; 0.500        ; 0.000          ; High Pulse Width ; inst  ; Rise       ; inst|regout ;
; 0.500  ; 0.500        ; 0.000          ; Low Pulse Width  ; inst  ; Rise       ; inst|regout ;
+--------+--------------+----------------+------------------+-------+------------+-------------+


+-----------------------------------------------------------------------------------------------+
; Slow Model Minimum Pulse Width: 'inst1'                                                       ;
+--------+--------------+----------------+------------------+-------+------------+--------------+
; Slack  ; Actual Width ; Required Width ; Type             ; Clock ; Clock Edge ; Target       ;
+--------+--------------+----------------+------------------+-------+------------+--------------+
; -0.500 ; 0.500        ; 1.000          ; High Pulse Width ; inst1 ; Rise       ; inst2        ;
; -0.500 ; 0.500        ; 1.000          ; Low Pulse Width  ; inst1 ; Rise       ; inst2        ;
; 0.500  ; 0.500        ; 0.000          ; High Pulse Width ; inst1 ; Rise       ; inst1|regout ;
; 0.500  ; 0.500        ; 0.000          ; Low Pulse Width  ; inst1 ; Rise       ; inst1|regout ;
; 0.500  ; 0.500        ; 0.000          ; High Pulse Width ; inst1 ; Rise       ; inst2|clk    ;
; 0.500  ; 0.500        ; 0.000          ; Low Pulse Width  ; inst1 ; Rise       ; inst2|clk    ;
+--------+--------------+----------------+------------------+-------+------------+--------------+


+-----------------------------------------------------------------------------------------------+
; Slow Model Minimum Pulse Width: 'inst2'                                                       ;
+--------+--------------+----------------+------------------+-------+------------+--------------+
; Slack  ; Actual Width ; Required Width ; Type             ; Clock ; Clock Edge ; Target       ;
+--------+--------------+----------------+------------------+-------+------------+--------------+
; -0.500 ; 0.500        ; 1.000          ; High Pulse Width ; inst2 ; Rise       ; inst3        ;
; -0.500 ; 0.500        ; 1.000          ; Low Pulse Width  ; inst2 ; Rise       ; inst3        ;
; 0.500  ; 0.500        ; 0.000          ; High Pulse Width ; inst2 ; Rise       ; inst2|regout ;
; 0.500  ; 0.500        ; 0.000          ; Low Pulse Width  ; inst2 ; Rise       ; inst2|regout ;
; 0.500  ; 0.500        ; 0.000          ; High Pulse Width ; inst2 ; Rise       ; inst3|clk    ;
; 0.500  ; 0.500        ; 0.000          ; Low Pulse Width  ; inst2 ; Rise       ; inst3|clk    ;
+--------+--------------+----------------+------------------+-------+------------+--------------+


+-----------------------------------------------------------------------+
; Clock to Output Times                                                 ;
+-----------+------------+-------+-------+------------+-----------------+
; Data Port ; Clock Port ; Rise  ; Fall  ; Clock Edge ; Clock Reference ;
+-----------+------------+-------+-------+------------+-----------------+
; A         ; inst       ; 5.195 ; 5.195 ; Rise       ; inst            ;
; B         ; inst       ; 5.156 ; 5.156 ; Rise       ; inst            ;
; C         ; inst       ;       ; 5.143 ; Rise       ; inst            ;
; D         ; inst       ; 4.942 ; 4.942 ; Rise       ; inst            ;
; E         ; inst       ; 4.943 ;       ; Rise       ; inst            ;
; F         ; inst       ; 4.931 ;       ; Rise       ; inst            ;
; G         ; inst       ; 4.934 ; 4.934 ; Rise       ; inst            ;
; A         ; inst       ; 5.195 ; 5.195 ; Fall       ; inst            ;
; B         ; inst       ; 5.156 ; 5.156 ; Fall       ; inst            ;
; C         ; inst       ; 5.143 ;       ; Fall       ; inst            ;
; D         ; inst       ; 4.942 ; 4.942 ; Fall       ; inst            ;
; E         ; inst       ;       ; 4.943 ; Fall       ; inst            ;
; F         ; inst       ;       ; 4.931 ; Fall       ; inst            ;
; G         ; inst       ; 4.934 ; 4.934 ; Fall       ; inst            ;
; A         ; inst1      ; 4.394 ; 4.394 ; Rise       ; inst1           ;
; B         ; inst1      ; 4.396 ; 4.396 ; Rise       ; inst1           ;
; C         ; inst1      ; 4.408 ;       ; Rise       ; inst1           ;
; D         ; inst1      ; 4.179 ; 4.179 ; Rise       ; inst1           ;
; E         ; inst1      ;       ; 4.181 ; Rise       ; inst1           ;
; F         ; inst1      ; 4.167 ; 4.167 ; Rise       ; inst1           ;
; G         ; inst1      ; 4.161 ; 4.161 ; Rise       ; inst1           ;
; A         ; inst1      ; 4.394 ; 4.394 ; Fall       ; inst1           ;
; B         ; inst1      ; 4.396 ; 4.396 ; Fall       ; inst1           ;
; C         ; inst1      ;       ; 4.408 ; Fall       ; inst1           ;
; D         ; inst1      ; 4.179 ; 4.179 ; Fall       ; inst1           ;
; E         ; inst1      ; 4.181 ;       ; Fall       ; inst1           ;
; F         ; inst1      ; 4.167 ; 4.167 ; Fall       ; inst1           ;
; G         ; inst1      ; 4.161 ; 4.161 ; Fall       ; inst1           ;
; A         ; inst2      ; 5.529 ; 5.529 ; Rise       ; inst2           ;
; B         ; inst2      ; 5.491 ; 5.491 ; Rise       ; inst2           ;
; C         ; inst2      ; 5.498 ; 5.498 ; Rise       ; inst2           ;
; D         ; inst2      ; 5.271 ; 5.271 ; Rise       ; inst2           ;
; E         ; inst2      ; 5.271 ; 5.271 ; Rise       ; inst2           ;
; F         ; inst2      ; 5.259 ; 5.259 ; Rise       ; inst2           ;
; G         ; inst2      ; 5.263 ; 5.263 ; Rise       ; inst2           ;
; A         ; inst2      ; 4.422 ; 4.422 ; Fall       ; inst2           ;
; B         ; inst2      ;       ; 4.388 ; Fall       ; inst2           ;
; C         ; inst2      ; 4.397 ; 4.397 ; Fall       ; inst2           ;
; D         ; inst2      ; 4.169 ; 4.169 ; Fall       ; inst2           ;
; E         ; inst2      ; 4.171 ; 4.171 ; Fall       ; inst2           ;
; F         ; inst2      ; 4.157 ; 4.157 ; Fall       ; inst2           ;
; G         ; inst2      ; 4.156 ; 4.156 ; Fall       ; inst2           ;
+-----------+------------+-------+-------+------------+-----------------+


+-----------------------------------------------------------------------+
; Minimum Clock to Output Times                                         ;
+-----------+------------+-------+-------+------------+-----------------+
; Data Port ; Clock Port ; Rise  ; Fall  ; Clock Edge ; Clock Reference ;
+-----------+------------+-------+-------+------------+-----------------+
; A         ; inst       ; 5.195 ; 5.195 ; Rise       ; inst            ;
; B         ; inst       ; 5.156 ; 5.156 ; Rise       ; inst            ;
; C         ; inst       ;       ; 5.143 ; Rise       ; inst            ;
; D         ; inst       ; 4.942 ; 4.942 ; Rise       ; inst            ;
; E         ; inst       ; 4.943 ;       ; Rise       ; inst            ;
; F         ; inst       ; 4.931 ;       ; Rise       ; inst            ;
; G         ; inst       ; 4.934 ; 4.934 ; Rise       ; inst            ;
; A         ; inst       ; 5.195 ; 5.195 ; Fall       ; inst            ;
; B         ; inst       ; 5.156 ; 5.156 ; Fall       ; inst            ;
; C         ; inst       ; 5.143 ;       ; Fall       ; inst            ;
; D         ; inst       ; 4.942 ; 4.942 ; Fall       ; inst            ;
; E         ; inst       ;       ; 4.943 ; Fall       ; inst            ;
; F         ; inst       ;       ; 4.931 ; Fall       ; inst            ;
; G         ; inst       ; 4.934 ; 4.934 ; Fall       ; inst            ;
; A         ; inst1      ; 4.394 ; 4.394 ; Rise       ; inst1           ;
; B         ; inst1      ; 4.396 ; 4.396 ; Rise       ; inst1           ;
; C         ; inst1      ; 4.408 ;       ; Rise       ; inst1           ;
; D         ; inst1      ; 4.179 ; 4.179 ; Rise       ; inst1           ;
; E         ; inst1      ;       ; 4.181 ; Rise       ; inst1           ;
; F         ; inst1      ; 4.167 ; 4.167 ; Rise       ; inst1           ;
; G         ; inst1      ; 4.161 ; 4.161 ; Rise       ; inst1           ;
; A         ; inst1      ; 4.394 ; 4.394 ; Fall       ; inst1           ;
; B         ; inst1      ; 4.396 ; 4.396 ; Fall       ; inst1           ;
; C         ; inst1      ;       ; 4.408 ; Fall       ; inst1           ;
; D         ; inst1      ; 4.179 ; 4.179 ; Fall       ; inst1           ;
; E         ; inst1      ; 4.181 ;       ; Fall       ; inst1           ;
; F         ; inst1      ; 4.167 ; 4.167 ; Fall       ; inst1           ;
; G         ; inst1      ; 4.161 ; 4.161 ; Fall       ; inst1           ;
; A         ; inst2      ; 4.422 ; 4.422 ; Rise       ; inst2           ;
; B         ; inst2      ; 4.388 ; 5.491 ; Rise       ; inst2           ;
; C         ; inst2      ; 4.397 ; 4.397 ; Rise       ; inst2           ;
; D         ; inst2      ; 4.169 ; 4.169 ; Rise       ; inst2           ;
; E         ; inst2      ; 4.171 ; 4.171 ; Rise       ; inst2           ;
; F         ; inst2      ; 4.157 ; 4.157 ; Rise       ; inst2           ;
; G         ; inst2      ; 4.156 ; 4.156 ; Rise       ; inst2           ;
; A         ; inst2      ; 4.422 ; 4.422 ; Fall       ; inst2           ;
; B         ; inst2      ;       ; 4.388 ; Fall       ; inst2           ;
; C         ; inst2      ; 4.397 ; 4.397 ; Fall       ; inst2           ;
; D         ; inst2      ; 4.169 ; 4.169 ; Fall       ; inst2           ;
; E         ; inst2      ; 4.171 ; 4.171 ; Fall       ; inst2           ;
; F         ; inst2      ; 4.157 ; 4.157 ; Fall       ; inst2           ;
; G         ; inst2      ; 4.156 ; 4.156 ; Fall       ; inst2           ;
+-----------+------------+-------+-------+------------+-----------------+


+-------------------------------+
; Fast Model Setup Summary      ;
+-------+-------+---------------+
; Clock ; Slack ; End Point TNS ;
+-------+-------+---------------+
; inst2 ; 0.665 ; 0.000         ;
; inst1 ; 0.800 ; 0.000         ;
; inst  ; 1.181 ; 0.000         ;
; Clk   ; 2.482 ; 0.000         ;
+-------+-------+---------------+


+--------------------------------+
; Fast Model Hold Summary        ;
+-------+--------+---------------+
; Clock ; Slack  ; End Point TNS ;
+-------+--------+---------------+
; Clk   ; -2.102 ; -2.102        ;
; inst  ; -0.801 ; -0.801        ;
; inst1 ; -0.420 ; -0.420        ;
; inst2 ; 0.215  ; 0.000         ;
+-------+--------+---------------+


-------------------------------
; Fast Model Recovery Summary ;
-------------------------------
No paths to report.


------------------------------
; Fast Model Removal Summary ;
------------------------------
No paths to report.


+----------------------------------------+
; Fast Model Minimum Pulse Width Summary ;
+-------+--------+-----------------------+
; Clock ; Slack  ; End Point TNS         ;
+-------+--------+-----------------------+
; Clk   ; -1.222 ; -2.222                ;
; inst  ; -0.500 ; -1.000                ;
; inst1 ; -0.500 ; -1.000                ;
; inst2 ; -0.500 ; -1.000                ;
+-------+--------+-----------------------+


+---------------------------------------------------------------------------------------------------+
; Fast Model Setup: 'inst2'                                                                         ;
+-------+-----------+---------+--------------+-------------+--------------+------------+------------+
; Slack ; From Node ; To Node ; Launch Clock ; Latch Clock ; Relationship ; Clock Skew ; Data Delay ;
+-------+-----------+---------+--------------+-------------+--------------+------------+------------+
; 0.665 ; inst3     ; inst3   ; inst2        ; inst2       ; 1.000        ; 0.000      ; 0.367      ;
+-------+-----------+---------+--------------+-------------+--------------+------------+------------+


+---------------------------------------------------------------------------------------------------+
; Fast Model Setup: 'inst1'                                                                         ;
+-------+-----------+---------+--------------+-------------+--------------+------------+------------+
; Slack ; From Node ; To Node ; Launch Clock ; Latch Clock ; Relationship ; Clock Skew ; Data Delay ;
+-------+-----------+---------+--------------+-------------+--------------+------------+------------+
; 0.800 ; inst2     ; inst2   ; inst2        ; inst1       ; 0.500        ; 0.494      ; 0.367      ;
; 1.300 ; inst2     ; inst2   ; inst2        ; inst1       ; 1.000        ; 0.494      ; 0.367      ;
+-------+-----------+---------+--------------+-------------+--------------+------------+------------+


+---------------------------------------------------------------------------------------------------+
; Fast Model Setup: 'inst'                                                                          ;
+-------+-----------+---------+--------------+-------------+--------------+------------+------------+
; Slack ; From Node ; To Node ; Launch Clock ; Latch Clock ; Relationship ; Clock Skew ; Data Delay ;
+-------+-----------+---------+--------------+-------------+--------------+------------+------------+
; 1.181 ; inst1     ; inst1   ; inst1        ; inst        ; 0.500        ; 0.875      ; 0.367      ;
; 1.681 ; inst1     ; inst1   ; inst1        ; inst        ; 1.000        ; 0.875      ; 0.367      ;
+-------+-----------+---------+--------------+-------------+--------------+------------+------------+


+---------------------------------------------------------------------------------------------------+
; Fast Model Setup: 'Clk'                                                                           ;
+-------+-----------+---------+--------------+-------------+--------------+------------+------------+
; Slack ; From Node ; To Node ; Launch Clock ; Latch Clock ; Relationship ; Clock Skew ; Data Delay ;
+-------+-----------+---------+--------------+-------------+--------------+------------+------------+
; 2.482 ; inst      ; inst    ; inst         ; Clk         ; 0.500        ; 2.176      ; 0.367      ;
; 2.982 ; inst      ; inst    ; inst         ; Clk         ; 1.000        ; 2.176      ; 0.367      ;
+-------+-----------+---------+--------------+-------------+--------------+------------+------------+


+----------------------------------------------------------------------------------------------------+
; Fast Model Hold: 'Clk'                                                                             ;
+--------+-----------+---------+--------------+-------------+--------------+------------+------------+
; Slack  ; From Node ; To Node ; Launch Clock ; Latch Clock ; Relationship ; Clock Skew ; Data Delay ;
+--------+-----------+---------+--------------+-------------+--------------+------------+------------+
; -2.102 ; inst      ; inst    ; inst         ; Clk         ; 0.000        ; 2.176      ; 0.367      ;
; -1.602 ; inst      ; inst    ; inst         ; Clk         ; -0.500       ; 2.176      ; 0.367      ;
+--------+-----------+---------+--------------+-------------+--------------+------------+------------+


+----------------------------------------------------------------------------------------------------+
; Fast Model Hold: 'inst'                                                                            ;
+--------+-----------+---------+--------------+-------------+--------------+------------+------------+
; Slack  ; From Node ; To Node ; Launch Clock ; Latch Clock ; Relationship ; Clock Skew ; Data Delay ;
+--------+-----------+---------+--------------+-------------+--------------+------------+------------+
; -0.801 ; inst1     ; inst1   ; inst1        ; inst        ; 0.000        ; 0.875      ; 0.367      ;
; -0.301 ; inst1     ; inst1   ; inst1        ; inst        ; -0.500       ; 0.875      ; 0.367      ;
+--------+-----------+---------+--------------+-------------+--------------+------------+------------+


+----------------------------------------------------------------------------------------------------+
; Fast Model Hold: 'inst1'                                                                           ;
+--------+-----------+---------+--------------+-------------+--------------+------------+------------+
; Slack  ; From Node ; To Node ; Launch Clock ; Latch Clock ; Relationship ; Clock Skew ; Data Delay ;
+--------+-----------+---------+--------------+-------------+--------------+------------+------------+
; -0.420 ; inst2     ; inst2   ; inst2        ; inst1       ; 0.000        ; 0.494      ; 0.367      ;
; 0.080  ; inst2     ; inst2   ; inst2        ; inst1       ; -0.500       ; 0.494      ; 0.367      ;
+--------+-----------+---------+--------------+-------------+--------------+------------+------------+


+---------------------------------------------------------------------------------------------------+
; Fast Model Hold: 'inst2'                                                                          ;
+-------+-----------+---------+--------------+-------------+--------------+------------+------------+
; Slack ; From Node ; To Node ; Launch Clock ; Latch Clock ; Relationship ; Clock Skew ; Data Delay ;
+-------+-----------+---------+--------------+-------------+--------------+------------+------------+
; 0.215 ; inst3     ; inst3   ; inst2        ; inst2       ; 0.000        ; 0.000      ; 0.367      ;
+-------+-----------+---------+--------------+-------------+--------------+------------+------------+


+----------------------------------------------------------------------------------------------+
; Fast Model Minimum Pulse Width: 'Clk'                                                        ;
+--------+--------------+----------------+------------------+-------+------------+-------------+
; Slack  ; Actual Width ; Required Width ; Type             ; Clock ; Clock Edge ; Target      ;
+--------+--------------+----------------+------------------+-------+------------+-------------+
; -1.222 ; 1.000        ; 2.222          ; Port Rate        ; Clk   ; Rise       ; Clk         ;
; -0.500 ; 0.500        ; 1.000          ; High Pulse Width ; Clk   ; Rise       ; inst        ;
; -0.500 ; 0.500        ; 1.000          ; Low Pulse Width  ; Clk   ; Rise       ; inst        ;
; 0.500  ; 0.500        ; 0.000          ; High Pulse Width ; Clk   ; Rise       ; Clk|combout ;
; 0.500  ; 0.500        ; 0.000          ; Low Pulse Width  ; Clk   ; Rise       ; Clk|combout ;
; 0.500  ; 0.500        ; 0.000          ; High Pulse Width ; Clk   ; Rise       ; inst|clk    ;
; 0.500  ; 0.500        ; 0.000          ; Low Pulse Width  ; Clk   ; Rise       ; inst|clk    ;
+--------+--------------+----------------+------------------+-------+------------+-------------+


+----------------------------------------------------------------------------------------------+
; Fast Model Minimum Pulse Width: 'inst'                                                       ;
+--------+--------------+----------------+------------------+-------+------------+-------------+
; Slack  ; Actual Width ; Required Width ; Type             ; Clock ; Clock Edge ; Target      ;
+--------+--------------+----------------+------------------+-------+------------+-------------+
; -0.500 ; 0.500        ; 1.000          ; High Pulse Width ; inst  ; Rise       ; inst1       ;
; -0.500 ; 0.500        ; 1.000          ; Low Pulse Width  ; inst  ; Rise       ; inst1       ;
; 0.500  ; 0.500        ; 0.000          ; High Pulse Width ; inst  ; Rise       ; inst1|clk   ;
; 0.500  ; 0.500        ; 0.000          ; Low Pulse Width  ; inst  ; Rise       ; inst1|clk   ;
; 0.500  ; 0.500        ; 0.000          ; High Pulse Width ; inst  ; Rise       ; inst|regout ;
; 0.500  ; 0.500        ; 0.000          ; Low Pulse Width  ; inst  ; Rise       ; inst|regout ;
+--------+--------------+----------------+------------------+-------+------------+-------------+


+-----------------------------------------------------------------------------------------------+
; Fast Model Minimum Pulse Width: 'inst1'                                                       ;
+--------+--------------+----------------+------------------+-------+------------+--------------+
; Slack  ; Actual Width ; Required Width ; Type             ; Clock ; Clock Edge ; Target       ;
+--------+--------------+----------------+------------------+-------+------------+--------------+
; -0.500 ; 0.500        ; 1.000          ; High Pulse Width ; inst1 ; Rise       ; inst2        ;
; -0.500 ; 0.500        ; 1.000          ; Low Pulse Width  ; inst1 ; Rise       ; inst2        ;
; 0.500  ; 0.500        ; 0.000          ; High Pulse Width ; inst1 ; Rise       ; inst1|regout ;
; 0.500  ; 0.500        ; 0.000          ; Low Pulse Width  ; inst1 ; Rise       ; inst1|regout ;
; 0.500  ; 0.500        ; 0.000          ; High Pulse Width ; inst1 ; Rise       ; inst2|clk    ;
; 0.500  ; 0.500        ; 0.000          ; Low Pulse Width  ; inst1 ; Rise       ; inst2|clk    ;
+--------+--------------+----------------+------------------+-------+------------+--------------+


+-----------------------------------------------------------------------------------------------+
; Fast Model Minimum Pulse Width: 'inst2'                                                       ;
+--------+--------------+----------------+------------------+-------+------------+--------------+
; Slack  ; Actual Width ; Required Width ; Type             ; Clock ; Clock Edge ; Target       ;
+--------+--------------+----------------+------------------+-------+------------+--------------+
; -0.500 ; 0.500        ; 1.000          ; High Pulse Width ; inst2 ; Rise       ; inst3        ;
; -0.500 ; 0.500        ; 1.000          ; Low Pulse Width  ; inst2 ; Rise       ; inst3        ;
; 0.500  ; 0.500        ; 0.000          ; High Pulse Width ; inst2 ; Rise       ; inst2|regout ;
; 0.500  ; 0.500        ; 0.000          ; Low Pulse Width  ; inst2 ; Rise       ; inst2|regout ;
; 0.500  ; 0.500        ; 0.000          ; High Pulse Width ; inst2 ; Rise       ; inst3|clk    ;
; 0.500  ; 0.500        ; 0.000          ; Low Pulse Width  ; inst2 ; Rise       ; inst3|clk    ;
+--------+--------------+----------------+------------------+-------+------------+--------------+


+-----------------------------------------------------------------------+
; Clock to Output Times                                                 ;
+-----------+------------+-------+-------+------------+-----------------+
; Data Port ; Clock Port ; Rise  ; Fall  ; Clock Edge ; Clock Reference ;
+-----------+------------+-------+-------+------------+-----------------+
; A         ; inst       ; 2.659 ; 2.659 ; Rise       ; inst            ;
; B         ; inst       ; 2.620 ; 2.620 ; Rise       ; inst            ;
; C         ; inst       ;       ; 2.627 ; Rise       ; inst            ;
; D         ; inst       ; 2.533 ; 2.533 ; Rise       ; inst            ;
; E         ; inst       ; 2.536 ;       ; Rise       ; inst            ;
; F         ; inst       ; 2.524 ;       ; Rise       ; inst            ;
; G         ; inst       ; 2.521 ; 2.521 ; Rise       ; inst            ;
; A         ; inst       ; 2.659 ; 2.659 ; Fall       ; inst            ;
; B         ; inst       ; 2.620 ; 2.620 ; Fall       ; inst            ;
; C         ; inst       ; 2.627 ;       ; Fall       ; inst            ;
; D         ; inst       ; 2.533 ; 2.533 ; Fall       ; inst            ;
; E         ; inst       ;       ; 2.536 ; Fall       ; inst            ;
; F         ; inst       ;       ; 2.524 ; Fall       ; inst            ;
; G         ; inst       ; 2.521 ; 2.521 ; Fall       ; inst            ;
; A         ; inst1      ; 2.284 ; 2.284 ; Rise       ; inst1           ;
; B         ; inst1      ; 2.254 ; 2.254 ; Rise       ; inst1           ;
; C         ; inst1      ; 2.264 ;       ; Rise       ; inst1           ;
; D         ; inst1      ; 2.174 ; 2.174 ; Rise       ; inst1           ;
; E         ; inst1      ;       ; 2.168 ; Rise       ; inst1           ;
; F         ; inst1      ; 2.155 ; 2.155 ; Rise       ; inst1           ;
; G         ; inst1      ; 2.151 ; 2.151 ; Rise       ; inst1           ;
; A         ; inst1      ; 2.284 ; 2.284 ; Fall       ; inst1           ;
; B         ; inst1      ; 2.254 ; 2.254 ; Fall       ; inst1           ;
; C         ; inst1      ;       ; 2.264 ; Fall       ; inst1           ;
; D         ; inst1      ; 2.174 ; 2.174 ; Fall       ; inst1           ;
; E         ; inst1      ; 2.168 ;       ; Fall       ; inst1           ;
; F         ; inst1      ; 2.155 ; 2.155 ; Fall       ; inst1           ;
; G         ; inst1      ; 2.151 ; 2.151 ; Fall       ; inst1           ;
; A         ; inst2      ; 2.925 ; 2.925 ; Rise       ; inst2           ;
; B         ; inst2      ; 2.890 ; 2.890 ; Rise       ; inst2           ;
; C         ; inst2      ; 2.897 ; 2.897 ; Rise       ; inst2           ;
; D         ; inst2      ; 2.799 ; 2.799 ; Rise       ; inst2           ;
; E         ; inst2      ; 2.802 ; 2.802 ; Rise       ; inst2           ;
; F         ; inst2      ; 2.788 ; 2.788 ; Rise       ; inst2           ;
; G         ; inst2      ; 2.793 ; 2.793 ; Rise       ; inst2           ;
; A         ; inst2      ; 2.296 ; 2.296 ; Fall       ; inst2           ;
; B         ; inst2      ;       ; 2.262 ; Fall       ; inst2           ;
; C         ; inst2      ; 2.276 ; 2.276 ; Fall       ; inst2           ;
; D         ; inst2      ; 2.175 ; 2.175 ; Fall       ; inst2           ;
; E         ; inst2      ; 2.177 ; 2.177 ; Fall       ; inst2           ;
; F         ; inst2      ; 2.167 ; 2.167 ; Fall       ; inst2           ;
; G         ; inst2      ; 2.163 ; 2.163 ; Fall       ; inst2           ;
+-----------+------------+-------+-------+------------+-----------------+


+-----------------------------------------------------------------------+
; Minimum Clock to Output Times                                         ;
+-----------+------------+-------+-------+------------+-----------------+
; Data Port ; Clock Port ; Rise  ; Fall  ; Clock Edge ; Clock Reference ;
+-----------+------------+-------+-------+------------+-----------------+
; A         ; inst       ; 2.659 ; 2.659 ; Rise       ; inst            ;
; B         ; inst       ; 2.620 ; 2.620 ; Rise       ; inst            ;
; C         ; inst       ;       ; 2.627 ; Rise       ; inst            ;
; D         ; inst       ; 2.533 ; 2.533 ; Rise       ; inst            ;
; E         ; inst       ; 2.536 ;       ; Rise       ; inst            ;
; F         ; inst       ; 2.524 ;       ; Rise       ; inst            ;
; G         ; inst       ; 2.521 ; 2.521 ; Rise       ; inst            ;
; A         ; inst       ; 2.659 ; 2.659 ; Fall       ; inst            ;
; B         ; inst       ; 2.620 ; 2.620 ; Fall       ; inst            ;
; C         ; inst       ; 2.627 ;       ; Fall       ; inst            ;
; D         ; inst       ; 2.533 ; 2.533 ; Fall       ; inst            ;
; E         ; inst       ;       ; 2.536 ; Fall       ; inst            ;
; F         ; inst       ;       ; 2.524 ; Fall       ; inst            ;
; G         ; inst       ; 2.521 ; 2.521 ; Fall       ; inst            ;
; A         ; inst1      ; 2.284 ; 2.284 ; Rise       ; inst1           ;
; B         ; inst1      ; 2.254 ; 2.254 ; Rise       ; inst1           ;
; C         ; inst1      ; 2.264 ;       ; Rise       ; inst1           ;
; D         ; inst1      ; 2.174 ; 2.174 ; Rise       ; inst1           ;
; E         ; inst1      ;       ; 2.168 ; Rise       ; inst1           ;
; F         ; inst1      ; 2.155 ; 2.155 ; Rise       ; inst1           ;
; G         ; inst1      ; 2.151 ; 2.151 ; Rise       ; inst1           ;
; A         ; inst1      ; 2.284 ; 2.284 ; Fall       ; inst1           ;
; B         ; inst1      ; 2.254 ; 2.254 ; Fall       ; inst1           ;
; C         ; inst1      ;       ; 2.264 ; Fall       ; inst1           ;
; D         ; inst1      ; 2.174 ; 2.174 ; Fall       ; inst1           ;
; E         ; inst1      ; 2.168 ;       ; Fall       ; inst1           ;
; F         ; inst1      ; 2.155 ; 2.155 ; Fall       ; inst1           ;
; G         ; inst1      ; 2.151 ; 2.151 ; Fall       ; inst1           ;
; A         ; inst2      ; 2.296 ; 2.296 ; Rise       ; inst2           ;
; B         ; inst2      ; 2.262 ; 2.890 ; Rise       ; inst2           ;
; C         ; inst2      ; 2.276 ; 2.276 ; Rise       ; inst2           ;
; D         ; inst2      ; 2.175 ; 2.175 ; Rise       ; inst2           ;
; E         ; inst2      ; 2.177 ; 2.177 ; Rise       ; inst2           ;
; F         ; inst2      ; 2.167 ; 2.167 ; Rise       ; inst2           ;
; G         ; inst2      ; 2.163 ; 2.163 ; Rise       ; inst2           ;
; A         ; inst2      ; 2.296 ; 2.296 ; Fall       ; inst2           ;
; B         ; inst2      ;       ; 2.262 ; Fall       ; inst2           ;
; C         ; inst2      ; 2.276 ; 2.276 ; Fall       ; inst2           ;
; D         ; inst2      ; 2.175 ; 2.175 ; Fall       ; inst2           ;
; E         ; inst2      ; 2.177 ; 2.177 ; Fall       ; inst2           ;
; F         ; inst2      ; 2.167 ; 2.167 ; Fall       ; inst2           ;
; G         ; inst2      ; 2.163 ; 2.163 ; Fall       ; inst2           ;
+-----------+------------+-------+-------+------------+-----------------+


+------------------------------------------------------------------------------+
; Multicorner Timing Analysis Summary                                          ;
+------------------+-------+--------+----------+---------+---------------------+
; Clock            ; Setup ; Hold   ; Recovery ; Removal ; Minimum Pulse Width ;
+------------------+-------+--------+----------+---------+---------------------+
; Worst-case Slack ; 0.379 ; -3.887 ; N/A      ; N/A     ; -1.222              ;
;  Clk             ; 2.482 ; -3.887 ; N/A      ; N/A     ; -1.222              ;
;  inst            ; 1.181 ; -1.530 ; N/A      ; N/A     ; -0.500              ;
;  inst1           ; 0.800 ; -0.730 ; N/A      ; N/A     ; -0.500              ;
;  inst2           ; 0.379 ; 0.215  ; N/A      ; N/A     ; -0.500              ;
; Design-wide TNS  ; 0.0   ; -6.147 ; 0.0      ; 0.0     ; -5.222              ;
;  Clk             ; 0.000 ; -3.887 ; N/A      ; N/A     ; -2.222              ;
;  inst            ; 0.000 ; -1.530 ; N/A      ; N/A     ; -1.000              ;
;  inst1           ; 0.000 ; -0.730 ; N/A      ; N/A     ; -1.000              ;
;  inst2           ; 0.000 ; 0.000  ; N/A      ; N/A     ; -1.000              ;
+------------------+-------+--------+----------+---------+---------------------+


+-----------------------------------------------------------------------+
; Clock to Output Times                                                 ;
+-----------+------------+-------+-------+------------+-----------------+
; Data Port ; Clock Port ; Rise  ; Fall  ; Clock Edge ; Clock Reference ;
+-----------+------------+-------+-------+------------+-----------------+
; A         ; inst       ; 5.195 ; 5.195 ; Rise       ; inst            ;
; B         ; inst       ; 5.156 ; 5.156 ; Rise       ; inst            ;
; C         ; inst       ;       ; 5.143 ; Rise       ; inst            ;
; D         ; inst       ; 4.942 ; 4.942 ; Rise       ; inst            ;
; E         ; inst       ; 4.943 ;       ; Rise       ; inst            ;
; F         ; inst       ; 4.931 ;       ; Rise       ; inst            ;
; G         ; inst       ; 4.934 ; 4.934 ; Rise       ; inst            ;
; A         ; inst       ; 5.195 ; 5.195 ; Fall       ; inst            ;
; B         ; inst       ; 5.156 ; 5.156 ; Fall       ; inst            ;
; C         ; inst       ; 5.143 ;       ; Fall       ; inst            ;
; D         ; inst       ; 4.942 ; 4.942 ; Fall       ; inst            ;
; E         ; inst       ;       ; 4.943 ; Fall       ; inst            ;
; F         ; inst       ;       ; 4.931 ; Fall       ; inst            ;
; G         ; inst       ; 4.934 ; 4.934 ; Fall       ; inst            ;
; A         ; inst1      ; 4.394 ; 4.394 ; Rise       ; inst1           ;
; B         ; inst1      ; 4.396 ; 4.396 ; Rise       ; inst1           ;
; C         ; inst1      ; 4.408 ;       ; Rise       ; inst1           ;
; D         ; inst1      ; 4.179 ; 4.179 ; Rise       ; inst1           ;
; E         ; inst1      ;       ; 4.181 ; Rise       ; inst1           ;
; F         ; inst1      ; 4.167 ; 4.167 ; Rise       ; inst1           ;
; G         ; inst1      ; 4.161 ; 4.161 ; Rise       ; inst1           ;
; A         ; inst1      ; 4.394 ; 4.394 ; Fall       ; inst1           ;
; B         ; inst1      ; 4.396 ; 4.396 ; Fall       ; inst1           ;
; C         ; inst1      ;       ; 4.408 ; Fall       ; inst1           ;
; D         ; inst1      ; 4.179 ; 4.179 ; Fall       ; inst1           ;
; E         ; inst1      ; 4.181 ;       ; Fall       ; inst1           ;
; F         ; inst1      ; 4.167 ; 4.167 ; Fall       ; inst1           ;
; G         ; inst1      ; 4.161 ; 4.161 ; Fall       ; inst1           ;
; A         ; inst2      ; 5.529 ; 5.529 ; Rise       ; inst2           ;
; B         ; inst2      ; 5.491 ; 5.491 ; Rise       ; inst2           ;
; C         ; inst2      ; 5.498 ; 5.498 ; Rise       ; inst2           ;
; D         ; inst2      ; 5.271 ; 5.271 ; Rise       ; inst2           ;
; E         ; inst2      ; 5.271 ; 5.271 ; Rise       ; inst2           ;
; F         ; inst2      ; 5.259 ; 5.259 ; Rise       ; inst2           ;
; G         ; inst2      ; 5.263 ; 5.263 ; Rise       ; inst2           ;
; A         ; inst2      ; 4.422 ; 4.422 ; Fall       ; inst2           ;
; B         ; inst2      ;       ; 4.388 ; Fall       ; inst2           ;
; C         ; inst2      ; 4.397 ; 4.397 ; Fall       ; inst2           ;
; D         ; inst2      ; 4.169 ; 4.169 ; Fall       ; inst2           ;
; E         ; inst2      ; 4.171 ; 4.171 ; Fall       ; inst2           ;
; F         ; inst2      ; 4.157 ; 4.157 ; Fall       ; inst2           ;
; G         ; inst2      ; 4.156 ; 4.156 ; Fall       ; inst2           ;
+-----------+------------+-------+-------+------------+-----------------+


+-----------------------------------------------------------------------+
; Minimum Clock to Output Times                                         ;
+-----------+------------+-------+-------+------------+-----------------+
; Data Port ; Clock Port ; Rise  ; Fall  ; Clock Edge ; Clock Reference ;
+-----------+------------+-------+-------+------------+-----------------+
; A         ; inst       ; 2.659 ; 2.659 ; Rise       ; inst            ;
; B         ; inst       ; 2.620 ; 2.620 ; Rise       ; inst            ;
; C         ; inst       ;       ; 2.627 ; Rise       ; inst            ;
; D         ; inst       ; 2.533 ; 2.533 ; Rise       ; inst            ;
; E         ; inst       ; 2.536 ;       ; Rise       ; inst            ;
; F         ; inst       ; 2.524 ;       ; Rise       ; inst            ;
; G         ; inst       ; 2.521 ; 2.521 ; Rise       ; inst            ;
; A         ; inst       ; 2.659 ; 2.659 ; Fall       ; inst            ;
; B         ; inst       ; 2.620 ; 2.620 ; Fall       ; inst            ;
; C         ; inst       ; 2.627 ;       ; Fall       ; inst            ;
; D         ; inst       ; 2.533 ; 2.533 ; Fall       ; inst            ;
; E         ; inst       ;       ; 2.536 ; Fall       ; inst            ;
; F         ; inst       ;       ; 2.524 ; Fall       ; inst            ;
; G         ; inst       ; 2.521 ; 2.521 ; Fall       ; inst            ;
; A         ; inst1      ; 2.284 ; 2.284 ; Rise       ; inst1           ;
; B         ; inst1      ; 2.254 ; 2.254 ; Rise       ; inst1           ;
; C         ; inst1      ; 2.264 ;       ; Rise       ; inst1           ;
; D         ; inst1      ; 2.174 ; 2.174 ; Rise       ; inst1           ;
; E         ; inst1      ;       ; 2.168 ; Rise       ; inst1           ;
; F         ; inst1      ; 2.155 ; 2.155 ; Rise       ; inst1           ;
; G         ; inst1      ; 2.151 ; 2.151 ; Rise       ; inst1           ;
; A         ; inst1      ; 2.284 ; 2.284 ; Fall       ; inst1           ;
; B         ; inst1      ; 2.254 ; 2.254 ; Fall       ; inst1           ;
; C         ; inst1      ;       ; 2.264 ; Fall       ; inst1           ;
; D         ; inst1      ; 2.174 ; 2.174 ; Fall       ; inst1           ;
; E         ; inst1      ; 2.168 ;       ; Fall       ; inst1           ;
; F         ; inst1      ; 2.155 ; 2.155 ; Fall       ; inst1           ;
; G         ; inst1      ; 2.151 ; 2.151 ; Fall       ; inst1           ;
; A         ; inst2      ; 2.296 ; 2.296 ; Rise       ; inst2           ;
; B         ; inst2      ; 2.262 ; 2.890 ; Rise       ; inst2           ;
; C         ; inst2      ; 2.276 ; 2.276 ; Rise       ; inst2           ;
; D         ; inst2      ; 2.175 ; 2.175 ; Rise       ; inst2           ;
; E         ; inst2      ; 2.177 ; 2.177 ; Rise       ; inst2           ;
; F         ; inst2      ; 2.167 ; 2.167 ; Rise       ; inst2           ;
; G         ; inst2      ; 2.163 ; 2.163 ; Rise       ; inst2           ;
; A         ; inst2      ; 2.296 ; 2.296 ; Fall       ; inst2           ;
; B         ; inst2      ;       ; 2.262 ; Fall       ; inst2           ;
; C         ; inst2      ; 2.276 ; 2.276 ; Fall       ; inst2           ;
; D         ; inst2      ; 2.175 ; 2.175 ; Fall       ; inst2           ;
; E         ; inst2      ; 2.177 ; 2.177 ; Fall       ; inst2           ;
; F         ; inst2      ; 2.167 ; 2.167 ; Fall       ; inst2           ;
; G         ; inst2      ; 2.163 ; 2.163 ; Fall       ; inst2           ;
+-----------+------------+-------+-------+------------+-----------------+


+-------------------------------------------------------------------+
; Setup Transfers                                                   ;
+------------+----------+----------+----------+----------+----------+
; From Clock ; To Clock ; RR Paths ; FR Paths ; RF Paths ; FF Paths ;
+------------+----------+----------+----------+----------+----------+
; inst       ; Clk      ; 1        ; 1        ; 0        ; 0        ;
; inst1      ; inst     ; 1        ; 1        ; 0        ; 0        ;
; inst2      ; inst1    ; 1        ; 1        ; 0        ; 0        ;
; inst2      ; inst2    ; 1        ; 0        ; 0        ; 0        ;
+------------+----------+----------+----------+----------+----------+
Entries labeled "false path" only account for clock-to-clock false paths and not path-based false paths. As a result, actual path counts may be lower than reported.


+-------------------------------------------------------------------+
; Hold Transfers                                                    ;
+------------+----------+----------+----------+----------+----------+
; From Clock ; To Clock ; RR Paths ; FR Paths ; RF Paths ; FF Paths ;
+------------+----------+----------+----------+----------+----------+
; inst       ; Clk      ; 1        ; 1        ; 0        ; 0        ;
; inst1      ; inst     ; 1        ; 1        ; 0        ; 0        ;
; inst2      ; inst1    ; 1        ; 1        ; 0        ; 0        ;
; inst2      ; inst2    ; 1        ; 0        ; 0        ; 0        ;
+------------+----------+----------+----------+----------+----------+
Entries labeled "false path" only account for clock-to-clock false paths and not path-based false paths. As a result, actual path counts may be lower than reported.


---------------
; Report TCCS ;
---------------
No dedicated SERDES Transmitter circuitry present in device or used in design


---------------
; Report RSKM ;
---------------
No dedicated SERDES Receiver circuitry present in device or used in design


+------------------------------------------------+
; Unconstrained Paths                            ;
+---------------------------------+-------+------+
; Property                        ; Setup ; Hold ;
+---------------------------------+-------+------+
; Illegal Clocks                  ; 0     ; 0    ;
; Unconstrained Clocks            ; 0     ; 0    ;
; Unconstrained Input Ports       ; 0     ; 0    ;
; Unconstrained Input Port Paths  ; 0     ; 0    ;
; Unconstrained Output Ports      ; 7     ; 7    ;
; Unconstrained Output Port Paths ; 28    ; 28   ;
+---------------------------------+-------+------+


+------------------------------------+
; TimeQuest Timing Analyzer Messages ;
+------------------------------------+
Info: *******************************************************************
Info: Running Quartus II 64-Bit TimeQuest Timing Analyzer
    Info: Version 12.1 Build 243 01/31/2013 Service Pack 1 SJ Full Version
    Info: Processing started: Wed Nov 11 19:21:45 2015
Info: Command: quartus_sta lab10step3b -c lab10step3b
Info: qsta_default_script.tcl version: #1
Info (11104): Parallel Compilation has detected 8 hyper-threaded processors. However, the extra hyper-threaded processors will not be used by default. Parallel Compilation will use 4 of the 4 physical processors detected instead.
Info (21077): Low junction temperature is 0 degrees C
Info (21077): High junction temperature is 85 degrees C
Critical Warning (332012): Synopsys Design Constraints File file not found: 'lab10step3b.sdc'. A Synopsys Design Constraints File is required by the TimeQuest Timing Analyzer to get proper timing constraints. Without it, the Compiler will not properly optimize the design.
Info (332142): No user constrained base clocks found in the design. Calling "derive_clocks -period 1.0"
Info (332105): Deriving Clocks
    Info (332105): create_clock -period 1.000 -name Clk Clk
    Info (332105): create_clock -period 1.000 -name inst inst
    Info (332105): create_clock -period 1.000 -name inst1 inst1
    Info (332105): create_clock -period 1.000 -name inst2 inst2
Info: Found TIMEQUEST_REPORT_SCRIPT_INCLUDE_DEFAULT_ANALYSIS = ON
Info: Analyzing Slow Model
Info (332146): Worst-case setup slack is 0.379
    Info (332119):     Slack End Point TNS Clock 
    Info (332119): ========= ============= =====================
    Info (332119):     0.379         0.000 inst2 
    Info (332119):     1.000         0.000 inst1 
    Info (332119):     1.800         0.000 inst 
    Info (332119):     4.157         0.000 Clk 
Critical Warning (332148): Timing requirements not met
Info (332146): Worst-case hold slack is -3.887
    Info (332119):     Slack End Point TNS Clock 
    Info (332119): ========= ============= =====================
    Info (332119):    -3.887        -3.887 Clk 
    Info (332119):    -1.530        -1.530 inst 
    Info (332119):    -0.730        -0.730 inst1 
    Info (332119):     0.391         0.000 inst2 
Info (332140): No Recovery paths to report
Info (332140): No Removal paths to report
Info (332146): Worst-case minimum pulse width slack is -1.222
    Info (332119):     Slack End Point TNS Clock 
    Info (332119): ========= ============= =====================
    Info (332119):    -1.222        -2.222 Clk 
    Info (332119):    -0.500        -1.000 inst 
    Info (332119):    -0.500        -1.000 inst1 
    Info (332119):    -0.500        -1.000 inst2 
Info (332001): The selected device family is not supported by the report_metastability command.
Info: Analyzing Fast Model
Info (332146): Worst-case setup slack is 0.665
    Info (332119):     Slack End Point TNS Clock 
    Info (332119): ========= ============= =====================
    Info (332119):     0.665         0.000 inst2 
    Info (332119):     0.800         0.000 inst1 
    Info (332119):     1.181         0.000 inst 
    Info (332119):     2.482         0.000 Clk 
Critical Warning (332148): Timing requirements not met
Info (332146): Worst-case hold slack is -2.102
    Info (332119):     Slack End Point TNS Clock 
    Info (332119): ========= ============= =====================
    Info (332119):    -2.102        -2.102 Clk 
    Info (332119):    -0.801        -0.801 inst 
    Info (332119):    -0.420        -0.420 inst1 
    Info (332119):     0.215         0.000 inst2 
Info (332140): No Recovery paths to report
Info (332140): No Removal paths to report
Info (332146): Worst-case minimum pulse width slack is -1.222
    Info (332119):     Slack End Point TNS Clock 
    Info (332119): ========= ============= =====================
    Info (332119):    -1.222        -2.222 Clk 
    Info (332119):    -0.500        -1.000 inst 
    Info (332119):    -0.500        -1.000 inst1 
    Info (332119):    -0.500        -1.000 inst2 
Info (332001): The selected device family is not supported by the report_metastability command.
Info (332102): Design is not fully constrained for setup requirements
Info (332102): Design is not fully constrained for hold requirements
Info: Quartus II 64-Bit TimeQuest Timing Analyzer was successful. 0 errors, 3 warnings
    Info: Peak virtual memory: 614 megabytes
    Info: Processing ended: Wed Nov 11 19:21:48 2015
    Info: Elapsed time: 00:00:03
    Info: Total CPU time (on all processors): 00:00:01


