------------------------------------------------------------
TimeQuest Timing Analyzer Summary
------------------------------------------------------------

Type  : Slow Model Setup 'clock_generator:inst4|clock_divider_1024:inst101|inst10'
Slack : -0.765
TNS   : -4.294

Type  : Slow Model Setup 'clk'
Slack : -0.764
TNS   : -3.739

Type  : Slow Model Setup 'clock_generator:inst4|clock_divider_1024:inst102|inst10'
Slack : -0.447
TNS   : -1.596

Type  : Slow Model Setup 'clock_generator:inst4|inst7'
Slack : 0.250
TNS   : 0.000

Type  : Slow Model Hold 'clk'
Slack : -2.558
TNS   : -2.558

Type  : Slow Model Hold 'clock_generator:inst4|clock_divider_1024:inst102|inst10'
Slack : -2.184
TNS   : -2.184

Type  : Slow Model Hold 'clock_generator:inst4|clock_divider_1024:inst101|inst10'
Slack : -2.150
TNS   : -2.150

Type  : Slow Model Hold 'clock_generator:inst4|inst7'
Slack : 0.391
TNS   : 0.000

Type  : Slow Model Minimum Pulse Width 'clk'
Slack : -1.380
TNS   : -11.380

Type  : Slow Model Minimum Pulse Width 'clock_generator:inst4|clock_divider_1024:inst101|inst10'
Slack : -0.500
TNS   : -10.000

Type  : Slow Model Minimum Pulse Width 'clock_generator:inst4|clock_divider_1024:inst102|inst10'
Slack : -0.500
TNS   : -7.000

Type  : Slow Model Minimum Pulse Width 'clock_generator:inst4|inst7'
Slack : -0.500
TNS   : -2.000

Type  : Fast Model Setup 'clk'
Slack : 0.181
TNS   : 0.000

Type  : Fast Model Setup 'clock_generator:inst4|clock_divider_1024:inst101|inst10'
Slack : 0.205
TNS   : 0.000

Type  : Fast Model Setup 'clock_generator:inst4|clock_divider_1024:inst102|inst10'
Slack : 0.329
TNS   : 0.000

Type  : Fast Model Setup 'clock_generator:inst4|inst7'
Slack : 0.643
TNS   : 0.000

Type  : Fast Model Hold 'clk'
Slack : -1.599
TNS   : -1.599

Type  : Fast Model Hold 'clock_generator:inst4|clock_divider_1024:inst102|inst10'
Slack : -1.345
TNS   : -1.345

Type  : Fast Model Hold 'clock_generator:inst4|clock_divider_1024:inst101|inst10'
Slack : -1.319
TNS   : -1.319

Type  : Fast Model Hold 'clock_generator:inst4|inst7'
Slack : 0.215
TNS   : 0.000

Type  : Fast Model Minimum Pulse Width 'clk'
Slack : -1.380
TNS   : -11.380

Type  : Fast Model Minimum Pulse Width 'clock_generator:inst4|clock_divider_1024:inst101|inst10'
Slack : -0.500
TNS   : -10.000

Type  : Fast Model Minimum Pulse Width 'clock_generator:inst4|clock_divider_1024:inst102|inst10'
Slack : -0.500
TNS   : -7.000

Type  : Fast Model Minimum Pulse Width 'clock_generator:inst4|inst7'
Slack : -0.500
TNS   : -2.000

------------------------------------------------------------
