TimeQuest Timing Analyzer report for lab5step1
Wed Oct  7 18:35:28 2015
Quartus II 64-Bit Version 12.1 Build 243 01/31/2013 Service Pack 1 SJ Full Version


---------------------
; Table of Contents ;
---------------------
  1. Legal Notice
  2. TimeQuest Timing Analyzer Summary
  3. Parallel Compilation
  4. Clocks
  5. Slow Model Fmax Summary
  6. Slow Model Setup Summary
  7. Slow Model Hold Summary
  8. Slow Model Recovery Summary
  9. Slow Model Removal Summary
 10. Slow Model Minimum Pulse Width Summary
 11. Propagation Delay
 12. Minimum Propagation Delay
 13. Fast Model Setup Summary
 14. Fast Model Hold Summary
 15. Fast Model Recovery Summary
 16. Fast Model Removal Summary
 17. Fast Model Minimum Pulse Width Summary
 18. Propagation Delay
 19. Minimum Propagation Delay
 20. Multicorner Timing Analysis Summary
 21. Progagation Delay
 22. Minimum Progagation Delay
 23. Clock Transfers
 24. Report TCCS
 25. Report RSKM
 26. Unconstrained Paths
 27. TimeQuest Timing Analyzer Messages



----------------
; Legal Notice ;
----------------
Copyright (C) 1991-2012 Altera Corporation
Your use of Altera Corporation's design tools, logic functions 
and other software and tools, and its AMPP partner logic 
functions, and any output files from any of the foregoing 
(including device programming or simulation files), and any 
associated documentation or information are expressly subject 
to the terms and conditions of the Altera Program License 
Subscription Agreement, Altera MegaCore Function License 
Agreement, or other applicable license agreement, including, 
without limitation, that your use is for the sole purpose of 
programming logic devices manufactured by Altera and sold by 
Altera or its authorized distributors.  Please refer to the 
applicable agreement for further details.



+---------------------------------------------------------------------------------------+
; TimeQuest Timing Analyzer Summary                                                     ;
+--------------------+------------------------------------------------------------------+
; Quartus II Version ; Version 12.1 Build 243 01/31/2013 Service Pack 1 SJ Full Version ;
; Revision Name      ; lab5step1                                                        ;
; Device Family      ; Cyclone II                                                       ;
; Device Name        ; EP2C35F672C6                                                     ;
; Timing Models      ; Final                                                            ;
; Delay Model        ; Combined                                                         ;
; Rise/Fall Delays   ; Unavailable                                                      ;
+--------------------+------------------------------------------------------------------+


+------------------------------------------+
; Parallel Compilation                     ;
+----------------------------+-------------+
; Processors                 ; Number      ;
+----------------------------+-------------+
; Number detected on machine ; 8           ;
; Maximum allowed            ; 4           ;
;                            ;             ;
; Average used               ; 1.00        ;
; Maximum used               ; 1           ;
;                            ;             ;
; Usage by Processor         ; % Time Used ;
;     1 processor            ; 100.0%      ;
;     2-8 processors         ;   0.0%      ;
+----------------------------+-------------+


----------
; Clocks ;
----------
No clocks to report.


---------------------------
; Slow Model Fmax Summary ;
---------------------------
No paths to report.


----------------------------
; Slow Model Setup Summary ;
----------------------------
No paths to report.


---------------------------
; Slow Model Hold Summary ;
---------------------------
No paths to report.


-------------------------------
; Slow Model Recovery Summary ;
-------------------------------
No paths to report.


------------------------------
; Slow Model Removal Summary ;
------------------------------
No paths to report.


------------------------------------------
; Slow Model Minimum Pulse Width Summary ;
------------------------------------------
No paths to report.


+--------------------------------------------------------------+
; Propagation Delay                                            ;
+------------+-------------+--------+--------+--------+--------+
; Input Port ; Output Port ; RR     ; RF     ; FR     ; FF     ;
+------------+-------------+--------+--------+--------+--------+
; W          ; A           ; 9.511  ; 9.511  ; 9.511  ; 9.511  ;
; W          ; B           ; 9.510  ; 9.510  ; 9.510  ; 9.510  ;
; W          ; C           ; 9.477  ; 9.477  ; 9.477  ; 9.477  ;
; W          ; D           ; 9.501  ; 9.501  ; 9.501  ; 9.501  ;
; W          ; E           ;        ; 9.489  ; 9.489  ;        ;
; W          ; F           ; 9.797  ; 9.797  ; 9.797  ; 9.797  ;
; W          ; G           ; 9.806  ; 9.806  ; 9.806  ; 9.806  ;
; W0         ; A0          ; 9.701  ; 9.701  ; 9.701  ; 9.701  ;
; W0         ; B0          ; 9.814  ; 9.814  ; 9.814  ; 9.814  ;
; W0         ; C0          ; 9.822  ; 9.822  ; 9.822  ; 9.822  ;
; W0         ; D0          ; 10.117 ; 10.117 ; 10.117 ; 10.117 ;
; W0         ; E0          ;        ; 10.133 ; 10.133 ;        ;
; W0         ; F0          ; 10.114 ; 10.114 ; 10.114 ; 10.114 ;
; W0         ; G0          ; 10.132 ; 10.132 ; 10.132 ; 10.132 ;
; W1         ; A1          ; 7.103  ; 7.103  ; 7.103  ; 7.103  ;
; W1         ; B1          ; 7.181  ; 7.181  ; 7.181  ; 7.181  ;
; W1         ; C1          ; 7.182  ; 7.182  ; 7.182  ; 7.182  ;
; W1         ; D1          ; 6.915  ; 6.915  ; 6.915  ; 6.915  ;
; W1         ; E1          ;        ; 6.907  ; 6.907  ;        ;
; W1         ; F1          ; 6.910  ; 6.910  ; 6.910  ; 6.910  ;
; W1         ; G1          ; 7.174  ; 7.174  ; 7.174  ; 7.174  ;
; W2         ; A2          ; 6.443  ; 6.443  ; 6.443  ; 6.443  ;
; W2         ; B2          ; 6.480  ; 6.480  ; 6.480  ; 6.480  ;
; W2         ; C2          ; 6.481  ; 6.481  ; 6.481  ; 6.481  ;
; W2         ; D2          ; 6.745  ; 6.745  ; 6.745  ; 6.745  ;
; W2         ; E2          ;        ; 6.747  ; 6.747  ;        ;
; W2         ; F2          ; 6.742  ; 6.742  ; 6.742  ; 6.742  ;
; W2         ; G2          ; 6.780  ; 6.780  ; 6.780  ; 6.780  ;
; X          ; A           ; 9.787  ; 9.787  ; 9.787  ; 9.787  ;
; X          ; B           ; 9.791  ;        ;        ; 9.791  ;
; X          ; C           ; 9.731  ; 9.731  ; 9.731  ; 9.731  ;
; X          ; D           ; 9.777  ; 9.777  ; 9.777  ; 9.777  ;
; X          ; E           ; 9.764  ; 9.764  ; 9.764  ; 9.764  ;
; X          ; F           ; 10.071 ; 10.071 ; 10.071 ; 10.071 ;
; X          ; G           ; 10.083 ; 10.083 ; 10.083 ; 10.083 ;
; X0         ; A0          ; 5.133  ; 5.133  ; 5.133  ; 5.133  ;
; X0         ; B0          ; 5.247  ;        ;        ; 5.247  ;
; X0         ; C0          ; 5.256  ; 5.256  ; 5.256  ; 5.256  ;
; X0         ; D0          ; 5.573  ; 5.573  ; 5.573  ; 5.573  ;
; X0         ; E0          ; 5.579  ; 5.579  ; 5.579  ; 5.579  ;
; X0         ; F0          ; 5.559  ; 5.559  ; 5.559  ; 5.559  ;
; X0         ; G0          ; 5.574  ; 5.574  ; 5.574  ; 5.574  ;
; X1         ; A1          ; 6.978  ; 6.978  ; 6.978  ; 6.978  ;
; X1         ; B1          ; 7.059  ;        ;        ; 7.059  ;
; X1         ; C1          ; 7.059  ; 7.059  ; 7.059  ; 7.059  ;
; X1         ; D1          ; 6.814  ; 6.814  ; 6.814  ; 6.814  ;
; X1         ; E1          ; 6.773  ; 6.773  ; 6.773  ; 6.773  ;
; X1         ; F1          ; 6.782  ; 6.782  ; 6.782  ; 6.782  ;
; X1         ; G1          ; 7.048  ; 7.048  ; 7.048  ; 7.048  ;
; X2         ; A2          ; 6.570  ; 6.570  ; 6.570  ; 6.570  ;
; X2         ; B2          ; 6.587  ;        ;        ; 6.587  ;
; X2         ; C2          ; 6.587  ; 6.587  ; 6.587  ; 6.587  ;
; X2         ; D2          ; 6.838  ; 6.838  ; 6.838  ; 6.838  ;
; X2         ; E2          ; 6.869  ; 6.869  ; 6.869  ; 6.869  ;
; X2         ; F2          ; 6.839  ; 6.839  ; 6.839  ; 6.839  ;
; X2         ; G2          ; 6.875  ; 6.875  ; 6.875  ; 6.875  ;
; Y          ; A           ; 9.737  ; 9.737  ; 9.737  ; 9.737  ;
; Y          ; B           ; 9.759  ; 9.759  ; 9.759  ; 9.759  ;
; Y          ; C           ; 9.728  ;        ;        ; 9.728  ;
; Y          ; D           ; 9.740  ; 9.740  ; 9.740  ; 9.740  ;
; Y          ; E           ;        ; 9.726  ; 9.726  ;        ;
; Y          ; F           ; 10.033 ; 10.033 ; 10.033 ; 10.033 ;
; Y          ; G           ; 10.045 ; 10.045 ; 10.045 ; 10.045 ;
; Y0         ; A0          ; 4.857  ; 4.857  ; 4.857  ; 4.857  ;
; Y0         ; B0          ; 4.971  ; 4.971  ; 4.971  ; 4.971  ;
; Y0         ; C0          ; 4.980  ;        ;        ; 4.980  ;
; Y0         ; D0          ; 5.304  ; 5.304  ; 5.304  ; 5.304  ;
; Y0         ; E0          ;        ; 5.310  ; 5.310  ;        ;
; Y0         ; F0          ; 5.288  ; 5.288  ; 5.288  ; 5.288  ;
; Y0         ; G0          ; 5.303  ; 5.303  ; 5.303  ; 5.303  ;
; Y1         ; A1          ; 6.712  ; 6.712  ; 6.712  ; 6.712  ;
; Y1         ; B1          ; 6.791  ; 6.791  ; 6.791  ; 6.791  ;
; Y1         ; C1          ; 6.793  ;        ;        ; 6.793  ;
; Y1         ; D1          ; 6.562  ; 6.562  ; 6.562  ; 6.562  ;
; Y1         ; E1          ;        ; 6.531  ; 6.531  ;        ;
; Y1         ; F1          ; 6.536  ; 6.536  ; 6.536  ; 6.536  ;
; Y1         ; G1          ; 6.794  ; 6.794  ; 6.794  ; 6.794  ;
; Y2         ; A2          ; 6.349  ; 6.349  ; 6.349  ; 6.349  ;
; Y2         ; B2          ; 6.363  ; 6.363  ; 6.363  ; 6.363  ;
; Y2         ; C2          ; 6.363  ;        ;        ; 6.363  ;
; Y2         ; D2          ; 6.615  ; 6.615  ; 6.615  ; 6.615  ;
; Y2         ; E2          ;        ; 6.648  ; 6.648  ;        ;
; Y2         ; F2          ; 6.641  ; 6.641  ; 6.641  ; 6.641  ;
; Y2         ; G2          ; 6.648  ; 6.648  ; 6.648  ; 6.648  ;
; Z          ; A           ; 10.141 ; 10.141 ; 10.141 ; 10.141 ;
; Z          ; B           ; 10.141 ; 10.141 ; 10.141 ; 10.141 ;
; Z          ; C           ;        ; 10.107 ; 10.107 ;        ;
; Z          ; D           ; 10.121 ; 10.121 ; 10.121 ; 10.121 ;
; Z          ; E           ; 10.103 ;        ;        ; 10.103 ;
; Z          ; F           ; 10.413 ;        ;        ; 10.413 ;
; Z          ; G           ; 10.421 ; 10.421 ; 10.421 ; 10.421 ;
; Z0         ; A0          ; 4.947  ; 4.947  ; 4.947  ; 4.947  ;
; Z0         ; B0          ; 5.061  ; 5.061  ; 5.061  ; 5.061  ;
; Z0         ; C0          ;        ; 5.070  ; 5.070  ;        ;
; Z0         ; D0          ; 5.391  ; 5.391  ; 5.391  ; 5.391  ;
; Z0         ; E0          ; 5.379  ;        ;        ; 5.379  ;
; Z0         ; F0          ; 5.360  ;        ;        ; 5.360  ;
; Z0         ; G0          ; 5.378  ; 5.378  ; 5.378  ; 5.378  ;
; Z1         ; A1          ; 6.910  ; 6.910  ; 6.910  ; 6.910  ;
; Z1         ; B1          ; 6.990  ; 6.990  ; 6.990  ; 6.990  ;
; Z1         ; C1          ;        ; 6.990  ; 6.990  ;        ;
; Z1         ; D1          ; 6.749  ; 6.749  ; 6.749  ; 6.749  ;
; Z1         ; E1          ; 6.708  ;        ;        ; 6.708  ;
; Z1         ; F1          ; 6.713  ;        ;        ; 6.713  ;
; Z1         ; G1          ; 6.980  ; 6.980  ; 6.980  ; 6.980  ;
; Z2         ; A2          ; 6.705  ; 6.705  ; 6.705  ; 6.705  ;
; Z2         ; B2          ; 6.718  ; 6.718  ; 6.718  ; 6.718  ;
; Z2         ; C2          ;        ; 6.719  ; 6.719  ;        ;
; Z2         ; D2          ; 6.979  ; 6.979  ; 6.979  ; 6.979  ;
; Z2         ; E2          ; 7.010  ;        ;        ; 7.010  ;
; Z2         ; F2          ; 7.008  ;        ;        ; 7.008  ;
; Z2         ; G2          ; 7.013  ; 7.013  ; 7.013  ; 7.013  ;
+------------+-------------+--------+--------+--------+--------+


+--------------------------------------------------------------+
; Minimum Propagation Delay                                    ;
+------------+-------------+--------+--------+--------+--------+
; Input Port ; Output Port ; RR     ; RF     ; FR     ; FF     ;
+------------+-------------+--------+--------+--------+--------+
; W          ; A           ; 9.511  ; 9.511  ; 9.511  ; 9.511  ;
; W          ; B           ; 9.510  ; 9.510  ; 9.510  ; 9.510  ;
; W          ; C           ; 9.477  ; 9.477  ; 9.477  ; 9.477  ;
; W          ; D           ; 9.501  ; 9.501  ; 9.501  ; 9.501  ;
; W          ; E           ;        ; 9.489  ; 9.489  ;        ;
; W          ; F           ; 9.797  ; 9.797  ; 9.797  ; 9.797  ;
; W          ; G           ; 9.806  ; 9.806  ; 9.806  ; 9.806  ;
; W0         ; A0          ; 9.701  ; 9.701  ; 9.701  ; 9.701  ;
; W0         ; B0          ; 9.814  ; 9.814  ; 9.814  ; 9.814  ;
; W0         ; C0          ; 9.822  ; 9.822  ; 9.822  ; 9.822  ;
; W0         ; D0          ; 10.117 ; 10.117 ; 10.117 ; 10.117 ;
; W0         ; E0          ;        ; 10.133 ; 10.133 ;        ;
; W0         ; F0          ; 10.114 ; 10.114 ; 10.114 ; 10.114 ;
; W0         ; G0          ; 10.132 ; 10.132 ; 10.132 ; 10.132 ;
; W1         ; A1          ; 7.103  ; 7.103  ; 7.103  ; 7.103  ;
; W1         ; B1          ; 7.181  ; 7.181  ; 7.181  ; 7.181  ;
; W1         ; C1          ; 7.182  ; 7.182  ; 7.182  ; 7.182  ;
; W1         ; D1          ; 6.915  ; 6.915  ; 6.915  ; 6.915  ;
; W1         ; E1          ;        ; 6.907  ; 6.907  ;        ;
; W1         ; F1          ; 6.910  ; 6.910  ; 6.910  ; 6.910  ;
; W1         ; G1          ; 7.174  ; 7.174  ; 7.174  ; 7.174  ;
; W2         ; A2          ; 6.443  ; 6.443  ; 6.443  ; 6.443  ;
; W2         ; B2          ; 6.480  ; 6.480  ; 6.480  ; 6.480  ;
; W2         ; C2          ; 6.481  ; 6.481  ; 6.481  ; 6.481  ;
; W2         ; D2          ; 6.745  ; 6.745  ; 6.745  ; 6.745  ;
; W2         ; E2          ;        ; 6.747  ; 6.747  ;        ;
; W2         ; F2          ; 6.742  ; 6.742  ; 6.742  ; 6.742  ;
; W2         ; G2          ; 6.780  ; 6.780  ; 6.780  ; 6.780  ;
; X          ; A           ; 9.787  ; 9.787  ; 9.787  ; 9.787  ;
; X          ; B           ; 9.791  ;        ;        ; 9.791  ;
; X          ; C           ; 9.731  ; 9.731  ; 9.731  ; 9.731  ;
; X          ; D           ; 9.777  ; 9.777  ; 9.777  ; 9.777  ;
; X          ; E           ; 9.764  ; 9.764  ; 9.764  ; 9.764  ;
; X          ; F           ; 10.071 ; 10.071 ; 10.071 ; 10.071 ;
; X          ; G           ; 10.083 ; 10.083 ; 10.083 ; 10.083 ;
; X0         ; A0          ; 5.133  ; 5.133  ; 5.133  ; 5.133  ;
; X0         ; B0          ; 5.247  ;        ;        ; 5.247  ;
; X0         ; C0          ; 5.256  ; 5.256  ; 5.256  ; 5.256  ;
; X0         ; D0          ; 5.573  ; 5.573  ; 5.573  ; 5.573  ;
; X0         ; E0          ; 5.579  ; 5.579  ; 5.579  ; 5.579  ;
; X0         ; F0          ; 5.559  ; 5.559  ; 5.559  ; 5.559  ;
; X0         ; G0          ; 5.574  ; 5.574  ; 5.574  ; 5.574  ;
; X1         ; A1          ; 6.978  ; 6.978  ; 6.978  ; 6.978  ;
; X1         ; B1          ; 7.059  ;        ;        ; 7.059  ;
; X1         ; C1          ; 7.059  ; 7.059  ; 7.059  ; 7.059  ;
; X1         ; D1          ; 6.814  ; 6.814  ; 6.814  ; 6.814  ;
; X1         ; E1          ; 6.773  ; 6.773  ; 6.773  ; 6.773  ;
; X1         ; F1          ; 6.782  ; 6.782  ; 6.782  ; 6.782  ;
; X1         ; G1          ; 7.048  ; 7.048  ; 7.048  ; 7.048  ;
; X2         ; A2          ; 6.570  ; 6.570  ; 6.570  ; 6.570  ;
; X2         ; B2          ; 6.587  ;        ;        ; 6.587  ;
; X2         ; C2          ; 6.587  ; 6.587  ; 6.587  ; 6.587  ;
; X2         ; D2          ; 6.838  ; 6.838  ; 6.838  ; 6.838  ;
; X2         ; E2          ; 6.869  ; 6.869  ; 6.869  ; 6.869  ;
; X2         ; F2          ; 6.839  ; 6.839  ; 6.839  ; 6.839  ;
; X2         ; G2          ; 6.875  ; 6.875  ; 6.875  ; 6.875  ;
; Y          ; A           ; 9.737  ; 9.737  ; 9.737  ; 9.737  ;
; Y          ; B           ; 9.759  ; 9.759  ; 9.759  ; 9.759  ;
; Y          ; C           ; 9.728  ;        ;        ; 9.728  ;
; Y          ; D           ; 9.740  ; 9.740  ; 9.740  ; 9.740  ;
; Y          ; E           ;        ; 9.726  ; 9.726  ;        ;
; Y          ; F           ; 10.033 ; 10.033 ; 10.033 ; 10.033 ;
; Y          ; G           ; 10.045 ; 10.045 ; 10.045 ; 10.045 ;
; Y0         ; A0          ; 4.857  ; 4.857  ; 4.857  ; 4.857  ;
; Y0         ; B0          ; 4.971  ; 4.971  ; 4.971  ; 4.971  ;
; Y0         ; C0          ; 4.980  ;        ;        ; 4.980  ;
; Y0         ; D0          ; 5.304  ; 5.304  ; 5.304  ; 5.304  ;
; Y0         ; E0          ;        ; 5.310  ; 5.310  ;        ;
; Y0         ; F0          ; 5.288  ; 5.288  ; 5.288  ; 5.288  ;
; Y0         ; G0          ; 5.303  ; 5.303  ; 5.303  ; 5.303  ;
; Y1         ; A1          ; 6.712  ; 6.712  ; 6.712  ; 6.712  ;
; Y1         ; B1          ; 6.791  ; 6.791  ; 6.791  ; 6.791  ;
; Y1         ; C1          ; 6.793  ;        ;        ; 6.793  ;
; Y1         ; D1          ; 6.562  ; 6.562  ; 6.562  ; 6.562  ;
; Y1         ; E1          ;        ; 6.531  ; 6.531  ;        ;
; Y1         ; F1          ; 6.536  ; 6.536  ; 6.536  ; 6.536  ;
; Y1         ; G1          ; 6.794  ; 6.794  ; 6.794  ; 6.794  ;
; Y2         ; A2          ; 6.349  ; 6.349  ; 6.349  ; 6.349  ;
; Y2         ; B2          ; 6.363  ; 6.363  ; 6.363  ; 6.363  ;
; Y2         ; C2          ; 6.363  ;        ;        ; 6.363  ;
; Y2         ; D2          ; 6.615  ; 6.615  ; 6.615  ; 6.615  ;
; Y2         ; E2          ;        ; 6.648  ; 6.648  ;        ;
; Y2         ; F2          ; 6.641  ; 6.641  ; 6.641  ; 6.641  ;
; Y2         ; G2          ; 6.648  ; 6.648  ; 6.648  ; 6.648  ;
; Z          ; A           ; 10.141 ; 10.141 ; 10.141 ; 10.141 ;
; Z          ; B           ; 10.141 ; 10.141 ; 10.141 ; 10.141 ;
; Z          ; C           ;        ; 10.107 ; 10.107 ;        ;
; Z          ; D           ; 10.121 ; 10.121 ; 10.121 ; 10.121 ;
; Z          ; E           ; 10.103 ;        ;        ; 10.103 ;
; Z          ; F           ; 10.413 ;        ;        ; 10.413 ;
; Z          ; G           ; 10.421 ; 10.421 ; 10.421 ; 10.421 ;
; Z0         ; A0          ; 4.947  ; 4.947  ; 4.947  ; 4.947  ;
; Z0         ; B0          ; 5.061  ; 5.061  ; 5.061  ; 5.061  ;
; Z0         ; C0          ;        ; 5.070  ; 5.070  ;        ;
; Z0         ; D0          ; 5.391  ; 5.391  ; 5.391  ; 5.391  ;
; Z0         ; E0          ; 5.379  ;        ;        ; 5.379  ;
; Z0         ; F0          ; 5.360  ;        ;        ; 5.360  ;
; Z0         ; G0          ; 5.378  ; 5.378  ; 5.378  ; 5.378  ;
; Z1         ; A1          ; 6.910  ; 6.910  ; 6.910  ; 6.910  ;
; Z1         ; B1          ; 6.990  ; 6.990  ; 6.990  ; 6.990  ;
; Z1         ; C1          ;        ; 6.990  ; 6.990  ;        ;
; Z1         ; D1          ; 6.749  ; 6.749  ; 6.749  ; 6.749  ;
; Z1         ; E1          ; 6.708  ;        ;        ; 6.708  ;
; Z1         ; F1          ; 6.713  ;        ;        ; 6.713  ;
; Z1         ; G1          ; 6.980  ; 6.980  ; 6.980  ; 6.980  ;
; Z2         ; A2          ; 6.705  ; 6.705  ; 6.705  ; 6.705  ;
; Z2         ; B2          ; 6.718  ; 6.718  ; 6.718  ; 6.718  ;
; Z2         ; C2          ;        ; 6.719  ; 6.719  ;        ;
; Z2         ; D2          ; 6.979  ; 6.979  ; 6.979  ; 6.979  ;
; Z2         ; E2          ; 7.010  ;        ;        ; 7.010  ;
; Z2         ; F2          ; 7.008  ;        ;        ; 7.008  ;
; Z2         ; G2          ; 7.013  ; 7.013  ; 7.013  ; 7.013  ;
+------------+-------------+--------+--------+--------+--------+


----------------------------
; Fast Model Setup Summary ;
----------------------------
No paths to report.


---------------------------
; Fast Model Hold Summary ;
---------------------------
No paths to report.


-------------------------------
; Fast Model Recovery Summary ;
-------------------------------
No paths to report.


------------------------------
; Fast Model Removal Summary ;
------------------------------
No paths to report.


------------------------------------------
; Fast Model Minimum Pulse Width Summary ;
------------------------------------------
No paths to report.


+----------------------------------------------------------+
; Propagation Delay                                        ;
+------------+-------------+-------+-------+-------+-------+
; Input Port ; Output Port ; RR    ; RF    ; FR    ; FF    ;
+------------+-------------+-------+-------+-------+-------+
; W          ; A           ; 5.373 ; 5.373 ; 5.373 ; 5.373 ;
; W          ; B           ; 5.373 ; 5.373 ; 5.373 ; 5.373 ;
; W          ; C           ; 5.342 ; 5.342 ; 5.342 ; 5.342 ;
; W          ; D           ; 5.353 ; 5.353 ; 5.353 ; 5.353 ;
; W          ; E           ;       ; 5.351 ; 5.351 ;       ;
; W          ; F           ; 5.504 ; 5.504 ; 5.504 ; 5.504 ;
; W          ; G           ; 5.507 ; 5.507 ; 5.507 ; 5.507 ;
; W0         ; A0          ; 5.389 ; 5.389 ; 5.389 ; 5.389 ;
; W0         ; B0          ; 5.432 ; 5.432 ; 5.432 ; 5.432 ;
; W0         ; C0          ; 5.435 ; 5.435 ; 5.435 ; 5.435 ;
; W0         ; D0          ; 5.619 ; 5.619 ; 5.619 ; 5.619 ;
; W0         ; E0          ;       ; 5.607 ; 5.607 ;       ;
; W0         ; F0          ; 5.592 ; 5.592 ; 5.592 ; 5.592 ;
; W0         ; G0          ; 5.601 ; 5.601 ; 5.601 ; 5.601 ;
; W1         ; A1          ; 3.692 ; 3.692 ; 3.692 ; 3.692 ;
; W1         ; B1          ; 3.703 ; 3.703 ; 3.703 ; 3.703 ;
; W1         ; C1          ; 3.702 ; 3.702 ; 3.702 ; 3.702 ;
; W1         ; D1          ; 3.608 ; 3.608 ; 3.608 ; 3.608 ;
; W1         ; E1          ;       ; 3.582 ; 3.582 ;       ;
; W1         ; F1          ; 3.583 ; 3.583 ; 3.583 ; 3.583 ;
; W1         ; G1          ; 3.712 ; 3.712 ; 3.712 ; 3.712 ;
; W2         ; A2          ; 3.356 ; 3.356 ; 3.356 ; 3.356 ;
; W2         ; B2          ; 3.366 ; 3.366 ; 3.366 ; 3.366 ;
; W2         ; C2          ; 3.374 ; 3.374 ; 3.374 ; 3.374 ;
; W2         ; D2          ; 3.475 ; 3.475 ; 3.475 ; 3.475 ;
; W2         ; E2          ;       ; 3.499 ; 3.499 ;       ;
; W2         ; F2          ; 3.498 ; 3.498 ; 3.498 ; 3.498 ;
; W2         ; G2          ; 3.506 ; 3.506 ; 3.506 ; 3.506 ;
; X          ; A           ; 5.496 ; 5.496 ; 5.496 ; 5.496 ;
; X          ; B           ; 5.495 ;       ;       ; 5.495 ;
; X          ; C           ; 5.466 ; 5.466 ; 5.466 ; 5.466 ;
; X          ; D           ; 5.471 ; 5.471 ; 5.471 ; 5.471 ;
; X          ; E           ; 5.466 ; 5.466 ; 5.466 ; 5.466 ;
; X          ; F           ; 5.624 ; 5.624 ; 5.624 ; 5.624 ;
; X          ; G           ; 5.622 ; 5.622 ; 5.622 ; 5.622 ;
; X0         ; A0          ; 2.667 ; 2.667 ; 2.667 ; 2.667 ;
; X0         ; B0          ; 2.717 ;       ;       ; 2.717 ;
; X0         ; C0          ; 2.718 ; 2.718 ; 2.718 ; 2.718 ;
; X0         ; D0          ; 2.904 ; 2.904 ; 2.904 ; 2.904 ;
; X0         ; E0          ; 2.907 ; 2.907 ; 2.907 ; 2.907 ;
; X0         ; F0          ; 2.885 ; 2.885 ; 2.885 ; 2.885 ;
; X0         ; G0          ; 2.893 ; 2.893 ; 2.893 ; 2.893 ;
; X1         ; A1          ; 3.619 ; 3.619 ; 3.619 ; 3.619 ;
; X1         ; B1          ; 3.637 ;       ;       ; 3.637 ;
; X1         ; C1          ; 3.633 ; 3.633 ; 3.633 ; 3.633 ;
; X1         ; D1          ; 3.541 ; 3.541 ; 3.541 ; 3.541 ;
; X1         ; E1          ; 3.508 ; 3.508 ; 3.508 ; 3.508 ;
; X1         ; F1          ; 3.510 ; 3.510 ; 3.510 ; 3.510 ;
; X1         ; G1          ; 3.641 ; 3.641 ; 3.641 ; 3.641 ;
; X2         ; A2          ; 3.448 ; 3.448 ; 3.448 ; 3.448 ;
; X2         ; B2          ; 3.462 ;       ;       ; 3.462 ;
; X2         ; C2          ; 3.464 ; 3.464 ; 3.464 ; 3.464 ;
; X2         ; D2          ; 3.560 ; 3.560 ; 3.560 ; 3.560 ;
; X2         ; E2          ; 3.583 ; 3.583 ; 3.583 ; 3.583 ;
; X2         ; F2          ; 3.582 ; 3.582 ; 3.582 ; 3.582 ;
; X2         ; G2          ; 3.591 ; 3.591 ; 3.591 ; 3.591 ;
; Y          ; A           ; 5.456 ; 5.456 ; 5.456 ; 5.456 ;
; Y          ; B           ; 5.456 ; 5.456 ; 5.456 ; 5.456 ;
; Y          ; C           ; 5.424 ;       ;       ; 5.424 ;
; Y          ; D           ; 5.434 ; 5.434 ; 5.434 ; 5.434 ;
; Y          ; E           ;       ; 5.421 ; 5.421 ;       ;
; Y          ; F           ; 5.577 ; 5.577 ; 5.577 ; 5.577 ;
; Y          ; G           ; 5.581 ; 5.581 ; 5.581 ; 5.581 ;
; Y0         ; A0          ; 2.547 ; 2.547 ; 2.547 ; 2.547 ;
; Y0         ; B0          ; 2.596 ; 2.596 ; 2.596 ; 2.596 ;
; Y0         ; C0          ; 2.600 ;       ;       ; 2.600 ;
; Y0         ; D0          ; 2.787 ; 2.787 ; 2.787 ; 2.787 ;
; Y0         ; E0          ;       ; 2.793 ; 2.793 ;       ;
; Y0         ; F0          ; 2.771 ; 2.771 ; 2.771 ; 2.771 ;
; Y0         ; G0          ; 2.779 ; 2.779 ; 2.779 ; 2.779 ;
; Y1         ; A1          ; 3.525 ; 3.525 ; 3.525 ; 3.525 ;
; Y1         ; B1          ; 3.544 ; 3.544 ; 3.544 ; 3.544 ;
; Y1         ; C1          ; 3.544 ;       ;       ; 3.544 ;
; Y1         ; D1          ; 3.459 ; 3.459 ; 3.459 ; 3.459 ;
; Y1         ; E1          ;       ; 3.437 ; 3.437 ;       ;
; Y1         ; F1          ; 3.438 ; 3.438 ; 3.438 ; 3.438 ;
; Y1         ; G1          ; 3.563 ; 3.563 ; 3.563 ; 3.563 ;
; Y2         ; A2          ; 3.311 ; 3.311 ; 3.311 ; 3.311 ;
; Y2         ; B2          ; 3.322 ; 3.322 ; 3.322 ; 3.322 ;
; Y2         ; C2          ; 3.326 ;       ;       ; 3.326 ;
; Y2         ; D2          ; 3.420 ; 3.420 ; 3.420 ; 3.420 ;
; Y2         ; E2          ;       ; 3.445 ; 3.445 ;       ;
; Y2         ; F2          ; 3.439 ; 3.439 ; 3.439 ; 3.439 ;
; Y2         ; G2          ; 3.450 ; 3.450 ; 3.450 ; 3.450 ;
; Z          ; A           ; 5.649 ; 5.649 ; 5.649 ; 5.649 ;
; Z          ; B           ; 5.645 ; 5.645 ; 5.645 ; 5.645 ;
; Z          ; C           ;       ; 5.614 ; 5.614 ;       ;
; Z          ; D           ; 5.615 ; 5.615 ; 5.615 ; 5.615 ;
; Z          ; E           ; 5.610 ;       ;       ; 5.610 ;
; Z          ; F           ; 5.768 ;       ;       ; 5.768 ;
; Z          ; G           ; 5.769 ; 5.769 ; 5.769 ; 5.769 ;
; Z0         ; A0          ; 2.581 ; 2.581 ; 2.581 ; 2.581 ;
; Z0         ; B0          ; 2.627 ; 2.627 ; 2.627 ; 2.627 ;
; Z0         ; C0          ;       ; 2.631 ; 2.631 ;       ;
; Z0         ; D0          ; 2.814 ; 2.814 ; 2.814 ; 2.814 ;
; Z0         ; E0          ; 2.807 ;       ;       ; 2.807 ;
; Z0         ; F0          ; 2.785 ;       ;       ; 2.785 ;
; Z0         ; G0          ; 2.796 ; 2.796 ; 2.796 ; 2.796 ;
; Z1         ; A1          ; 3.590 ; 3.590 ; 3.590 ; 3.590 ;
; Z1         ; B1          ; 3.604 ; 3.604 ; 3.604 ; 3.604 ;
; Z1         ; C1          ;       ; 3.604 ; 3.604 ;       ;
; Z1         ; D1          ; 3.508 ; 3.508 ; 3.508 ; 3.508 ;
; Z1         ; E1          ; 3.480 ;       ;       ; 3.480 ;
; Z1         ; F1          ; 3.479 ;       ;       ; 3.479 ;
; Z1         ; G1          ; 3.611 ; 3.611 ; 3.611 ; 3.611 ;
; Z2         ; A2          ; 3.519 ; 3.519 ; 3.519 ; 3.519 ;
; Z2         ; B2          ; 3.530 ; 3.530 ; 3.530 ; 3.530 ;
; Z2         ; C2          ;       ; 3.531 ; 3.531 ;       ;
; Z2         ; D2          ; 3.637 ; 3.637 ; 3.637 ; 3.637 ;
; Z2         ; E2          ; 3.661 ;       ;       ; 3.661 ;
; Z2         ; F2          ; 3.659 ;       ;       ; 3.659 ;
; Z2         ; G2          ; 3.668 ; 3.668 ; 3.668 ; 3.668 ;
+------------+-------------+-------+-------+-------+-------+


+----------------------------------------------------------+
; Minimum Propagation Delay                                ;
+------------+-------------+-------+-------+-------+-------+
; Input Port ; Output Port ; RR    ; RF    ; FR    ; FF    ;
+------------+-------------+-------+-------+-------+-------+
; W          ; A           ; 5.373 ; 5.373 ; 5.373 ; 5.373 ;
; W          ; B           ; 5.373 ; 5.373 ; 5.373 ; 5.373 ;
; W          ; C           ; 5.342 ; 5.342 ; 5.342 ; 5.342 ;
; W          ; D           ; 5.353 ; 5.353 ; 5.353 ; 5.353 ;
; W          ; E           ;       ; 5.351 ; 5.351 ;       ;
; W          ; F           ; 5.504 ; 5.504 ; 5.504 ; 5.504 ;
; W          ; G           ; 5.507 ; 5.507 ; 5.507 ; 5.507 ;
; W0         ; A0          ; 5.389 ; 5.389 ; 5.389 ; 5.389 ;
; W0         ; B0          ; 5.432 ; 5.432 ; 5.432 ; 5.432 ;
; W0         ; C0          ; 5.435 ; 5.435 ; 5.435 ; 5.435 ;
; W0         ; D0          ; 5.619 ; 5.619 ; 5.619 ; 5.619 ;
; W0         ; E0          ;       ; 5.607 ; 5.607 ;       ;
; W0         ; F0          ; 5.592 ; 5.592 ; 5.592 ; 5.592 ;
; W0         ; G0          ; 5.601 ; 5.601 ; 5.601 ; 5.601 ;
; W1         ; A1          ; 3.692 ; 3.692 ; 3.692 ; 3.692 ;
; W1         ; B1          ; 3.703 ; 3.703 ; 3.703 ; 3.703 ;
; W1         ; C1          ; 3.702 ; 3.702 ; 3.702 ; 3.702 ;
; W1         ; D1          ; 3.608 ; 3.608 ; 3.608 ; 3.608 ;
; W1         ; E1          ;       ; 3.582 ; 3.582 ;       ;
; W1         ; F1          ; 3.583 ; 3.583 ; 3.583 ; 3.583 ;
; W1         ; G1          ; 3.712 ; 3.712 ; 3.712 ; 3.712 ;
; W2         ; A2          ; 3.356 ; 3.356 ; 3.356 ; 3.356 ;
; W2         ; B2          ; 3.366 ; 3.366 ; 3.366 ; 3.366 ;
; W2         ; C2          ; 3.374 ; 3.374 ; 3.374 ; 3.374 ;
; W2         ; D2          ; 3.475 ; 3.475 ; 3.475 ; 3.475 ;
; W2         ; E2          ;       ; 3.499 ; 3.499 ;       ;
; W2         ; F2          ; 3.498 ; 3.498 ; 3.498 ; 3.498 ;
; W2         ; G2          ; 3.506 ; 3.506 ; 3.506 ; 3.506 ;
; X          ; A           ; 5.496 ; 5.496 ; 5.496 ; 5.496 ;
; X          ; B           ; 5.495 ;       ;       ; 5.495 ;
; X          ; C           ; 5.466 ; 5.466 ; 5.466 ; 5.466 ;
; X          ; D           ; 5.471 ; 5.471 ; 5.471 ; 5.471 ;
; X          ; E           ; 5.466 ; 5.466 ; 5.466 ; 5.466 ;
; X          ; F           ; 5.624 ; 5.624 ; 5.624 ; 5.624 ;
; X          ; G           ; 5.622 ; 5.622 ; 5.622 ; 5.622 ;
; X0         ; A0          ; 2.667 ; 2.667 ; 2.667 ; 2.667 ;
; X0         ; B0          ; 2.717 ;       ;       ; 2.717 ;
; X0         ; C0          ; 2.718 ; 2.718 ; 2.718 ; 2.718 ;
; X0         ; D0          ; 2.904 ; 2.904 ; 2.904 ; 2.904 ;
; X0         ; E0          ; 2.907 ; 2.907 ; 2.907 ; 2.907 ;
; X0         ; F0          ; 2.885 ; 2.885 ; 2.885 ; 2.885 ;
; X0         ; G0          ; 2.893 ; 2.893 ; 2.893 ; 2.893 ;
; X1         ; A1          ; 3.619 ; 3.619 ; 3.619 ; 3.619 ;
; X1         ; B1          ; 3.637 ;       ;       ; 3.637 ;
; X1         ; C1          ; 3.633 ; 3.633 ; 3.633 ; 3.633 ;
; X1         ; D1          ; 3.541 ; 3.541 ; 3.541 ; 3.541 ;
; X1         ; E1          ; 3.508 ; 3.508 ; 3.508 ; 3.508 ;
; X1         ; F1          ; 3.510 ; 3.510 ; 3.510 ; 3.510 ;
; X1         ; G1          ; 3.641 ; 3.641 ; 3.641 ; 3.641 ;
; X2         ; A2          ; 3.448 ; 3.448 ; 3.448 ; 3.448 ;
; X2         ; B2          ; 3.462 ;       ;       ; 3.462 ;
; X2         ; C2          ; 3.464 ; 3.464 ; 3.464 ; 3.464 ;
; X2         ; D2          ; 3.560 ; 3.560 ; 3.560 ; 3.560 ;
; X2         ; E2          ; 3.583 ; 3.583 ; 3.583 ; 3.583 ;
; X2         ; F2          ; 3.582 ; 3.582 ; 3.582 ; 3.582 ;
; X2         ; G2          ; 3.591 ; 3.591 ; 3.591 ; 3.591 ;
; Y          ; A           ; 5.456 ; 5.456 ; 5.456 ; 5.456 ;
; Y          ; B           ; 5.456 ; 5.456 ; 5.456 ; 5.456 ;
; Y          ; C           ; 5.424 ;       ;       ; 5.424 ;
; Y          ; D           ; 5.434 ; 5.434 ; 5.434 ; 5.434 ;
; Y          ; E           ;       ; 5.421 ; 5.421 ;       ;
; Y          ; F           ; 5.577 ; 5.577 ; 5.577 ; 5.577 ;
; Y          ; G           ; 5.581 ; 5.581 ; 5.581 ; 5.581 ;
; Y0         ; A0          ; 2.547 ; 2.547 ; 2.547 ; 2.547 ;
; Y0         ; B0          ; 2.596 ; 2.596 ; 2.596 ; 2.596 ;
; Y0         ; C0          ; 2.600 ;       ;       ; 2.600 ;
; Y0         ; D0          ; 2.787 ; 2.787 ; 2.787 ; 2.787 ;
; Y0         ; E0          ;       ; 2.793 ; 2.793 ;       ;
; Y0         ; F0          ; 2.771 ; 2.771 ; 2.771 ; 2.771 ;
; Y0         ; G0          ; 2.779 ; 2.779 ; 2.779 ; 2.779 ;
; Y1         ; A1          ; 3.525 ; 3.525 ; 3.525 ; 3.525 ;
; Y1         ; B1          ; 3.544 ; 3.544 ; 3.544 ; 3.544 ;
; Y1         ; C1          ; 3.544 ;       ;       ; 3.544 ;
; Y1         ; D1          ; 3.459 ; 3.459 ; 3.459 ; 3.459 ;
; Y1         ; E1          ;       ; 3.437 ; 3.437 ;       ;
; Y1         ; F1          ; 3.438 ; 3.438 ; 3.438 ; 3.438 ;
; Y1         ; G1          ; 3.563 ; 3.563 ; 3.563 ; 3.563 ;
; Y2         ; A2          ; 3.311 ; 3.311 ; 3.311 ; 3.311 ;
; Y2         ; B2          ; 3.322 ; 3.322 ; 3.322 ; 3.322 ;
; Y2         ; C2          ; 3.326 ;       ;       ; 3.326 ;
; Y2         ; D2          ; 3.420 ; 3.420 ; 3.420 ; 3.420 ;
; Y2         ; E2          ;       ; 3.445 ; 3.445 ;       ;
; Y2         ; F2          ; 3.439 ; 3.439 ; 3.439 ; 3.439 ;
; Y2         ; G2          ; 3.450 ; 3.450 ; 3.450 ; 3.450 ;
; Z          ; A           ; 5.649 ; 5.649 ; 5.649 ; 5.649 ;
; Z          ; B           ; 5.645 ; 5.645 ; 5.645 ; 5.645 ;
; Z          ; C           ;       ; 5.614 ; 5.614 ;       ;
; Z          ; D           ; 5.615 ; 5.615 ; 5.615 ; 5.615 ;
; Z          ; E           ; 5.610 ;       ;       ; 5.610 ;
; Z          ; F           ; 5.768 ;       ;       ; 5.768 ;
; Z          ; G           ; 5.769 ; 5.769 ; 5.769 ; 5.769 ;
; Z0         ; A0          ; 2.581 ; 2.581 ; 2.581 ; 2.581 ;
; Z0         ; B0          ; 2.627 ; 2.627 ; 2.627 ; 2.627 ;
; Z0         ; C0          ;       ; 2.631 ; 2.631 ;       ;
; Z0         ; D0          ; 2.814 ; 2.814 ; 2.814 ; 2.814 ;
; Z0         ; E0          ; 2.807 ;       ;       ; 2.807 ;
; Z0         ; F0          ; 2.785 ;       ;       ; 2.785 ;
; Z0         ; G0          ; 2.796 ; 2.796 ; 2.796 ; 2.796 ;
; Z1         ; A1          ; 3.590 ; 3.590 ; 3.590 ; 3.590 ;
; Z1         ; B1          ; 3.604 ; 3.604 ; 3.604 ; 3.604 ;
; Z1         ; C1          ;       ; 3.604 ; 3.604 ;       ;
; Z1         ; D1          ; 3.508 ; 3.508 ; 3.508 ; 3.508 ;
; Z1         ; E1          ; 3.480 ;       ;       ; 3.480 ;
; Z1         ; F1          ; 3.479 ;       ;       ; 3.479 ;
; Z1         ; G1          ; 3.611 ; 3.611 ; 3.611 ; 3.611 ;
; Z2         ; A2          ; 3.519 ; 3.519 ; 3.519 ; 3.519 ;
; Z2         ; B2          ; 3.530 ; 3.530 ; 3.530 ; 3.530 ;
; Z2         ; C2          ;       ; 3.531 ; 3.531 ;       ;
; Z2         ; D2          ; 3.637 ; 3.637 ; 3.637 ; 3.637 ;
; Z2         ; E2          ; 3.661 ;       ;       ; 3.661 ;
; Z2         ; F2          ; 3.659 ;       ;       ; 3.659 ;
; Z2         ; G2          ; 3.668 ; 3.668 ; 3.668 ; 3.668 ;
+------------+-------------+-------+-------+-------+-------+


+----------------------------------------------------------------------------+
; Multicorner Timing Analysis Summary                                        ;
+------------------+-------+------+----------+---------+---------------------+
; Clock            ; Setup ; Hold ; Recovery ; Removal ; Minimum Pulse Width ;
+------------------+-------+------+----------+---------+---------------------+
; Worst-case Slack ; N/A   ; N/A  ; N/A      ; N/A     ; N/A                 ;
; Design-wide TNS  ; 0.0   ; 0.0  ; 0.0      ; 0.0     ; 0.0                 ;
+------------------+-------+------+----------+---------+---------------------+


+--------------------------------------------------------------+
; Progagation Delay                                            ;
+------------+-------------+--------+--------+--------+--------+
; Input Port ; Output Port ; RR     ; RF     ; FR     ; FF     ;
+------------+-------------+--------+--------+--------+--------+
; W          ; A           ; 9.511  ; 9.511  ; 9.511  ; 9.511  ;
; W          ; B           ; 9.510  ; 9.510  ; 9.510  ; 9.510  ;
; W          ; C           ; 9.477  ; 9.477  ; 9.477  ; 9.477  ;
; W          ; D           ; 9.501  ; 9.501  ; 9.501  ; 9.501  ;
; W          ; E           ;        ; 9.489  ; 9.489  ;        ;
; W          ; F           ; 9.797  ; 9.797  ; 9.797  ; 9.797  ;
; W          ; G           ; 9.806  ; 9.806  ; 9.806  ; 9.806  ;
; W0         ; A0          ; 9.701  ; 9.701  ; 9.701  ; 9.701  ;
; W0         ; B0          ; 9.814  ; 9.814  ; 9.814  ; 9.814  ;
; W0         ; C0          ; 9.822  ; 9.822  ; 9.822  ; 9.822  ;
; W0         ; D0          ; 10.117 ; 10.117 ; 10.117 ; 10.117 ;
; W0         ; E0          ;        ; 10.133 ; 10.133 ;        ;
; W0         ; F0          ; 10.114 ; 10.114 ; 10.114 ; 10.114 ;
; W0         ; G0          ; 10.132 ; 10.132 ; 10.132 ; 10.132 ;
; W1         ; A1          ; 7.103  ; 7.103  ; 7.103  ; 7.103  ;
; W1         ; B1          ; 7.181  ; 7.181  ; 7.181  ; 7.181  ;
; W1         ; C1          ; 7.182  ; 7.182  ; 7.182  ; 7.182  ;
; W1         ; D1          ; 6.915  ; 6.915  ; 6.915  ; 6.915  ;
; W1         ; E1          ;        ; 6.907  ; 6.907  ;        ;
; W1         ; F1          ; 6.910  ; 6.910  ; 6.910  ; 6.910  ;
; W1         ; G1          ; 7.174  ; 7.174  ; 7.174  ; 7.174  ;
; W2         ; A2          ; 6.443  ; 6.443  ; 6.443  ; 6.443  ;
; W2         ; B2          ; 6.480  ; 6.480  ; 6.480  ; 6.480  ;
; W2         ; C2          ; 6.481  ; 6.481  ; 6.481  ; 6.481  ;
; W2         ; D2          ; 6.745  ; 6.745  ; 6.745  ; 6.745  ;
; W2         ; E2          ;        ; 6.747  ; 6.747  ;        ;
; W2         ; F2          ; 6.742  ; 6.742  ; 6.742  ; 6.742  ;
; W2         ; G2          ; 6.780  ; 6.780  ; 6.780  ; 6.780  ;
; X          ; A           ; 9.787  ; 9.787  ; 9.787  ; 9.787  ;
; X          ; B           ; 9.791  ;        ;        ; 9.791  ;
; X          ; C           ; 9.731  ; 9.731  ; 9.731  ; 9.731  ;
; X          ; D           ; 9.777  ; 9.777  ; 9.777  ; 9.777  ;
; X          ; E           ; 9.764  ; 9.764  ; 9.764  ; 9.764  ;
; X          ; F           ; 10.071 ; 10.071 ; 10.071 ; 10.071 ;
; X          ; G           ; 10.083 ; 10.083 ; 10.083 ; 10.083 ;
; X0         ; A0          ; 5.133  ; 5.133  ; 5.133  ; 5.133  ;
; X0         ; B0          ; 5.247  ;        ;        ; 5.247  ;
; X0         ; C0          ; 5.256  ; 5.256  ; 5.256  ; 5.256  ;
; X0         ; D0          ; 5.573  ; 5.573  ; 5.573  ; 5.573  ;
; X0         ; E0          ; 5.579  ; 5.579  ; 5.579  ; 5.579  ;
; X0         ; F0          ; 5.559  ; 5.559  ; 5.559  ; 5.559  ;
; X0         ; G0          ; 5.574  ; 5.574  ; 5.574  ; 5.574  ;
; X1         ; A1          ; 6.978  ; 6.978  ; 6.978  ; 6.978  ;
; X1         ; B1          ; 7.059  ;        ;        ; 7.059  ;
; X1         ; C1          ; 7.059  ; 7.059  ; 7.059  ; 7.059  ;
; X1         ; D1          ; 6.814  ; 6.814  ; 6.814  ; 6.814  ;
; X1         ; E1          ; 6.773  ; 6.773  ; 6.773  ; 6.773  ;
; X1         ; F1          ; 6.782  ; 6.782  ; 6.782  ; 6.782  ;
; X1         ; G1          ; 7.048  ; 7.048  ; 7.048  ; 7.048  ;
; X2         ; A2          ; 6.570  ; 6.570  ; 6.570  ; 6.570  ;
; X2         ; B2          ; 6.587  ;        ;        ; 6.587  ;
; X2         ; C2          ; 6.587  ; 6.587  ; 6.587  ; 6.587  ;
; X2         ; D2          ; 6.838  ; 6.838  ; 6.838  ; 6.838  ;
; X2         ; E2          ; 6.869  ; 6.869  ; 6.869  ; 6.869  ;
; X2         ; F2          ; 6.839  ; 6.839  ; 6.839  ; 6.839  ;
; X2         ; G2          ; 6.875  ; 6.875  ; 6.875  ; 6.875  ;
; Y          ; A           ; 9.737  ; 9.737  ; 9.737  ; 9.737  ;
; Y          ; B           ; 9.759  ; 9.759  ; 9.759  ; 9.759  ;
; Y          ; C           ; 9.728  ;        ;        ; 9.728  ;
; Y          ; D           ; 9.740  ; 9.740  ; 9.740  ; 9.740  ;
; Y          ; E           ;        ; 9.726  ; 9.726  ;        ;
; Y          ; F           ; 10.033 ; 10.033 ; 10.033 ; 10.033 ;
; Y          ; G           ; 10.045 ; 10.045 ; 10.045 ; 10.045 ;
; Y0         ; A0          ; 4.857  ; 4.857  ; 4.857  ; 4.857  ;
; Y0         ; B0          ; 4.971  ; 4.971  ; 4.971  ; 4.971  ;
; Y0         ; C0          ; 4.980  ;        ;        ; 4.980  ;
; Y0         ; D0          ; 5.304  ; 5.304  ; 5.304  ; 5.304  ;
; Y0         ; E0          ;        ; 5.310  ; 5.310  ;        ;
; Y0         ; F0          ; 5.288  ; 5.288  ; 5.288  ; 5.288  ;
; Y0         ; G0          ; 5.303  ; 5.303  ; 5.303  ; 5.303  ;
; Y1         ; A1          ; 6.712  ; 6.712  ; 6.712  ; 6.712  ;
; Y1         ; B1          ; 6.791  ; 6.791  ; 6.791  ; 6.791  ;
; Y1         ; C1          ; 6.793  ;        ;        ; 6.793  ;
; Y1         ; D1          ; 6.562  ; 6.562  ; 6.562  ; 6.562  ;
; Y1         ; E1          ;        ; 6.531  ; 6.531  ;        ;
; Y1         ; F1          ; 6.536  ; 6.536  ; 6.536  ; 6.536  ;
; Y1         ; G1          ; 6.794  ; 6.794  ; 6.794  ; 6.794  ;
; Y2         ; A2          ; 6.349  ; 6.349  ; 6.349  ; 6.349  ;
; Y2         ; B2          ; 6.363  ; 6.363  ; 6.363  ; 6.363  ;
; Y2         ; C2          ; 6.363  ;        ;        ; 6.363  ;
; Y2         ; D2          ; 6.615  ; 6.615  ; 6.615  ; 6.615  ;
; Y2         ; E2          ;        ; 6.648  ; 6.648  ;        ;
; Y2         ; F2          ; 6.641  ; 6.641  ; 6.641  ; 6.641  ;
; Y2         ; G2          ; 6.648  ; 6.648  ; 6.648  ; 6.648  ;
; Z          ; A           ; 10.141 ; 10.141 ; 10.141 ; 10.141 ;
; Z          ; B           ; 10.141 ; 10.141 ; 10.141 ; 10.141 ;
; Z          ; C           ;        ; 10.107 ; 10.107 ;        ;
; Z          ; D           ; 10.121 ; 10.121 ; 10.121 ; 10.121 ;
; Z          ; E           ; 10.103 ;        ;        ; 10.103 ;
; Z          ; F           ; 10.413 ;        ;        ; 10.413 ;
; Z          ; G           ; 10.421 ; 10.421 ; 10.421 ; 10.421 ;
; Z0         ; A0          ; 4.947  ; 4.947  ; 4.947  ; 4.947  ;
; Z0         ; B0          ; 5.061  ; 5.061  ; 5.061  ; 5.061  ;
; Z0         ; C0          ;        ; 5.070  ; 5.070  ;        ;
; Z0         ; D0          ; 5.391  ; 5.391  ; 5.391  ; 5.391  ;
; Z0         ; E0          ; 5.379  ;        ;        ; 5.379  ;
; Z0         ; F0          ; 5.360  ;        ;        ; 5.360  ;
; Z0         ; G0          ; 5.378  ; 5.378  ; 5.378  ; 5.378  ;
; Z1         ; A1          ; 6.910  ; 6.910  ; 6.910  ; 6.910  ;
; Z1         ; B1          ; 6.990  ; 6.990  ; 6.990  ; 6.990  ;
; Z1         ; C1          ;        ; 6.990  ; 6.990  ;        ;
; Z1         ; D1          ; 6.749  ; 6.749  ; 6.749  ; 6.749  ;
; Z1         ; E1          ; 6.708  ;        ;        ; 6.708  ;
; Z1         ; F1          ; 6.713  ;        ;        ; 6.713  ;
; Z1         ; G1          ; 6.980  ; 6.980  ; 6.980  ; 6.980  ;
; Z2         ; A2          ; 6.705  ; 6.705  ; 6.705  ; 6.705  ;
; Z2         ; B2          ; 6.718  ; 6.718  ; 6.718  ; 6.718  ;
; Z2         ; C2          ;        ; 6.719  ; 6.719  ;        ;
; Z2         ; D2          ; 6.979  ; 6.979  ; 6.979  ; 6.979  ;
; Z2         ; E2          ; 7.010  ;        ;        ; 7.010  ;
; Z2         ; F2          ; 7.008  ;        ;        ; 7.008  ;
; Z2         ; G2          ; 7.013  ; 7.013  ; 7.013  ; 7.013  ;
+------------+-------------+--------+--------+--------+--------+


+----------------------------------------------------------+
; Minimum Progagation Delay                                ;
+------------+-------------+-------+-------+-------+-------+
; Input Port ; Output Port ; RR    ; RF    ; FR    ; FF    ;
+------------+-------------+-------+-------+-------+-------+
; W          ; A           ; 5.373 ; 5.373 ; 5.373 ; 5.373 ;
; W          ; B           ; 5.373 ; 5.373 ; 5.373 ; 5.373 ;
; W          ; C           ; 5.342 ; 5.342 ; 5.342 ; 5.342 ;
; W          ; D           ; 5.353 ; 5.353 ; 5.353 ; 5.353 ;
; W          ; E           ;       ; 5.351 ; 5.351 ;       ;
; W          ; F           ; 5.504 ; 5.504 ; 5.504 ; 5.504 ;
; W          ; G           ; 5.507 ; 5.507 ; 5.507 ; 5.507 ;
; W0         ; A0          ; 5.389 ; 5.389 ; 5.389 ; 5.389 ;
; W0         ; B0          ; 5.432 ; 5.432 ; 5.432 ; 5.432 ;
; W0         ; C0          ; 5.435 ; 5.435 ; 5.435 ; 5.435 ;
; W0         ; D0          ; 5.619 ; 5.619 ; 5.619 ; 5.619 ;
; W0         ; E0          ;       ; 5.607 ; 5.607 ;       ;
; W0         ; F0          ; 5.592 ; 5.592 ; 5.592 ; 5.592 ;
; W0         ; G0          ; 5.601 ; 5.601 ; 5.601 ; 5.601 ;
; W1         ; A1          ; 3.692 ; 3.692 ; 3.692 ; 3.692 ;
; W1         ; B1          ; 3.703 ; 3.703 ; 3.703 ; 3.703 ;
; W1         ; C1          ; 3.702 ; 3.702 ; 3.702 ; 3.702 ;
; W1         ; D1          ; 3.608 ; 3.608 ; 3.608 ; 3.608 ;
; W1         ; E1          ;       ; 3.582 ; 3.582 ;       ;
; W1         ; F1          ; 3.583 ; 3.583 ; 3.583 ; 3.583 ;
; W1         ; G1          ; 3.712 ; 3.712 ; 3.712 ; 3.712 ;
; W2         ; A2          ; 3.356 ; 3.356 ; 3.356 ; 3.356 ;
; W2         ; B2          ; 3.366 ; 3.366 ; 3.366 ; 3.366 ;
; W2         ; C2          ; 3.374 ; 3.374 ; 3.374 ; 3.374 ;
; W2         ; D2          ; 3.475 ; 3.475 ; 3.475 ; 3.475 ;
; W2         ; E2          ;       ; 3.499 ; 3.499 ;       ;
; W2         ; F2          ; 3.498 ; 3.498 ; 3.498 ; 3.498 ;
; W2         ; G2          ; 3.506 ; 3.506 ; 3.506 ; 3.506 ;
; X          ; A           ; 5.496 ; 5.496 ; 5.496 ; 5.496 ;
; X          ; B           ; 5.495 ;       ;       ; 5.495 ;
; X          ; C           ; 5.466 ; 5.466 ; 5.466 ; 5.466 ;
; X          ; D           ; 5.471 ; 5.471 ; 5.471 ; 5.471 ;
; X          ; E           ; 5.466 ; 5.466 ; 5.466 ; 5.466 ;
; X          ; F           ; 5.624 ; 5.624 ; 5.624 ; 5.624 ;
; X          ; G           ; 5.622 ; 5.622 ; 5.622 ; 5.622 ;
; X0         ; A0          ; 2.667 ; 2.667 ; 2.667 ; 2.667 ;
; X0         ; B0          ; 2.717 ;       ;       ; 2.717 ;
; X0         ; C0          ; 2.718 ; 2.718 ; 2.718 ; 2.718 ;
; X0         ; D0          ; 2.904 ; 2.904 ; 2.904 ; 2.904 ;
; X0         ; E0          ; 2.907 ; 2.907 ; 2.907 ; 2.907 ;
; X0         ; F0          ; 2.885 ; 2.885 ; 2.885 ; 2.885 ;
; X0         ; G0          ; 2.893 ; 2.893 ; 2.893 ; 2.893 ;
; X1         ; A1          ; 3.619 ; 3.619 ; 3.619 ; 3.619 ;
; X1         ; B1          ; 3.637 ;       ;       ; 3.637 ;
; X1         ; C1          ; 3.633 ; 3.633 ; 3.633 ; 3.633 ;
; X1         ; D1          ; 3.541 ; 3.541 ; 3.541 ; 3.541 ;
; X1         ; E1          ; 3.508 ; 3.508 ; 3.508 ; 3.508 ;
; X1         ; F1          ; 3.510 ; 3.510 ; 3.510 ; 3.510 ;
; X1         ; G1          ; 3.641 ; 3.641 ; 3.641 ; 3.641 ;
; X2         ; A2          ; 3.448 ; 3.448 ; 3.448 ; 3.448 ;
; X2         ; B2          ; 3.462 ;       ;       ; 3.462 ;
; X2         ; C2          ; 3.464 ; 3.464 ; 3.464 ; 3.464 ;
; X2         ; D2          ; 3.560 ; 3.560 ; 3.560 ; 3.560 ;
; X2         ; E2          ; 3.583 ; 3.583 ; 3.583 ; 3.583 ;
; X2         ; F2          ; 3.582 ; 3.582 ; 3.582 ; 3.582 ;
; X2         ; G2          ; 3.591 ; 3.591 ; 3.591 ; 3.591 ;
; Y          ; A           ; 5.456 ; 5.456 ; 5.456 ; 5.456 ;
; Y          ; B           ; 5.456 ; 5.456 ; 5.456 ; 5.456 ;
; Y          ; C           ; 5.424 ;       ;       ; 5.424 ;
; Y          ; D           ; 5.434 ; 5.434 ; 5.434 ; 5.434 ;
; Y          ; E           ;       ; 5.421 ; 5.421 ;       ;
; Y          ; F           ; 5.577 ; 5.577 ; 5.577 ; 5.577 ;
; Y          ; G           ; 5.581 ; 5.581 ; 5.581 ; 5.581 ;
; Y0         ; A0          ; 2.547 ; 2.547 ; 2.547 ; 2.547 ;
; Y0         ; B0          ; 2.596 ; 2.596 ; 2.596 ; 2.596 ;
; Y0         ; C0          ; 2.600 ;       ;       ; 2.600 ;
; Y0         ; D0          ; 2.787 ; 2.787 ; 2.787 ; 2.787 ;
; Y0         ; E0          ;       ; 2.793 ; 2.793 ;       ;
; Y0         ; F0          ; 2.771 ; 2.771 ; 2.771 ; 2.771 ;
; Y0         ; G0          ; 2.779 ; 2.779 ; 2.779 ; 2.779 ;
; Y1         ; A1          ; 3.525 ; 3.525 ; 3.525 ; 3.525 ;
; Y1         ; B1          ; 3.544 ; 3.544 ; 3.544 ; 3.544 ;
; Y1         ; C1          ; 3.544 ;       ;       ; 3.544 ;
; Y1         ; D1          ; 3.459 ; 3.459 ; 3.459 ; 3.459 ;
; Y1         ; E1          ;       ; 3.437 ; 3.437 ;       ;
; Y1         ; F1          ; 3.438 ; 3.438 ; 3.438 ; 3.438 ;
; Y1         ; G1          ; 3.563 ; 3.563 ; 3.563 ; 3.563 ;
; Y2         ; A2          ; 3.311 ; 3.311 ; 3.311 ; 3.311 ;
; Y2         ; B2          ; 3.322 ; 3.322 ; 3.322 ; 3.322 ;
; Y2         ; C2          ; 3.326 ;       ;       ; 3.326 ;
; Y2         ; D2          ; 3.420 ; 3.420 ; 3.420 ; 3.420 ;
; Y2         ; E2          ;       ; 3.445 ; 3.445 ;       ;
; Y2         ; F2          ; 3.439 ; 3.439 ; 3.439 ; 3.439 ;
; Y2         ; G2          ; 3.450 ; 3.450 ; 3.450 ; 3.450 ;
; Z          ; A           ; 5.649 ; 5.649 ; 5.649 ; 5.649 ;
; Z          ; B           ; 5.645 ; 5.645 ; 5.645 ; 5.645 ;
; Z          ; C           ;       ; 5.614 ; 5.614 ;       ;
; Z          ; D           ; 5.615 ; 5.615 ; 5.615 ; 5.615 ;
; Z          ; E           ; 5.610 ;       ;       ; 5.610 ;
; Z          ; F           ; 5.768 ;       ;       ; 5.768 ;
; Z          ; G           ; 5.769 ; 5.769 ; 5.769 ; 5.769 ;
; Z0         ; A0          ; 2.581 ; 2.581 ; 2.581 ; 2.581 ;
; Z0         ; B0          ; 2.627 ; 2.627 ; 2.627 ; 2.627 ;
; Z0         ; C0          ;       ; 2.631 ; 2.631 ;       ;
; Z0         ; D0          ; 2.814 ; 2.814 ; 2.814 ; 2.814 ;
; Z0         ; E0          ; 2.807 ;       ;       ; 2.807 ;
; Z0         ; F0          ; 2.785 ;       ;       ; 2.785 ;
; Z0         ; G0          ; 2.796 ; 2.796 ; 2.796 ; 2.796 ;
; Z1         ; A1          ; 3.590 ; 3.590 ; 3.590 ; 3.590 ;
; Z1         ; B1          ; 3.604 ; 3.604 ; 3.604 ; 3.604 ;
; Z1         ; C1          ;       ; 3.604 ; 3.604 ;       ;
; Z1         ; D1          ; 3.508 ; 3.508 ; 3.508 ; 3.508 ;
; Z1         ; E1          ; 3.480 ;       ;       ; 3.480 ;
; Z1         ; F1          ; 3.479 ;       ;       ; 3.479 ;
; Z1         ; G1          ; 3.611 ; 3.611 ; 3.611 ; 3.611 ;
; Z2         ; A2          ; 3.519 ; 3.519 ; 3.519 ; 3.519 ;
; Z2         ; B2          ; 3.530 ; 3.530 ; 3.530 ; 3.530 ;
; Z2         ; C2          ;       ; 3.531 ; 3.531 ;       ;
; Z2         ; D2          ; 3.637 ; 3.637 ; 3.637 ; 3.637 ;
; Z2         ; E2          ; 3.661 ;       ;       ; 3.661 ;
; Z2         ; F2          ; 3.659 ;       ;       ; 3.659 ;
; Z2         ; G2          ; 3.668 ; 3.668 ; 3.668 ; 3.668 ;
+------------+-------------+-------+-------+-------+-------+


-------------------
; Clock Transfers ;
-------------------
Nothing to report.


---------------
; Report TCCS ;
---------------
No dedicated SERDES Transmitter circuitry present in device or used in design


---------------
; Report RSKM ;
---------------
No dedicated SERDES Receiver circuitry present in device or used in design


+------------------------------------------------+
; Unconstrained Paths                            ;
+---------------------------------+-------+------+
; Property                        ; Setup ; Hold ;
+---------------------------------+-------+------+
; Illegal Clocks                  ; 0     ; 0    ;
; Unconstrained Clocks            ; 0     ; 0    ;
; Unconstrained Input Ports       ; 16    ; 16   ;
; Unconstrained Input Port Paths  ; 112   ; 112  ;
; Unconstrained Output Ports      ; 28    ; 28   ;
; Unconstrained Output Port Paths ; 112   ; 112  ;
+---------------------------------+-------+------+


+------------------------------------+
; TimeQuest Timing Analyzer Messages ;
+------------------------------------+
Info: *******************************************************************
Info: Running Quartus II 64-Bit TimeQuest Timing Analyzer
    Info: Version 12.1 Build 243 01/31/2013 Service Pack 1 SJ Full Version
    Info: Processing started: Wed Oct  7 18:35:26 2015
Info: Command: quartus_sta lab5step1 -c lab5step1
Info: qsta_default_script.tcl version: #1
Info (11104): Parallel Compilation has detected 8 hyper-threaded processors. However, the extra hyper-threaded processors will not be used by default. Parallel Compilation will use 4 of the 4 physical processors detected instead.
Info (21077): Low junction temperature is 0 degrees C
Info (21077): High junction temperature is 85 degrees C
Critical Warning (332012): Synopsys Design Constraints File file not found: 'lab5step1.sdc'. A Synopsys Design Constraints File is required by the TimeQuest Timing Analyzer to get proper timing constraints. Without it, the Compiler will not properly optimize the design.
Info (332142): No user constrained base clocks found in the design. Calling "derive_clocks -period 1.0"
Info (332096): The command derive_clocks did not find any clocks to derive.  No clocks were created or changed.
Warning (332068): No clocks defined in design.
Info: Found TIMEQUEST_REPORT_SCRIPT_INCLUDE_DEFAULT_ANALYSIS = ON
Info (332159): No clocks to report
Info: Analyzing Slow Model
Info (332140): No fmax paths to report
Info (332140): No Setup paths to report
Info (332140): No Hold paths to report
Info (332140): No Recovery paths to report
Info (332140): No Removal paths to report
Info (332140): No Minimum Pulse Width paths to report
Info (332001): The selected device family is not supported by the report_metastability command.
Info: Analyzing Fast Model
Info (332142): No user constrained base clocks found in the design. Calling "derive_clocks -period 1.0"
Info (332096): The command derive_clocks did not find any clocks to derive.  No clocks were created or changed.
Warning (332068): No clocks defined in design.
Info (332140): No Setup paths to report
Info (332140): No Hold paths to report
Info (332140): No Recovery paths to report
Info (332140): No Removal paths to report
Info (332140): No Minimum Pulse Width paths to report
Info (332001): The selected device family is not supported by the report_metastability command.
Info (332102): Design is not fully constrained for setup requirements
Info (332102): Design is not fully constrained for hold requirements
Info: Quartus II 64-Bit TimeQuest Timing Analyzer was successful. 0 errors, 3 warnings
    Info: Peak virtual memory: 586 megabytes
    Info: Processing ended: Wed Oct  7 18:35:28 2015
    Info: Elapsed time: 00:00:02
    Info: Total CPU time (on all processors): 00:00:00


