TimeQuest Timing Analyzer report for Lab06
Wed Oct 14 19:10:43 2015
Quartus II 64-Bit Version 12.1 Build 243 01/31/2013 Service Pack 1 SJ Full Version


---------------------
; Table of Contents ;
---------------------
  1. Legal Notice
  2. TimeQuest Timing Analyzer Summary
  3. Parallel Compilation
  4. Clocks
  5. Slow Model Fmax Summary
  6. Slow Model Setup Summary
  7. Slow Model Hold Summary
  8. Slow Model Recovery Summary
  9. Slow Model Removal Summary
 10. Slow Model Minimum Pulse Width Summary
 11. Propagation Delay
 12. Minimum Propagation Delay
 13. Fast Model Setup Summary
 14. Fast Model Hold Summary
 15. Fast Model Recovery Summary
 16. Fast Model Removal Summary
 17. Fast Model Minimum Pulse Width Summary
 18. Propagation Delay
 19. Minimum Propagation Delay
 20. Multicorner Timing Analysis Summary
 21. Progagation Delay
 22. Minimum Progagation Delay
 23. Clock Transfers
 24. Report TCCS
 25. Report RSKM
 26. Unconstrained Paths
 27. TimeQuest Timing Analyzer Messages



----------------
; Legal Notice ;
----------------
Copyright (C) 1991-2012 Altera Corporation
Your use of Altera Corporation's design tools, logic functions 
and other software and tools, and its AMPP partner logic 
functions, and any output files from any of the foregoing 
(including device programming or simulation files), and any 
associated documentation or information are expressly subject 
to the terms and conditions of the Altera Program License 
Subscription Agreement, Altera MegaCore Function License 
Agreement, or other applicable license agreement, including, 
without limitation, that your use is for the sole purpose of 
programming logic devices manufactured by Altera and sold by 
Altera or its authorized distributors.  Please refer to the 
applicable agreement for further details.



+---------------------------------------------------------------------------------------+
; TimeQuest Timing Analyzer Summary                                                     ;
+--------------------+------------------------------------------------------------------+
; Quartus II Version ; Version 12.1 Build 243 01/31/2013 Service Pack 1 SJ Full Version ;
; Revision Name      ; Lab06                                                            ;
; Device Family      ; Cyclone II                                                       ;
; Device Name        ; EP2C35F672C6                                                     ;
; Timing Models      ; Final                                                            ;
; Delay Model        ; Combined                                                         ;
; Rise/Fall Delays   ; Unavailable                                                      ;
+--------------------+------------------------------------------------------------------+


+------------------------------------------+
; Parallel Compilation                     ;
+----------------------------+-------------+
; Processors                 ; Number      ;
+----------------------------+-------------+
; Number detected on machine ; 8           ;
; Maximum allowed            ; 4           ;
;                            ;             ;
; Average used               ; 1.00        ;
; Maximum used               ; 1           ;
;                            ;             ;
; Usage by Processor         ; % Time Used ;
;     1 processor            ; 100.0%      ;
;     2-8 processors         ;   0.0%      ;
+----------------------------+-------------+


----------
; Clocks ;
----------
No clocks to report.


---------------------------
; Slow Model Fmax Summary ;
---------------------------
No paths to report.


----------------------------
; Slow Model Setup Summary ;
----------------------------
No paths to report.


---------------------------
; Slow Model Hold Summary ;
---------------------------
No paths to report.


-------------------------------
; Slow Model Recovery Summary ;
-------------------------------
No paths to report.


------------------------------
; Slow Model Removal Summary ;
------------------------------
No paths to report.


------------------------------------------
; Slow Model Minimum Pulse Width Summary ;
------------------------------------------
No paths to report.


+--------------------------------------------------------------+
; Propagation Delay                                            ;
+------------+-------------+--------+--------+--------+--------+
; Input Port ; Output Port ; RR     ; RF     ; FR     ; FF     ;
+------------+-------------+--------+--------+--------+--------+
; Ci         ; A1          ; 10.709 ; 10.709 ; 10.709 ; 10.709 ;
; Ci         ; A2          ; 10.277 ; 10.277 ; 10.277 ; 10.277 ;
; Ci         ; B1          ; 10.687 ; 10.687 ; 10.687 ; 10.687 ;
; Ci         ; C1          ; 10.697 ; 10.697 ; 10.697 ; 10.697 ;
; Ci         ; C2          ; 10.292 ; 10.154 ; 10.154 ; 10.292 ;
; Ci         ; D1          ; 11.010 ; 11.010 ; 11.010 ; 11.010 ;
; Ci         ; D2          ; 10.253 ; 10.253 ; 10.253 ; 10.253 ;
; Ci         ; E1          ; 10.969 ; 10.969 ; 10.969 ; 10.969 ;
; Ci         ; E2          ; 10.261 ; 10.261 ; 10.261 ; 10.261 ;
; Ci         ; F1          ; 10.840 ; 10.840 ; 10.840 ; 10.840 ;
; Ci         ; F2          ; 10.264 ; 10.142 ; 10.142 ; 10.264 ;
; Ci         ; G1          ; 11.030 ; 11.030 ; 11.030 ; 11.030 ;
; Ci         ; G2          ; 9.858  ; 9.979  ; 9.979  ; 9.858  ;
; W          ; A           ; 9.923  ; 9.923  ; 9.923  ; 9.923  ;
; W          ; A1          ; 11.233 ; 11.233 ; 11.233 ; 11.233 ;
; W          ; A2          ; 10.801 ; 10.801 ; 10.801 ; 10.801 ;
; W          ; B           ; 9.925  ; 9.925  ; 9.925  ; 9.925  ;
; W          ; B1          ; 11.211 ; 11.211 ; 11.211 ; 11.211 ;
; W          ; C           ; 9.880  ; 9.880  ; 9.880  ; 9.880  ;
; W          ; C1          ; 11.221 ; 11.221 ; 11.221 ; 11.221 ;
; W          ; C2          ; 10.816 ; 10.679 ; 10.679 ; 10.816 ;
; W          ; D           ; 9.891  ; 9.891  ; 9.891  ; 9.891  ;
; W          ; D1          ; 11.534 ; 11.534 ; 11.534 ; 11.534 ;
; W          ; D2          ; 10.777 ; 10.777 ; 10.777 ; 10.777 ;
; W          ; E           ;        ; 9.899  ; 9.899  ;        ;
; W          ; E1          ; 11.493 ; 11.493 ; 11.493 ; 11.493 ;
; W          ; E2          ; 10.785 ; 10.785 ; 10.785 ; 10.785 ;
; W          ; F           ; 9.937  ; 9.937  ; 9.937  ; 9.937  ;
; W          ; F1          ; 11.364 ; 11.364 ; 11.364 ; 11.364 ;
; W          ; F2          ; 10.788 ; 10.667 ; 10.667 ; 10.788 ;
; W          ; G           ; 9.937  ; 9.937  ; 9.937  ; 9.937  ;
; W          ; G1          ; 11.554 ; 11.554 ; 11.554 ; 11.554 ;
; W          ; G2          ; 10.383 ; 10.503 ; 10.503 ; 10.383 ;
; W0         ; A0          ; 9.551  ; 9.551  ; 9.551  ; 9.551  ;
; W0         ; A1          ; 11.490 ; 11.490 ; 11.490 ; 11.490 ;
; W0         ; A2          ; 11.058 ; 11.058 ; 11.058 ; 11.058 ;
; W0         ; B0          ; 9.550  ; 9.550  ; 9.550  ; 9.550  ;
; W0         ; B1          ; 11.468 ; 11.468 ; 11.468 ; 11.468 ;
; W0         ; C0          ; 9.522  ; 9.522  ; 9.522  ; 9.522  ;
; W0         ; C1          ; 11.478 ; 11.478 ; 11.478 ; 11.478 ;
; W0         ; C2          ; 11.073 ; 10.937 ; 10.937 ; 11.073 ;
; W0         ; D0          ; 10.101 ; 10.101 ; 10.101 ; 10.101 ;
; W0         ; D1          ; 11.791 ; 11.791 ; 11.791 ; 11.791 ;
; W0         ; D2          ; 11.034 ; 11.034 ; 11.034 ; 11.034 ;
; W0         ; E0          ;        ; 10.078 ; 10.078 ;        ;
; W0         ; E1          ; 11.750 ; 11.750 ; 11.750 ; 11.750 ;
; W0         ; E2          ; 11.042 ; 11.042 ; 11.042 ; 11.042 ;
; W0         ; F0          ; 10.062 ; 10.062 ; 10.062 ; 10.062 ;
; W0         ; F1          ; 11.621 ; 11.621 ; 11.621 ; 11.621 ;
; W0         ; F2          ; 11.045 ; 10.925 ; 10.925 ; 11.045 ;
; W0         ; G0          ; 10.089 ; 10.089 ; 10.089 ; 10.089 ;
; W0         ; G1          ; 11.811 ; 11.811 ; 11.811 ; 11.811 ;
; W0         ; G2          ; 10.641 ; 10.760 ; 10.760 ; 10.641 ;
; X          ; A           ; 10.186 ; 10.186 ; 10.186 ; 10.186 ;
; X          ; A1          ; 12.097 ; 12.097 ; 12.097 ; 12.097 ;
; X          ; A2          ; 11.665 ; 11.665 ; 11.665 ; 11.665 ;
; X          ; B           ; 10.207 ;        ;        ; 10.207 ;
; X          ; B1          ; 12.075 ; 12.075 ; 12.075 ; 12.075 ;
; X          ; C           ; 10.127 ; 10.127 ; 10.127 ; 10.127 ;
; X          ; C1          ; 12.085 ; 12.085 ; 12.085 ; 12.085 ;
; X          ; C2          ; 11.680 ; 11.542 ; 11.542 ; 11.680 ;
; X          ; D           ; 10.173 ; 10.173 ; 10.173 ; 10.173 ;
; X          ; D1          ; 12.398 ; 12.398 ; 12.398 ; 12.398 ;
; X          ; D2          ; 11.641 ; 11.641 ; 11.641 ; 11.641 ;
; X          ; E           ; 10.182 ; 10.182 ; 10.182 ; 10.182 ;
; X          ; E1          ; 12.357 ; 12.357 ; 12.357 ; 12.357 ;
; X          ; E2          ; 11.649 ; 11.649 ; 11.649 ; 11.649 ;
; X          ; F           ; 10.218 ; 10.218 ; 10.218 ; 10.218 ;
; X          ; F1          ; 12.228 ; 12.228 ; 12.228 ; 12.228 ;
; X          ; F2          ; 11.652 ; 11.530 ; 11.530 ; 11.652 ;
; X          ; G           ; 10.220 ; 10.220 ; 10.220 ; 10.220 ;
; X          ; G1          ; 12.418 ; 12.418 ; 12.418 ; 12.418 ;
; X          ; G2          ; 11.246 ; 11.367 ; 11.367 ; 11.246 ;
; X0         ; A0          ; 4.972  ; 4.972  ; 4.972  ; 4.972  ;
; X0         ; A1          ; 7.636  ; 7.636  ; 7.636  ; 7.636  ;
; X0         ; A2          ; 7.204  ; 7.204  ; 7.204  ; 7.204  ;
; X0         ; B0          ; 4.971  ;        ;        ; 4.971  ;
; X0         ; B1          ; 7.614  ; 7.614  ; 7.614  ; 7.614  ;
; X0         ; C0          ; 4.968  ; 4.968  ; 4.968  ; 4.968  ;
; X0         ; C1          ; 7.624  ; 7.624  ; 7.624  ; 7.624  ;
; X0         ; C2          ; 7.219  ; 7.081  ; 7.081  ; 7.219  ;
; X0         ; D0          ; 5.522  ; 5.522  ; 5.522  ; 5.522  ;
; X0         ; D1          ; 7.937  ; 7.937  ; 7.937  ; 7.937  ;
; X0         ; D2          ; 7.180  ; 7.180  ; 7.180  ; 7.180  ;
; X0         ; E0          ; 5.520  ; 5.520  ; 5.520  ; 5.520  ;
; X0         ; E1          ; 7.896  ; 7.896  ; 7.896  ; 7.896  ;
; X0         ; E2          ; 7.188  ; 7.188  ; 7.188  ; 7.188  ;
; X0         ; F0          ; 5.519  ; 5.519  ; 5.519  ; 5.519  ;
; X0         ; F1          ; 7.767  ; 7.767  ; 7.767  ; 7.767  ;
; X0         ; F2          ; 7.191  ; 7.069  ; 7.069  ; 7.191  ;
; X0         ; G0          ; 5.528  ; 5.528  ; 5.528  ; 5.528  ;
; X0         ; G1          ; 7.957  ; 7.957  ; 7.957  ; 7.957  ;
; X0         ; G2          ; 6.785  ; 6.906  ; 6.906  ; 6.785  ;
; Y          ; A           ; 10.032 ; 10.032 ; 10.032 ; 10.032 ;
; Y          ; A1          ; 13.042 ; 13.042 ; 13.042 ; 13.042 ;
; Y          ; A2          ; 12.610 ; 12.610 ; 12.610 ; 12.610 ;
; Y          ; B           ; 10.037 ; 10.037 ; 10.037 ; 10.037 ;
; Y          ; B1          ; 13.020 ; 13.020 ; 13.020 ; 13.020 ;
; Y          ; C           ; 9.989  ;        ;        ; 9.989  ;
; Y          ; C1          ; 13.030 ; 13.030 ; 13.030 ; 13.030 ;
; Y          ; C2          ; 12.625 ; 12.487 ; 12.487 ; 12.625 ;
; Y          ; D           ; 10.004 ; 10.004 ; 10.004 ; 10.004 ;
; Y          ; D1          ; 13.343 ; 13.343 ; 13.343 ; 13.343 ;
; Y          ; D2          ; 12.586 ; 12.586 ; 12.586 ; 12.586 ;
; Y          ; E           ;        ; 10.012 ; 10.012 ;        ;
; Y          ; E1          ; 13.302 ; 13.302 ; 13.302 ; 13.302 ;
; Y          ; E2          ; 12.594 ; 12.594 ; 12.594 ; 12.594 ;
; Y          ; F           ; 10.050 ; 10.050 ; 10.050 ; 10.050 ;
; Y          ; F1          ; 13.173 ; 13.173 ; 13.173 ; 13.173 ;
; Y          ; F2          ; 12.597 ; 12.475 ; 12.475 ; 12.597 ;
; Y          ; G           ; 10.046 ; 10.046 ; 10.046 ; 10.046 ;
; Y          ; G1          ; 13.363 ; 13.363 ; 13.363 ; 13.363 ;
; Y          ; G2          ; 12.191 ; 12.312 ; 12.312 ; 12.191 ;
; Y0         ; A0          ; 5.057  ; 5.057  ; 5.057  ; 5.057  ;
; Y0         ; A1          ; 8.559  ; 8.559  ; 8.559  ; 8.559  ;
; Y0         ; A2          ; 8.127  ; 8.127  ; 8.127  ; 8.127  ;
; Y0         ; B0          ; 5.057  ; 5.057  ; 5.057  ; 5.057  ;
; Y0         ; B1          ; 8.537  ; 8.537  ; 8.537  ; 8.537  ;
; Y0         ; C0          ; 5.055  ;        ;        ; 5.055  ;
; Y0         ; C1          ; 8.547  ; 8.547  ; 8.547  ; 8.547  ;
; Y0         ; C2          ; 8.142  ; 8.004  ; 8.004  ; 8.142  ;
; Y0         ; D0          ; 5.610  ; 5.610  ; 5.610  ; 5.610  ;
; Y0         ; D1          ; 8.860  ; 8.860  ; 8.860  ; 8.860  ;
; Y0         ; D2          ; 8.103  ; 8.103  ; 8.103  ; 8.103  ;
; Y0         ; E0          ;        ; 5.603  ; 5.603  ;        ;
; Y0         ; E1          ; 8.819  ; 8.819  ; 8.819  ; 8.819  ;
; Y0         ; E2          ; 8.111  ; 8.111  ; 8.111  ; 8.111  ;
; Y0         ; F0          ; 5.606  ; 5.606  ; 5.606  ; 5.606  ;
; Y0         ; F1          ; 8.690  ; 8.690  ; 8.690  ; 8.690  ;
; Y0         ; F2          ; 8.114  ; 7.992  ; 7.992  ; 8.114  ;
; Y0         ; G0          ; 5.609  ; 5.609  ; 5.609  ; 5.609  ;
; Y0         ; G1          ; 8.880  ; 8.880  ; 8.880  ; 8.880  ;
; Y0         ; G2          ; 7.708  ; 7.829  ; 7.829  ; 7.708  ;
; Z          ; A           ; 10.228 ; 10.228 ; 10.228 ; 10.228 ;
; Z          ; A1          ; 13.961 ; 13.961 ; 13.961 ; 13.961 ;
; Z          ; A2          ; 13.529 ; 13.529 ; 13.529 ; 13.529 ;
; Z          ; B           ; 10.232 ; 10.232 ; 10.232 ; 10.232 ;
; Z          ; B1          ; 13.939 ; 13.939 ; 13.939 ; 13.939 ;
; Z          ; C           ;        ; 10.157 ; 10.157 ;        ;
; Z          ; C1          ; 13.949 ; 13.949 ; 13.949 ; 13.949 ;
; Z          ; C2          ; 13.544 ; 13.406 ; 13.406 ; 13.544 ;
; Z          ; D           ; 10.201 ; 10.201 ; 10.201 ; 10.201 ;
; Z          ; D1          ; 14.262 ; 14.262 ; 14.262 ; 14.262 ;
; Z          ; D2          ; 13.505 ; 13.505 ; 13.505 ; 13.505 ;
; Z          ; E           ; 10.209 ;        ;        ; 10.209 ;
; Z          ; E1          ; 14.221 ; 14.221 ; 14.221 ; 14.221 ;
; Z          ; E2          ; 13.513 ; 13.513 ; 13.513 ; 13.513 ;
; Z          ; F           ; 10.245 ;        ;        ; 10.245 ;
; Z          ; F1          ; 14.092 ; 14.092 ; 14.092 ; 14.092 ;
; Z          ; F2          ; 13.516 ; 13.394 ; 13.394 ; 13.516 ;
; Z          ; G           ; 10.245 ; 10.245 ; 10.245 ; 10.245 ;
; Z          ; G1          ; 14.282 ; 14.282 ; 14.282 ; 14.282 ;
; Z          ; G2          ; 13.110 ; 13.231 ; 13.231 ; 13.110 ;
; Z0         ; A0          ; 5.220  ; 5.220  ; 5.220  ; 5.220  ;
; Z0         ; A1          ; 9.201  ; 9.201  ; 9.201  ; 9.201  ;
; Z0         ; A2          ; 8.769  ; 8.769  ; 8.769  ; 8.769  ;
; Z0         ; B0          ; 5.219  ; 5.219  ; 5.219  ; 5.219  ;
; Z0         ; B1          ; 9.179  ; 9.179  ; 9.179  ; 9.179  ;
; Z0         ; C0          ;        ; 5.190  ; 5.190  ;        ;
; Z0         ; C1          ; 9.189  ; 9.189  ; 9.189  ; 9.189  ;
; Z0         ; C2          ; 8.784  ; 8.646  ; 8.646  ; 8.784  ;
; Z0         ; D0          ; 5.767  ; 5.767  ; 5.767  ; 5.767  ;
; Z0         ; D1          ; 9.502  ; 9.502  ; 9.502  ; 9.502  ;
; Z0         ; D2          ; 8.745  ; 8.745  ; 8.745  ; 8.745  ;
; Z0         ; E0          ; 5.761  ;        ;        ; 5.761  ;
; Z0         ; E1          ; 9.461  ; 9.461  ; 9.461  ; 9.461  ;
; Z0         ; E2          ; 8.753  ; 8.753  ; 8.753  ; 8.753  ;
; Z0         ; F0          ; 5.760  ;        ;        ; 5.760  ;
; Z0         ; F1          ; 9.332  ; 9.332  ; 9.332  ; 9.332  ;
; Z0         ; F2          ; 8.756  ; 8.634  ; 8.634  ; 8.756  ;
; Z0         ; G0          ; 5.767  ; 5.767  ; 5.767  ; 5.767  ;
; Z0         ; G1          ; 9.522  ; 9.522  ; 9.522  ; 9.522  ;
; Z0         ; G2          ; 8.350  ; 8.471  ; 8.471  ; 8.350  ;
+------------+-------------+--------+--------+--------+--------+


+--------------------------------------------------------------+
; Minimum Propagation Delay                                    ;
+------------+-------------+--------+--------+--------+--------+
; Input Port ; Output Port ; RR     ; RF     ; FR     ; FF     ;
+------------+-------------+--------+--------+--------+--------+
; Ci         ; A1          ; 7.638  ; 7.638  ; 7.638  ; 7.638  ;
; Ci         ; A2          ; 8.313  ; 8.313  ; 8.313  ; 8.313  ;
; Ci         ; B1          ; 7.606  ; 7.606  ; 7.606  ; 7.606  ;
; Ci         ; C1          ; 7.603  ; 7.603  ; 7.603  ; 7.603  ;
; Ci         ; C2          ; 8.323  ; 8.323  ; 8.323  ; 8.323  ;
; Ci         ; D1          ; 7.914  ; 7.914  ; 7.914  ; 7.914  ;
; Ci         ; D2          ; 8.289  ; 8.289  ; 8.289  ; 8.289  ;
; Ci         ; E1          ; 7.914  ; 7.914  ; 7.914  ; 7.914  ;
; Ci         ; E2          ; 8.299  ; 8.299  ; 8.299  ; 8.299  ;
; Ci         ; F1          ; 7.777  ; 7.777  ; 7.777  ; 7.777  ;
; Ci         ; F2          ; 8.298  ; 8.298  ; 8.298  ; 8.298  ;
; Ci         ; G1          ; 7.935  ; 7.935  ; 7.935  ; 7.935  ;
; Ci         ; G2          ; 8.641  ; 8.641  ; 8.641  ; 8.641  ;
; W          ; A           ; 9.923  ; 9.923  ; 9.923  ; 9.923  ;
; W          ; A1          ; 10.954 ; 10.954 ; 10.954 ; 10.954 ;
; W          ; A2          ; 10.671 ; 10.671 ; 10.671 ; 10.671 ;
; W          ; B           ; 9.925  ; 9.925  ; 9.925  ; 9.925  ;
; W          ; B1          ; 10.919 ; 10.919 ; 10.919 ; 10.919 ;
; W          ; C           ; 9.880  ; 9.880  ; 9.880  ; 9.880  ;
; W          ; C1          ; 10.915 ; 10.915 ; 10.915 ; 10.915 ;
; W          ; C2          ; 10.679 ; 10.679 ; 10.679 ; 10.679 ;
; W          ; D           ; 9.891  ; 9.891  ; 9.891  ; 9.891  ;
; W          ; D1          ; 11.230 ; 11.230 ; 11.230 ; 11.230 ;
; W          ; D2          ; 10.647 ; 10.647 ; 10.647 ; 10.647 ;
; W          ; E           ;        ; 9.899  ; 9.899  ;        ;
; W          ; E1          ; 11.227 ; 11.227 ; 11.227 ; 11.227 ;
; W          ; E2          ; 10.672 ; 10.672 ; 10.672 ; 10.672 ;
; W          ; F           ; 9.937  ; 9.937  ; 9.937  ; 9.937  ;
; W          ; F1          ; 11.089 ; 11.089 ; 11.089 ; 11.089 ;
; W          ; F2          ; 10.667 ; 10.667 ; 10.667 ; 10.667 ;
; W          ; G           ; 9.937  ; 9.937  ; 9.937  ; 9.937  ;
; W          ; G1          ; 11.247 ; 11.247 ; 11.247 ; 11.247 ;
; W          ; G2          ; 10.383 ; 10.383 ; 10.383 ; 10.383 ;
; W0         ; A0          ; 9.551  ; 9.551  ; 9.551  ; 9.551  ;
; W0         ; A1          ; 11.212 ; 11.212 ; 11.212 ; 11.212 ;
; W0         ; A2          ; 10.929 ; 10.929 ; 10.929 ; 10.929 ;
; W0         ; B0          ; 9.550  ; 9.550  ; 9.550  ; 9.550  ;
; W0         ; B1          ; 11.177 ; 11.177 ; 11.177 ; 11.177 ;
; W0         ; C0          ; 9.522  ; 9.522  ; 9.522  ; 9.522  ;
; W0         ; C1          ; 11.173 ; 11.173 ; 11.173 ; 11.173 ;
; W0         ; C2          ; 10.937 ; 10.937 ; 10.937 ; 10.937 ;
; W0         ; D0          ; 10.101 ; 10.101 ; 10.101 ; 10.101 ;
; W0         ; D1          ; 11.488 ; 11.488 ; 11.488 ; 11.488 ;
; W0         ; D2          ; 10.905 ; 10.905 ; 10.905 ; 10.905 ;
; W0         ; E0          ;        ; 10.078 ; 10.078 ;        ;
; W0         ; E1          ; 11.485 ; 11.485 ; 11.485 ; 11.485 ;
; W0         ; E2          ; 10.930 ; 10.930 ; 10.930 ; 10.930 ;
; W0         ; F0          ; 10.062 ; 10.062 ; 10.062 ; 10.062 ;
; W0         ; F1          ; 11.347 ; 11.347 ; 11.347 ; 11.347 ;
; W0         ; F2          ; 10.925 ; 10.925 ; 10.925 ; 10.925 ;
; W0         ; G0          ; 10.089 ; 10.089 ; 10.089 ; 10.089 ;
; W0         ; G1          ; 11.505 ; 11.505 ; 11.505 ; 11.505 ;
; W0         ; G2          ; 10.641 ; 10.641 ; 10.641 ; 10.641 ;
; X          ; A           ; 10.186 ; 10.186 ; 10.186 ; 10.186 ;
; X          ; A1          ; 11.308 ; 11.308 ; 11.308 ; 11.308 ;
; X          ; A2          ; 11.027 ; 11.027 ; 11.027 ; 11.027 ;
; X          ; B           ; 10.207 ;        ;        ; 10.207 ;
; X          ; B1          ; 11.273 ; 11.273 ; 11.273 ; 11.273 ;
; X          ; C           ; 10.127 ; 10.127 ; 10.127 ; 10.127 ;
; X          ; C1          ; 11.269 ; 11.269 ; 11.269 ; 11.269 ;
; X          ; C2          ; 11.037 ; 11.037 ; 11.037 ; 11.037 ;
; X          ; D           ; 10.173 ; 10.173 ; 10.173 ; 10.173 ;
; X          ; D1          ; 11.584 ; 11.584 ; 11.584 ; 11.584 ;
; X          ; D2          ; 11.003 ; 11.003 ; 11.003 ; 11.003 ;
; X          ; E           ; 10.182 ; 10.182 ; 10.182 ; 10.182 ;
; X          ; E1          ; 11.581 ; 11.581 ; 11.581 ; 11.581 ;
; X          ; E2          ; 11.024 ; 11.024 ; 11.024 ; 11.024 ;
; X          ; F           ; 10.218 ; 10.218 ; 10.218 ; 10.218 ;
; X          ; F1          ; 11.443 ; 11.443 ; 11.443 ; 11.443 ;
; X          ; F2          ; 11.021 ; 11.021 ; 11.021 ; 11.021 ;
; X          ; G           ; 10.220 ; 10.220 ; 10.220 ; 10.220 ;
; X          ; G1          ; 11.601 ; 11.601 ; 11.601 ; 11.601 ;
; X          ; G2          ; 10.430 ; 10.430 ; 10.430 ; 10.430 ;
; X0         ; A0          ; 4.972  ; 4.972  ; 4.972  ; 4.972  ;
; X0         ; A1          ; 6.790  ; 6.790  ; 6.790  ; 6.790  ;
; X0         ; A2          ; 6.509  ; 6.509  ; 6.509  ; 6.509  ;
; X0         ; B0          ; 4.971  ;        ;        ; 4.971  ;
; X0         ; B1          ; 6.755  ; 6.755  ; 6.755  ; 6.755  ;
; X0         ; C0          ; 4.968  ; 4.968  ; 4.968  ; 4.968  ;
; X0         ; C1          ; 6.751  ; 6.751  ; 6.751  ; 6.751  ;
; X0         ; C2          ; 6.519  ; 6.519  ; 6.519  ; 6.519  ;
; X0         ; D0          ; 5.522  ; 5.522  ; 5.522  ; 5.522  ;
; X0         ; D1          ; 7.066  ; 7.066  ; 7.066  ; 7.066  ;
; X0         ; D2          ; 6.485  ; 6.485  ; 6.485  ; 6.485  ;
; X0         ; E0          ; 5.520  ; 5.520  ; 5.520  ; 5.520  ;
; X0         ; E1          ; 7.063  ; 7.063  ; 7.063  ; 7.063  ;
; X0         ; E2          ; 6.506  ; 6.506  ; 6.506  ; 6.506  ;
; X0         ; F0          ; 5.519  ; 5.519  ; 5.519  ; 5.519  ;
; X0         ; F1          ; 6.925  ; 6.925  ; 6.925  ; 6.925  ;
; X0         ; F2          ; 6.503  ; 6.503  ; 6.503  ; 6.503  ;
; X0         ; G0          ; 5.528  ; 5.528  ; 5.528  ; 5.528  ;
; X0         ; G1          ; 7.083  ; 7.083  ; 7.083  ; 7.083  ;
; X0         ; G2          ; 5.912  ; 5.912  ; 5.912  ; 5.912  ;
; Y          ; A           ; 10.032 ; 10.032 ; 10.032 ; 10.032 ;
; Y          ; A1          ; 10.933 ; 10.933 ; 10.933 ; 10.933 ;
; Y          ; A2          ; 10.652 ; 10.652 ; 10.652 ; 10.652 ;
; Y          ; B           ; 10.037 ; 10.037 ; 10.037 ; 10.037 ;
; Y          ; B1          ; 10.898 ; 10.898 ; 10.898 ; 10.898 ;
; Y          ; C           ; 9.989  ;        ;        ; 9.989  ;
; Y          ; C1          ; 10.894 ; 10.894 ; 10.894 ; 10.894 ;
; Y          ; C2          ; 10.662 ; 10.662 ; 10.662 ; 10.662 ;
; Y          ; D           ; 10.004 ; 10.004 ; 10.004 ; 10.004 ;
; Y          ; D1          ; 11.209 ; 11.209 ; 11.209 ; 11.209 ;
; Y          ; D2          ; 10.628 ; 10.628 ; 10.628 ; 10.628 ;
; Y          ; E           ;        ; 10.012 ; 10.012 ;        ;
; Y          ; E1          ; 11.206 ; 11.206 ; 11.206 ; 11.206 ;
; Y          ; E2          ; 10.638 ; 10.638 ; 10.638 ; 10.638 ;
; Y          ; F           ; 10.050 ; 10.050 ; 10.050 ; 10.050 ;
; Y          ; F1          ; 11.068 ; 11.068 ; 11.068 ; 11.068 ;
; Y          ; F2          ; 10.637 ; 10.637 ; 10.637 ; 10.637 ;
; Y          ; G           ; 10.046 ; 10.046 ; 10.046 ; 10.046 ;
; Y          ; G1          ; 11.226 ; 11.226 ; 11.226 ; 11.226 ;
; Y          ; G2          ; 10.969 ; 10.969 ; 10.969 ; 10.969 ;
; Y0         ; A0          ; 5.057  ; 5.057  ; 5.057  ; 5.057  ;
; Y0         ; A1          ; 6.440  ; 6.440  ; 6.440  ; 6.440  ;
; Y0         ; A2          ; 6.159  ; 6.159  ; 6.159  ; 6.159  ;
; Y0         ; B0          ; 5.057  ; 5.057  ; 5.057  ; 5.057  ;
; Y0         ; B1          ; 6.405  ; 6.405  ; 6.405  ; 6.405  ;
; Y0         ; C0          ; 5.055  ;        ;        ; 5.055  ;
; Y0         ; C1          ; 6.401  ; 6.401  ; 6.401  ; 6.401  ;
; Y0         ; C2          ; 6.169  ; 6.169  ; 6.169  ; 6.169  ;
; Y0         ; D0          ; 5.610  ; 5.610  ; 5.610  ; 5.610  ;
; Y0         ; D1          ; 6.716  ; 6.716  ; 6.716  ; 6.716  ;
; Y0         ; D2          ; 6.135  ; 6.135  ; 6.135  ; 6.135  ;
; Y0         ; E0          ;        ; 5.603  ; 5.603  ;        ;
; Y0         ; E1          ; 6.713  ; 6.713  ; 6.713  ; 6.713  ;
; Y0         ; E2          ; 6.145  ; 6.145  ; 6.145  ; 6.145  ;
; Y0         ; F0          ; 5.606  ; 5.606  ; 5.606  ; 5.606  ;
; Y0         ; F1          ; 6.575  ; 6.575  ; 6.575  ; 6.575  ;
; Y0         ; F2          ; 6.144  ; 6.144  ; 6.144  ; 6.144  ;
; Y0         ; G0          ; 5.609  ; 5.609  ; 5.609  ; 5.609  ;
; Y0         ; G1          ; 6.733  ; 6.733  ; 6.733  ; 6.733  ;
; Y0         ; G2          ; 6.495  ; 6.495  ; 6.495  ; 6.495  ;
; Z          ; A           ; 10.228 ; 10.228 ; 10.228 ; 10.228 ;
; Z          ; A1          ; 10.575 ; 10.575 ; 10.575 ; 10.575 ;
; Z          ; A2          ; 11.221 ; 11.221 ; 11.221 ; 11.221 ;
; Z          ; B           ; 10.232 ; 10.232 ; 10.232 ; 10.232 ;
; Z          ; B1          ; 10.543 ; 10.543 ; 10.543 ; 10.543 ;
; Z          ; C           ;        ; 10.157 ; 10.157 ;        ;
; Z          ; C1          ; 10.540 ; 10.540 ; 10.540 ; 10.540 ;
; Z          ; C2          ; 11.231 ; 11.231 ; 11.231 ; 11.231 ;
; Z          ; D           ; 10.201 ; 10.201 ; 10.201 ; 10.201 ;
; Z          ; D1          ; 10.851 ; 10.851 ; 10.851 ; 10.851 ;
; Z          ; D2          ; 11.197 ; 11.197 ; 11.197 ; 11.197 ;
; Z          ; E           ; 10.209 ;        ;        ; 10.209 ;
; Z          ; E1          ; 10.851 ; 10.851 ; 10.851 ; 10.851 ;
; Z          ; E2          ; 11.207 ; 11.207 ; 11.207 ; 11.207 ;
; Z          ; F           ; 10.245 ;        ;        ; 10.245 ;
; Z          ; F1          ; 10.714 ; 10.714 ; 10.714 ; 10.714 ;
; Z          ; F2          ; 11.206 ; 11.206 ; 11.206 ; 11.206 ;
; Z          ; G           ; 10.245 ; 10.245 ; 10.245 ; 10.245 ;
; Z          ; G1          ; 10.872 ; 10.872 ; 10.872 ; 10.872 ;
; Z          ; G2          ; 11.549 ; 11.549 ; 11.549 ; 11.549 ;
; Z0         ; A0          ; 5.220  ; 5.220  ; 5.220  ; 5.220  ;
; Z0         ; A1          ; 5.817  ; 5.817  ; 5.817  ; 5.817  ;
; Z0         ; A2          ; 6.479  ; 6.479  ; 6.479  ; 6.479  ;
; Z0         ; B0          ; 5.219  ; 5.219  ; 5.219  ; 5.219  ;
; Z0         ; B1          ; 5.785  ; 5.785  ; 5.785  ; 5.785  ;
; Z0         ; C0          ;        ; 5.190  ; 5.190  ;        ;
; Z0         ; C1          ; 5.782  ; 5.782  ; 5.782  ; 5.782  ;
; Z0         ; C2          ; 6.489  ; 6.489  ; 6.489  ; 6.489  ;
; Z0         ; D0          ; 5.767  ; 5.767  ; 5.767  ; 5.767  ;
; Z0         ; D1          ; 6.093  ; 6.093  ; 6.093  ; 6.093  ;
; Z0         ; D2          ; 6.455  ; 6.455  ; 6.455  ; 6.455  ;
; Z0         ; E0          ; 5.761  ;        ;        ; 5.761  ;
; Z0         ; E1          ; 6.093  ; 6.093  ; 6.093  ; 6.093  ;
; Z0         ; E2          ; 6.465  ; 6.465  ; 6.465  ; 6.465  ;
; Z0         ; F0          ; 5.760  ;        ;        ; 5.760  ;
; Z0         ; F1          ; 5.956  ; 5.956  ; 5.956  ; 5.956  ;
; Z0         ; F2          ; 6.464  ; 6.464  ; 6.464  ; 6.464  ;
; Z0         ; G0          ; 5.767  ; 5.767  ; 5.767  ; 5.767  ;
; Z0         ; G1          ; 6.114  ; 6.114  ; 6.114  ; 6.114  ;
; Z0         ; G2          ; 6.807  ; 6.807  ; 6.807  ; 6.807  ;
+------------+-------------+--------+--------+--------+--------+


----------------------------
; Fast Model Setup Summary ;
----------------------------
No paths to report.


---------------------------
; Fast Model Hold Summary ;
---------------------------
No paths to report.


-------------------------------
; Fast Model Recovery Summary ;
-------------------------------
No paths to report.


------------------------------
; Fast Model Removal Summary ;
------------------------------
No paths to report.


------------------------------------------
; Fast Model Minimum Pulse Width Summary ;
------------------------------------------
No paths to report.


+----------------------------------------------------------+
; Propagation Delay                                        ;
+------------+-------------+-------+-------+-------+-------+
; Input Port ; Output Port ; RR    ; RF    ; FR    ; FF    ;
+------------+-------------+-------+-------+-------+-------+
; Ci         ; A1          ; 5.228 ; 5.228 ; 5.228 ; 5.228 ;
; Ci         ; A2          ; 5.038 ; 5.038 ; 5.038 ; 5.038 ;
; Ci         ; B1          ; 5.188 ; 5.188 ; 5.188 ; 5.188 ;
; Ci         ; C1          ; 5.205 ; 5.205 ; 5.205 ; 5.205 ;
; Ci         ; C2          ; 5.051 ; 4.989 ; 4.989 ; 5.051 ;
; Ci         ; D1          ; 5.350 ; 5.350 ; 5.350 ; 5.350 ;
; Ci         ; D2          ; 5.016 ; 5.016 ; 5.016 ; 5.016 ;
; Ci         ; E1          ; 5.329 ; 5.329 ; 5.329 ; 5.329 ;
; Ci         ; E2          ; 5.031 ; 5.031 ; 5.031 ; 5.031 ;
; Ci         ; F1          ; 5.281 ; 5.281 ; 5.281 ; 5.281 ;
; Ci         ; F2          ; 5.027 ; 4.988 ; 4.988 ; 5.027 ;
; Ci         ; G1          ; 5.359 ; 5.359 ; 5.359 ; 5.359 ;
; Ci         ; G2          ; 4.860 ; 4.910 ; 4.910 ; 4.860 ;
; W          ; A           ; 5.558 ; 5.558 ; 5.558 ; 5.558 ;
; W          ; A1          ; 6.060 ; 6.060 ; 6.060 ; 6.060 ;
; W          ; A2          ; 5.870 ; 5.870 ; 5.870 ; 5.870 ;
; W          ; B           ; 5.561 ; 5.561 ; 5.561 ; 5.561 ;
; W          ; B1          ; 6.020 ; 6.020 ; 6.020 ; 6.020 ;
; W          ; C           ; 5.521 ; 5.521 ; 5.521 ; 5.521 ;
; W          ; C1          ; 6.037 ; 6.037 ; 6.037 ; 6.037 ;
; W          ; C2          ; 5.883 ; 5.817 ; 5.817 ; 5.883 ;
; W          ; D           ; 5.530 ; 5.530 ; 5.530 ; 5.530 ;
; W          ; D1          ; 6.182 ; 6.182 ; 6.182 ; 6.182 ;
; W          ; D2          ; 5.848 ; 5.848 ; 5.848 ; 5.848 ;
; W          ; E           ;       ; 5.533 ; 5.533 ;       ;
; W          ; E1          ; 6.161 ; 6.161 ; 6.161 ; 6.161 ;
; W          ; E2          ; 5.863 ; 5.863 ; 5.863 ; 5.863 ;
; W          ; F           ; 5.570 ; 5.570 ; 5.570 ; 5.570 ;
; W          ; F1          ; 6.113 ; 6.113 ; 6.113 ; 6.113 ;
; W          ; F2          ; 5.859 ; 5.816 ; 5.816 ; 5.859 ;
; W          ; G           ; 5.570 ; 5.570 ; 5.570 ; 5.570 ;
; W          ; G1          ; 6.191 ; 6.191 ; 6.191 ; 6.191 ;
; W          ; G2          ; 5.688 ; 5.742 ; 5.742 ; 5.688 ;
; W0         ; A0          ; 5.317 ; 5.317 ; 5.317 ; 5.317 ;
; W0         ; A1          ; 6.178 ; 6.178 ; 6.178 ; 6.178 ;
; W0         ; A2          ; 5.988 ; 5.988 ; 5.988 ; 5.988 ;
; W0         ; B0          ; 5.317 ; 5.317 ; 5.317 ; 5.317 ;
; W0         ; B1          ; 6.138 ; 6.138 ; 6.138 ; 6.138 ;
; W0         ; C0          ; 5.322 ; 5.322 ; 5.322 ; 5.322 ;
; W0         ; C1          ; 6.155 ; 6.155 ; 6.155 ; 6.155 ;
; W0         ; C2          ; 6.001 ; 5.940 ; 5.940 ; 6.001 ;
; W0         ; D0          ; 5.599 ; 5.599 ; 5.599 ; 5.599 ;
; W0         ; D1          ; 6.300 ; 6.300 ; 6.300 ; 6.300 ;
; W0         ; D2          ; 5.966 ; 5.966 ; 5.966 ; 5.966 ;
; W0         ; E0          ;       ; 5.586 ; 5.586 ;       ;
; W0         ; E1          ; 6.279 ; 6.279 ; 6.279 ; 6.279 ;
; W0         ; E2          ; 5.981 ; 5.981 ; 5.981 ; 5.981 ;
; W0         ; F0          ; 5.586 ; 5.586 ; 5.586 ; 5.586 ;
; W0         ; F1          ; 6.231 ; 6.231 ; 6.231 ; 6.231 ;
; W0         ; F2          ; 5.977 ; 5.939 ; 5.939 ; 5.977 ;
; W0         ; G0          ; 5.578 ; 5.578 ; 5.578 ; 5.578 ;
; W0         ; G1          ; 6.309 ; 6.309 ; 6.309 ; 6.309 ;
; W0         ; G2          ; 5.811 ; 5.860 ; 5.860 ; 5.811 ;
; X          ; A           ; 5.676 ; 5.676 ; 5.676 ; 5.676 ;
; X          ; A1          ; 6.437 ; 6.437 ; 6.437 ; 6.437 ;
; X          ; A2          ; 6.247 ; 6.247 ; 6.247 ; 6.247 ;
; X          ; B           ; 5.690 ;       ;       ; 5.690 ;
; X          ; B1          ; 6.397 ; 6.397 ; 6.397 ; 6.397 ;
; X          ; C           ; 5.645 ; 5.645 ; 5.645 ; 5.645 ;
; X          ; C1          ; 6.414 ; 6.414 ; 6.414 ; 6.414 ;
; X          ; C2          ; 6.260 ; 6.198 ; 6.198 ; 6.260 ;
; X          ; D           ; 5.656 ; 5.656 ; 5.656 ; 5.656 ;
; X          ; D1          ; 6.559 ; 6.559 ; 6.559 ; 6.559 ;
; X          ; D2          ; 6.225 ; 6.225 ; 6.225 ; 6.225 ;
; X          ; E           ; 5.662 ; 5.662 ; 5.662 ; 5.662 ;
; X          ; E1          ; 6.538 ; 6.538 ; 6.538 ; 6.538 ;
; X          ; E2          ; 6.240 ; 6.240 ; 6.240 ; 6.240 ;
; X          ; F           ; 5.701 ; 5.701 ; 5.701 ; 5.701 ;
; X          ; F1          ; 6.490 ; 6.490 ; 6.490 ; 6.490 ;
; X          ; F2          ; 6.236 ; 6.197 ; 6.197 ; 6.236 ;
; X          ; G           ; 5.693 ; 5.693 ; 5.693 ; 5.693 ;
; X          ; G1          ; 6.568 ; 6.568 ; 6.568 ; 6.568 ;
; X          ; G2          ; 6.069 ; 6.119 ; 6.119 ; 6.069 ;
; X0         ; A0          ; 2.598 ; 2.598 ; 2.598 ; 2.598 ;
; X0         ; A1          ; 3.778 ; 3.778 ; 3.778 ; 3.778 ;
; X0         ; A2          ; 3.588 ; 3.588 ; 3.588 ; 3.588 ;
; X0         ; B0          ; 2.598 ;       ;       ; 2.598 ;
; X0         ; B1          ; 3.738 ; 3.738 ; 3.738 ; 3.738 ;
; X0         ; C0          ; 2.597 ; 2.597 ; 2.597 ; 2.597 ;
; X0         ; C1          ; 3.755 ; 3.755 ; 3.755 ; 3.755 ;
; X0         ; C2          ; 3.601 ; 3.539 ; 3.539 ; 3.601 ;
; X0         ; D0          ; 2.882 ; 2.882 ; 2.882 ; 2.882 ;
; X0         ; D1          ; 3.900 ; 3.900 ; 3.900 ; 3.900 ;
; X0         ; D2          ; 3.566 ; 3.566 ; 3.566 ; 3.566 ;
; X0         ; E0          ; 2.884 ; 2.884 ; 2.884 ; 2.884 ;
; X0         ; E1          ; 3.879 ; 3.879 ; 3.879 ; 3.879 ;
; X0         ; E2          ; 3.581 ; 3.581 ; 3.581 ; 3.581 ;
; X0         ; F0          ; 2.872 ; 2.872 ; 2.872 ; 2.872 ;
; X0         ; F1          ; 3.831 ; 3.831 ; 3.831 ; 3.831 ;
; X0         ; F2          ; 3.577 ; 3.538 ; 3.538 ; 3.577 ;
; X0         ; G0          ; 2.873 ; 2.873 ; 2.873 ; 2.873 ;
; X0         ; G1          ; 3.909 ; 3.909 ; 3.909 ; 3.909 ;
; X0         ; G2          ; 3.410 ; 3.460 ; 3.460 ; 3.410 ;
; Y          ; A           ; 5.594 ; 5.594 ; 5.594 ; 5.594 ;
; Y          ; A1          ; 6.877 ; 6.877 ; 6.877 ; 6.877 ;
; Y          ; A2          ; 6.687 ; 6.687 ; 6.687 ; 6.687 ;
; Y          ; B           ; 5.599 ; 5.599 ; 5.599 ; 5.599 ;
; Y          ; B1          ; 6.837 ; 6.837 ; 6.837 ; 6.837 ;
; Y          ; C           ; 5.557 ;       ;       ; 5.557 ;
; Y          ; C1          ; 6.854 ; 6.854 ; 6.854 ; 6.854 ;
; Y          ; C2          ; 6.700 ; 6.638 ; 6.638 ; 6.700 ;
; Y          ; D           ; 5.572 ; 5.572 ; 5.572 ; 5.572 ;
; Y          ; D1          ; 6.999 ; 6.999 ; 6.999 ; 6.999 ;
; Y          ; D2          ; 6.665 ; 6.665 ; 6.665 ; 6.665 ;
; Y          ; E           ;       ; 5.572 ; 5.572 ;       ;
; Y          ; E1          ; 6.978 ; 6.978 ; 6.978 ; 6.978 ;
; Y          ; E2          ; 6.680 ; 6.680 ; 6.680 ; 6.680 ;
; Y          ; F           ; 5.608 ; 5.608 ; 5.608 ; 5.608 ;
; Y          ; F1          ; 6.930 ; 6.930 ; 6.930 ; 6.930 ;
; Y          ; F2          ; 6.676 ; 6.637 ; 6.637 ; 6.676 ;
; Y          ; G           ; 5.605 ; 5.605 ; 5.605 ; 5.605 ;
; Y          ; G1          ; 7.008 ; 7.008 ; 7.008 ; 7.008 ;
; Y          ; G2          ; 6.509 ; 6.559 ; 6.559 ; 6.509 ;
; Y0         ; A0          ; 2.621 ; 2.621 ; 2.621 ; 2.621 ;
; Y0         ; A1          ; 4.174 ; 4.174 ; 4.174 ; 4.174 ;
; Y0         ; A2          ; 3.984 ; 3.984 ; 3.984 ; 3.984 ;
; Y0         ; B0          ; 2.622 ; 2.622 ; 2.622 ; 2.622 ;
; Y0         ; B1          ; 4.134 ; 4.134 ; 4.134 ; 4.134 ;
; Y0         ; C0          ; 2.622 ;       ;       ; 2.622 ;
; Y0         ; C1          ; 4.151 ; 4.151 ; 4.151 ; 4.151 ;
; Y0         ; C2          ; 3.997 ; 3.935 ; 3.935 ; 3.997 ;
; Y0         ; D0          ; 2.907 ; 2.907 ; 2.907 ; 2.907 ;
; Y0         ; D1          ; 4.296 ; 4.296 ; 4.296 ; 4.296 ;
; Y0         ; D2          ; 3.962 ; 3.962 ; 3.962 ; 3.962 ;
; Y0         ; E0          ;       ; 2.908 ; 2.908 ;       ;
; Y0         ; E1          ; 4.275 ; 4.275 ; 4.275 ; 4.275 ;
; Y0         ; E2          ; 3.977 ; 3.977 ; 3.977 ; 3.977 ;
; Y0         ; F0          ; 2.897 ; 2.897 ; 2.897 ; 2.897 ;
; Y0         ; F1          ; 4.227 ; 4.227 ; 4.227 ; 4.227 ;
; Y0         ; F2          ; 3.973 ; 3.934 ; 3.934 ; 3.973 ;
; Y0         ; G0          ; 2.898 ; 2.898 ; 2.898 ; 2.898 ;
; Y0         ; G1          ; 4.305 ; 4.305 ; 4.305 ; 4.305 ;
; Y0         ; G2          ; 3.806 ; 3.856 ; 3.856 ; 3.806 ;
; Z          ; A           ; 5.687 ; 5.687 ; 5.687 ; 5.687 ;
; Z          ; A1          ; 7.274 ; 7.274 ; 7.274 ; 7.274 ;
; Z          ; A2          ; 7.084 ; 7.084 ; 7.084 ; 7.084 ;
; Z          ; B           ; 5.683 ; 5.683 ; 5.683 ; 5.683 ;
; Z          ; B1          ; 7.234 ; 7.234 ; 7.234 ; 7.234 ;
; Z          ; C           ;       ; 5.643 ; 5.643 ;       ;
; Z          ; C1          ; 7.251 ; 7.251 ; 7.251 ; 7.251 ;
; Z          ; C2          ; 7.097 ; 7.035 ; 7.035 ; 7.097 ;
; Z          ; D           ; 5.653 ; 5.653 ; 5.653 ; 5.653 ;
; Z          ; D1          ; 7.396 ; 7.396 ; 7.396 ; 7.396 ;
; Z          ; D2          ; 7.062 ; 7.062 ; 7.062 ; 7.062 ;
; Z          ; E           ; 5.663 ;       ;       ; 5.663 ;
; Z          ; E1          ; 7.375 ; 7.375 ; 7.375 ; 7.375 ;
; Z          ; E2          ; 7.077 ; 7.077 ; 7.077 ; 7.077 ;
; Z          ; F           ; 5.700 ;       ;       ; 5.700 ;
; Z          ; F1          ; 7.327 ; 7.327 ; 7.327 ; 7.327 ;
; Z          ; F2          ; 7.073 ; 7.034 ; 7.034 ; 7.073 ;
; Z          ; G           ; 5.691 ; 5.691 ; 5.691 ; 5.691 ;
; Z          ; G1          ; 7.405 ; 7.405 ; 7.405 ; 7.405 ;
; Z          ; G2          ; 6.906 ; 6.956 ; 6.956 ; 6.906 ;
; Z0         ; A0          ; 2.695 ; 2.695 ; 2.695 ; 2.695 ;
; Z0         ; A1          ; 4.481 ; 4.481 ; 4.481 ; 4.481 ;
; Z0         ; A2          ; 4.291 ; 4.291 ; 4.291 ; 4.291 ;
; Z0         ; B0          ; 2.695 ; 2.695 ; 2.695 ; 2.695 ;
; Z0         ; B1          ; 4.441 ; 4.441 ; 4.441 ; 4.441 ;
; Z0         ; C0          ;       ; 2.696 ; 2.696 ;       ;
; Z0         ; C1          ; 4.458 ; 4.458 ; 4.458 ; 4.458 ;
; Z0         ; C2          ; 4.304 ; 4.242 ; 4.242 ; 4.304 ;
; Z0         ; D0          ; 2.977 ; 2.977 ; 2.977 ; 2.977 ;
; Z0         ; D1          ; 4.603 ; 4.603 ; 4.603 ; 4.603 ;
; Z0         ; D2          ; 4.269 ; 4.269 ; 4.269 ; 4.269 ;
; Z0         ; E0          ; 2.976 ;       ;       ; 2.976 ;
; Z0         ; E1          ; 4.582 ; 4.582 ; 4.582 ; 4.582 ;
; Z0         ; E2          ; 4.284 ; 4.284 ; 4.284 ; 4.284 ;
; Z0         ; F0          ; 2.972 ;       ;       ; 2.972 ;
; Z0         ; F1          ; 4.534 ; 4.534 ; 4.534 ; 4.534 ;
; Z0         ; F2          ; 4.280 ; 4.241 ; 4.241 ; 4.280 ;
; Z0         ; G0          ; 2.965 ; 2.965 ; 2.965 ; 2.965 ;
; Z0         ; G1          ; 4.612 ; 4.612 ; 4.612 ; 4.612 ;
; Z0         ; G2          ; 4.113 ; 4.163 ; 4.163 ; 4.113 ;
+------------+-------------+-------+-------+-------+-------+


+----------------------------------------------------------+
; Minimum Propagation Delay                                ;
+------------+-------------+-------+-------+-------+-------+
; Input Port ; Output Port ; RR    ; RF    ; FR    ; FF    ;
+------------+-------------+-------+-------+-------+-------+
; Ci         ; A1          ; 3.902 ; 3.902 ; 3.902 ; 3.902 ;
; Ci         ; A2          ; 4.181 ; 4.181 ; 4.181 ; 4.181 ;
; Ci         ; B1          ; 3.875 ; 3.875 ; 3.875 ; 3.875 ;
; Ci         ; C1          ; 3.872 ; 3.872 ; 3.872 ; 3.872 ;
; Ci         ; C2          ; 4.189 ; 4.189 ; 4.189 ; 4.189 ;
; Ci         ; D1          ; 4.024 ; 4.024 ; 4.024 ; 4.024 ;
; Ci         ; D2          ; 4.159 ; 4.159 ; 4.159 ; 4.159 ;
; Ci         ; E1          ; 4.014 ; 4.014 ; 4.014 ; 4.014 ;
; Ci         ; E2          ; 4.174 ; 4.174 ; 4.174 ; 4.174 ;
; Ci         ; F1          ; 3.955 ; 3.955 ; 3.955 ; 3.955 ;
; Ci         ; F2          ; 4.172 ; 4.172 ; 4.172 ; 4.172 ;
; Ci         ; G1          ; 4.034 ; 4.034 ; 4.034 ; 4.034 ;
; Ci         ; G2          ; 4.318 ; 4.318 ; 4.318 ; 4.318 ;
; W          ; A           ; 5.558 ; 5.558 ; 5.558 ; 5.558 ;
; W          ; A1          ; 5.926 ; 5.926 ; 5.926 ; 5.926 ;
; W          ; A2          ; 5.812 ; 5.812 ; 5.812 ; 5.812 ;
; W          ; B           ; 5.561 ; 5.561 ; 5.561 ; 5.561 ;
; W          ; B1          ; 5.897 ; 5.897 ; 5.897 ; 5.897 ;
; W          ; C           ; 5.521 ; 5.521 ; 5.521 ; 5.521 ;
; W          ; C1          ; 5.895 ; 5.895 ; 5.895 ; 5.895 ;
; W          ; C2          ; 5.817 ; 5.817 ; 5.817 ; 5.817 ;
; W          ; D           ; 5.530 ; 5.530 ; 5.530 ; 5.530 ;
; W          ; D1          ; 6.048 ; 6.048 ; 6.048 ; 6.048 ;
; W          ; D2          ; 5.790 ; 5.790 ; 5.790 ; 5.790 ;
; W          ; E           ;       ; 5.533 ; 5.533 ;       ;
; W          ; E1          ; 6.036 ; 6.036 ; 6.036 ; 6.036 ;
; W          ; E2          ; 5.818 ; 5.818 ; 5.818 ; 5.818 ;
; W          ; F           ; 5.570 ; 5.570 ; 5.570 ; 5.570 ;
; W          ; F1          ; 5.975 ; 5.975 ; 5.975 ; 5.975 ;
; W          ; F2          ; 5.816 ; 5.816 ; 5.816 ; 5.816 ;
; W          ; G           ; 5.570 ; 5.570 ; 5.570 ; 5.570 ;
; W          ; G1          ; 6.054 ; 6.054 ; 6.054 ; 6.054 ;
; W          ; G2          ; 5.688 ; 5.688 ; 5.688 ; 5.688 ;
; W0         ; A0          ; 5.317 ; 5.317 ; 5.317 ; 5.317 ;
; W0         ; A1          ; 6.049 ; 6.049 ; 6.049 ; 6.049 ;
; W0         ; A2          ; 5.935 ; 5.935 ; 5.935 ; 5.935 ;
; W0         ; B0          ; 5.317 ; 5.317 ; 5.317 ; 5.317 ;
; W0         ; B1          ; 6.020 ; 6.020 ; 6.020 ; 6.020 ;
; W0         ; C0          ; 5.322 ; 5.322 ; 5.322 ; 5.322 ;
; W0         ; C1          ; 6.018 ; 6.018 ; 6.018 ; 6.018 ;
; W0         ; C2          ; 5.940 ; 5.940 ; 5.940 ; 5.940 ;
; W0         ; D0          ; 5.599 ; 5.599 ; 5.599 ; 5.599 ;
; W0         ; D1          ; 6.171 ; 6.171 ; 6.171 ; 6.171 ;
; W0         ; D2          ; 5.913 ; 5.913 ; 5.913 ; 5.913 ;
; W0         ; E0          ;       ; 5.586 ; 5.586 ;       ;
; W0         ; E1          ; 6.159 ; 6.159 ; 6.159 ; 6.159 ;
; W0         ; E2          ; 5.941 ; 5.941 ; 5.941 ; 5.941 ;
; W0         ; F0          ; 5.586 ; 5.586 ; 5.586 ; 5.586 ;
; W0         ; F1          ; 6.098 ; 6.098 ; 6.098 ; 6.098 ;
; W0         ; F2          ; 5.939 ; 5.939 ; 5.939 ; 5.939 ;
; W0         ; G0          ; 5.578 ; 5.578 ; 5.578 ; 5.578 ;
; W0         ; G1          ; 6.177 ; 6.177 ; 6.177 ; 6.177 ;
; W0         ; G2          ; 5.811 ; 5.811 ; 5.811 ; 5.811 ;
; X          ; A           ; 5.676 ; 5.676 ; 5.676 ; 5.676 ;
; X          ; A1          ; 6.111 ; 6.111 ; 6.111 ; 6.111 ;
; X          ; A2          ; 5.998 ; 5.998 ; 5.998 ; 5.998 ;
; X          ; B           ; 5.690 ;       ;       ; 5.690 ;
; X          ; B1          ; 6.082 ; 6.082 ; 6.082 ; 6.082 ;
; X          ; C           ; 5.645 ; 5.645 ; 5.645 ; 5.645 ;
; X          ; C1          ; 6.080 ; 6.080 ; 6.080 ; 6.080 ;
; X          ; C2          ; 6.007 ; 6.007 ; 6.007 ; 6.007 ;
; X          ; D           ; 5.656 ; 5.656 ; 5.656 ; 5.656 ;
; X          ; D1          ; 6.233 ; 6.233 ; 6.233 ; 6.233 ;
; X          ; D2          ; 5.976 ; 5.976 ; 5.976 ; 5.976 ;
; X          ; E           ; 5.662 ; 5.662 ; 5.662 ; 5.662 ;
; X          ; E1          ; 6.221 ; 6.221 ; 6.221 ; 6.221 ;
; X          ; E2          ; 5.999 ; 5.999 ; 5.999 ; 5.999 ;
; X          ; F           ; 5.701 ; 5.701 ; 5.701 ; 5.701 ;
; X          ; F1          ; 6.160 ; 6.160 ; 6.160 ; 6.160 ;
; X          ; F2          ; 5.999 ; 5.999 ; 5.999 ; 5.999 ;
; X          ; G           ; 5.693 ; 5.693 ; 5.693 ; 5.693 ;
; X          ; G1          ; 6.239 ; 6.239 ; 6.239 ; 6.239 ;
; X          ; G2          ; 5.742 ; 5.742 ; 5.742 ; 5.742 ;
; X0         ; A0          ; 2.598 ; 2.598 ; 2.598 ; 2.598 ;
; X0         ; A1          ; 3.390 ; 3.390 ; 3.390 ; 3.390 ;
; X0         ; A2          ; 3.277 ; 3.277 ; 3.277 ; 3.277 ;
; X0         ; B0          ; 2.598 ;       ;       ; 2.598 ;
; X0         ; B1          ; 3.361 ; 3.361 ; 3.361 ; 3.361 ;
; X0         ; C0          ; 2.597 ; 2.597 ; 2.597 ; 2.597 ;
; X0         ; C1          ; 3.359 ; 3.359 ; 3.359 ; 3.359 ;
; X0         ; C2          ; 3.286 ; 3.286 ; 3.286 ; 3.286 ;
; X0         ; D0          ; 2.882 ; 2.882 ; 2.882 ; 2.882 ;
; X0         ; D1          ; 3.512 ; 3.512 ; 3.512 ; 3.512 ;
; X0         ; D2          ; 3.255 ; 3.255 ; 3.255 ; 3.255 ;
; X0         ; E0          ; 2.884 ; 2.884 ; 2.884 ; 2.884 ;
; X0         ; E1          ; 3.500 ; 3.500 ; 3.500 ; 3.500 ;
; X0         ; E2          ; 3.278 ; 3.278 ; 3.278 ; 3.278 ;
; X0         ; F0          ; 2.872 ; 2.872 ; 2.872 ; 2.872 ;
; X0         ; F1          ; 3.439 ; 3.439 ; 3.439 ; 3.439 ;
; X0         ; F2          ; 3.278 ; 3.278 ; 3.278 ; 3.278 ;
; X0         ; G0          ; 2.873 ; 2.873 ; 2.873 ; 2.873 ;
; X0         ; G1          ; 3.518 ; 3.518 ; 3.518 ; 3.518 ;
; X0         ; G2          ; 3.021 ; 3.021 ; 3.021 ; 3.021 ;
; Y          ; A           ; 5.594 ; 5.594 ; 5.594 ; 5.594 ;
; Y          ; A1          ; 5.945 ; 5.945 ; 5.945 ; 5.945 ;
; Y          ; A2          ; 5.832 ; 5.832 ; 5.832 ; 5.832 ;
; Y          ; B           ; 5.599 ; 5.599 ; 5.599 ; 5.599 ;
; Y          ; B1          ; 5.916 ; 5.916 ; 5.916 ; 5.916 ;
; Y          ; C           ; 5.557 ;       ;       ; 5.557 ;
; Y          ; C1          ; 5.914 ; 5.914 ; 5.914 ; 5.914 ;
; Y          ; C2          ; 5.840 ; 5.840 ; 5.840 ; 5.840 ;
; Y          ; D           ; 5.572 ; 5.572 ; 5.572 ; 5.572 ;
; Y          ; D1          ; 6.067 ; 6.067 ; 6.067 ; 6.067 ;
; Y          ; D2          ; 5.810 ; 5.810 ; 5.810 ; 5.810 ;
; Y          ; E           ;       ; 5.572 ; 5.572 ;       ;
; Y          ; E1          ; 6.055 ; 6.055 ; 6.055 ; 6.055 ;
; Y          ; E2          ; 5.825 ; 5.825 ; 5.825 ; 5.825 ;
; Y          ; F           ; 5.608 ; 5.608 ; 5.608 ; 5.608 ;
; Y          ; F1          ; 5.994 ; 5.994 ; 5.994 ; 5.994 ;
; Y          ; F2          ; 5.823 ; 5.823 ; 5.823 ; 5.823 ;
; Y          ; G           ; 5.605 ; 5.605 ; 5.605 ; 5.605 ;
; Y          ; G1          ; 6.073 ; 6.073 ; 6.073 ; 6.073 ;
; Y          ; G2          ; 5.963 ; 5.963 ; 5.963 ; 5.963 ;
; Y0         ; A0          ; 2.621 ; 2.621 ; 2.621 ; 2.621 ;
; Y0         ; A1          ; 3.238 ; 3.238 ; 3.238 ; 3.238 ;
; Y0         ; A2          ; 3.125 ; 3.125 ; 3.125 ; 3.125 ;
; Y0         ; B0          ; 2.622 ; 2.622 ; 2.622 ; 2.622 ;
; Y0         ; B1          ; 3.209 ; 3.209 ; 3.209 ; 3.209 ;
; Y0         ; C0          ; 2.622 ;       ;       ; 2.622 ;
; Y0         ; C1          ; 3.207 ; 3.207 ; 3.207 ; 3.207 ;
; Y0         ; C2          ; 3.133 ; 3.133 ; 3.133 ; 3.133 ;
; Y0         ; D0          ; 2.907 ; 2.907 ; 2.907 ; 2.907 ;
; Y0         ; D1          ; 3.360 ; 3.360 ; 3.360 ; 3.360 ;
; Y0         ; D2          ; 3.103 ; 3.103 ; 3.103 ; 3.103 ;
; Y0         ; E0          ;       ; 2.908 ; 2.908 ;       ;
; Y0         ; E1          ; 3.348 ; 3.348 ; 3.348 ; 3.348 ;
; Y0         ; E2          ; 3.118 ; 3.118 ; 3.118 ; 3.118 ;
; Y0         ; F0          ; 2.897 ; 2.897 ; 2.897 ; 2.897 ;
; Y0         ; F1          ; 3.287 ; 3.287 ; 3.287 ; 3.287 ;
; Y0         ; F2          ; 3.116 ; 3.116 ; 3.116 ; 3.116 ;
; Y0         ; G0          ; 2.898 ; 2.898 ; 2.898 ; 2.898 ;
; Y0         ; G1          ; 3.366 ; 3.366 ; 3.366 ; 3.366 ;
; Y0         ; G2          ; 3.269 ; 3.269 ; 3.269 ; 3.269 ;
; Z          ; A           ; 5.687 ; 5.687 ; 5.687 ; 5.687 ;
; Z          ; A1          ; 5.808 ; 5.808 ; 5.808 ; 5.808 ;
; Z          ; A2          ; 6.084 ; 6.084 ; 6.084 ; 6.084 ;
; Z          ; B           ; 5.683 ; 5.683 ; 5.683 ; 5.683 ;
; Z          ; B1          ; 5.781 ; 5.781 ; 5.781 ; 5.781 ;
; Z          ; C           ;       ; 5.643 ; 5.643 ;       ;
; Z          ; C1          ; 5.778 ; 5.778 ; 5.778 ; 5.778 ;
; Z          ; C2          ; 6.092 ; 6.092 ; 6.092 ; 6.092 ;
; Z          ; D           ; 5.653 ; 5.653 ; 5.653 ; 5.653 ;
; Z          ; D1          ; 5.930 ; 5.930 ; 5.930 ; 5.930 ;
; Z          ; D2          ; 6.062 ; 6.062 ; 6.062 ; 6.062 ;
; Z          ; E           ; 5.663 ;       ;       ; 5.663 ;
; Z          ; E1          ; 5.920 ; 5.920 ; 5.920 ; 5.920 ;
; Z          ; E2          ; 6.077 ; 6.077 ; 6.077 ; 6.077 ;
; Z          ; F           ; 5.700 ;       ;       ; 5.700 ;
; Z          ; F1          ; 5.861 ; 5.861 ; 5.861 ; 5.861 ;
; Z          ; F2          ; 6.075 ; 6.075 ; 6.075 ; 6.075 ;
; Z          ; G           ; 5.691 ; 5.691 ; 5.691 ; 5.691 ;
; Z          ; G1          ; 5.940 ; 5.940 ; 5.940 ; 5.940 ;
; Z          ; G2          ; 6.221 ; 6.221 ; 6.221 ; 6.221 ;
; Z0         ; A0          ; 2.695 ; 2.695 ; 2.695 ; 2.695 ;
; Z0         ; A1          ; 2.996 ; 2.996 ; 2.996 ; 2.996 ;
; Z0         ; A2          ; 3.267 ; 3.267 ; 3.267 ; 3.267 ;
; Z0         ; B0          ; 2.695 ; 2.695 ; 2.695 ; 2.695 ;
; Z0         ; B1          ; 2.969 ; 2.969 ; 2.969 ; 2.969 ;
; Z0         ; C0          ;       ; 2.696 ; 2.696 ;       ;
; Z0         ; C1          ; 2.966 ; 2.966 ; 2.966 ; 2.966 ;
; Z0         ; C2          ; 3.275 ; 3.275 ; 3.275 ; 3.275 ;
; Z0         ; D0          ; 2.977 ; 2.977 ; 2.977 ; 2.977 ;
; Z0         ; D1          ; 3.118 ; 3.118 ; 3.118 ; 3.118 ;
; Z0         ; D2          ; 3.245 ; 3.245 ; 3.245 ; 3.245 ;
; Z0         ; E0          ; 2.976 ;       ;       ; 2.976 ;
; Z0         ; E1          ; 3.108 ; 3.108 ; 3.108 ; 3.108 ;
; Z0         ; E2          ; 3.260 ; 3.260 ; 3.260 ; 3.260 ;
; Z0         ; F0          ; 2.972 ;       ;       ; 2.972 ;
; Z0         ; F1          ; 3.049 ; 3.049 ; 3.049 ; 3.049 ;
; Z0         ; F2          ; 3.258 ; 3.258 ; 3.258 ; 3.258 ;
; Z0         ; G0          ; 2.965 ; 2.965 ; 2.965 ; 2.965 ;
; Z0         ; G1          ; 3.128 ; 3.128 ; 3.128 ; 3.128 ;
; Z0         ; G2          ; 3.404 ; 3.404 ; 3.404 ; 3.404 ;
+------------+-------------+-------+-------+-------+-------+


+----------------------------------------------------------------------------+
; Multicorner Timing Analysis Summary                                        ;
+------------------+-------+------+----------+---------+---------------------+
; Clock            ; Setup ; Hold ; Recovery ; Removal ; Minimum Pulse Width ;
+------------------+-------+------+----------+---------+---------------------+
; Worst-case Slack ; N/A   ; N/A  ; N/A      ; N/A     ; N/A                 ;
; Design-wide TNS  ; 0.0   ; 0.0  ; 0.0      ; 0.0     ; 0.0                 ;
+------------------+-------+------+----------+---------+---------------------+


+--------------------------------------------------------------+
; Progagation Delay                                            ;
+------------+-------------+--------+--------+--------+--------+
; Input Port ; Output Port ; RR     ; RF     ; FR     ; FF     ;
+------------+-------------+--------+--------+--------+--------+
; Ci         ; A1          ; 10.709 ; 10.709 ; 10.709 ; 10.709 ;
; Ci         ; A2          ; 10.277 ; 10.277 ; 10.277 ; 10.277 ;
; Ci         ; B1          ; 10.687 ; 10.687 ; 10.687 ; 10.687 ;
; Ci         ; C1          ; 10.697 ; 10.697 ; 10.697 ; 10.697 ;
; Ci         ; C2          ; 10.292 ; 10.154 ; 10.154 ; 10.292 ;
; Ci         ; D1          ; 11.010 ; 11.010 ; 11.010 ; 11.010 ;
; Ci         ; D2          ; 10.253 ; 10.253 ; 10.253 ; 10.253 ;
; Ci         ; E1          ; 10.969 ; 10.969 ; 10.969 ; 10.969 ;
; Ci         ; E2          ; 10.261 ; 10.261 ; 10.261 ; 10.261 ;
; Ci         ; F1          ; 10.840 ; 10.840 ; 10.840 ; 10.840 ;
; Ci         ; F2          ; 10.264 ; 10.142 ; 10.142 ; 10.264 ;
; Ci         ; G1          ; 11.030 ; 11.030 ; 11.030 ; 11.030 ;
; Ci         ; G2          ; 9.858  ; 9.979  ; 9.979  ; 9.858  ;
; W          ; A           ; 9.923  ; 9.923  ; 9.923  ; 9.923  ;
; W          ; A1          ; 11.233 ; 11.233 ; 11.233 ; 11.233 ;
; W          ; A2          ; 10.801 ; 10.801 ; 10.801 ; 10.801 ;
; W          ; B           ; 9.925  ; 9.925  ; 9.925  ; 9.925  ;
; W          ; B1          ; 11.211 ; 11.211 ; 11.211 ; 11.211 ;
; W          ; C           ; 9.880  ; 9.880  ; 9.880  ; 9.880  ;
; W          ; C1          ; 11.221 ; 11.221 ; 11.221 ; 11.221 ;
; W          ; C2          ; 10.816 ; 10.679 ; 10.679 ; 10.816 ;
; W          ; D           ; 9.891  ; 9.891  ; 9.891  ; 9.891  ;
; W          ; D1          ; 11.534 ; 11.534 ; 11.534 ; 11.534 ;
; W          ; D2          ; 10.777 ; 10.777 ; 10.777 ; 10.777 ;
; W          ; E           ;        ; 9.899  ; 9.899  ;        ;
; W          ; E1          ; 11.493 ; 11.493 ; 11.493 ; 11.493 ;
; W          ; E2          ; 10.785 ; 10.785 ; 10.785 ; 10.785 ;
; W          ; F           ; 9.937  ; 9.937  ; 9.937  ; 9.937  ;
; W          ; F1          ; 11.364 ; 11.364 ; 11.364 ; 11.364 ;
; W          ; F2          ; 10.788 ; 10.667 ; 10.667 ; 10.788 ;
; W          ; G           ; 9.937  ; 9.937  ; 9.937  ; 9.937  ;
; W          ; G1          ; 11.554 ; 11.554 ; 11.554 ; 11.554 ;
; W          ; G2          ; 10.383 ; 10.503 ; 10.503 ; 10.383 ;
; W0         ; A0          ; 9.551  ; 9.551  ; 9.551  ; 9.551  ;
; W0         ; A1          ; 11.490 ; 11.490 ; 11.490 ; 11.490 ;
; W0         ; A2          ; 11.058 ; 11.058 ; 11.058 ; 11.058 ;
; W0         ; B0          ; 9.550  ; 9.550  ; 9.550  ; 9.550  ;
; W0         ; B1          ; 11.468 ; 11.468 ; 11.468 ; 11.468 ;
; W0         ; C0          ; 9.522  ; 9.522  ; 9.522  ; 9.522  ;
; W0         ; C1          ; 11.478 ; 11.478 ; 11.478 ; 11.478 ;
; W0         ; C2          ; 11.073 ; 10.937 ; 10.937 ; 11.073 ;
; W0         ; D0          ; 10.101 ; 10.101 ; 10.101 ; 10.101 ;
; W0         ; D1          ; 11.791 ; 11.791 ; 11.791 ; 11.791 ;
; W0         ; D2          ; 11.034 ; 11.034 ; 11.034 ; 11.034 ;
; W0         ; E0          ;        ; 10.078 ; 10.078 ;        ;
; W0         ; E1          ; 11.750 ; 11.750 ; 11.750 ; 11.750 ;
; W0         ; E2          ; 11.042 ; 11.042 ; 11.042 ; 11.042 ;
; W0         ; F0          ; 10.062 ; 10.062 ; 10.062 ; 10.062 ;
; W0         ; F1          ; 11.621 ; 11.621 ; 11.621 ; 11.621 ;
; W0         ; F2          ; 11.045 ; 10.925 ; 10.925 ; 11.045 ;
; W0         ; G0          ; 10.089 ; 10.089 ; 10.089 ; 10.089 ;
; W0         ; G1          ; 11.811 ; 11.811 ; 11.811 ; 11.811 ;
; W0         ; G2          ; 10.641 ; 10.760 ; 10.760 ; 10.641 ;
; X          ; A           ; 10.186 ; 10.186 ; 10.186 ; 10.186 ;
; X          ; A1          ; 12.097 ; 12.097 ; 12.097 ; 12.097 ;
; X          ; A2          ; 11.665 ; 11.665 ; 11.665 ; 11.665 ;
; X          ; B           ; 10.207 ;        ;        ; 10.207 ;
; X          ; B1          ; 12.075 ; 12.075 ; 12.075 ; 12.075 ;
; X          ; C           ; 10.127 ; 10.127 ; 10.127 ; 10.127 ;
; X          ; C1          ; 12.085 ; 12.085 ; 12.085 ; 12.085 ;
; X          ; C2          ; 11.680 ; 11.542 ; 11.542 ; 11.680 ;
; X          ; D           ; 10.173 ; 10.173 ; 10.173 ; 10.173 ;
; X          ; D1          ; 12.398 ; 12.398 ; 12.398 ; 12.398 ;
; X          ; D2          ; 11.641 ; 11.641 ; 11.641 ; 11.641 ;
; X          ; E           ; 10.182 ; 10.182 ; 10.182 ; 10.182 ;
; X          ; E1          ; 12.357 ; 12.357 ; 12.357 ; 12.357 ;
; X          ; E2          ; 11.649 ; 11.649 ; 11.649 ; 11.649 ;
; X          ; F           ; 10.218 ; 10.218 ; 10.218 ; 10.218 ;
; X          ; F1          ; 12.228 ; 12.228 ; 12.228 ; 12.228 ;
; X          ; F2          ; 11.652 ; 11.530 ; 11.530 ; 11.652 ;
; X          ; G           ; 10.220 ; 10.220 ; 10.220 ; 10.220 ;
; X          ; G1          ; 12.418 ; 12.418 ; 12.418 ; 12.418 ;
; X          ; G2          ; 11.246 ; 11.367 ; 11.367 ; 11.246 ;
; X0         ; A0          ; 4.972  ; 4.972  ; 4.972  ; 4.972  ;
; X0         ; A1          ; 7.636  ; 7.636  ; 7.636  ; 7.636  ;
; X0         ; A2          ; 7.204  ; 7.204  ; 7.204  ; 7.204  ;
; X0         ; B0          ; 4.971  ;        ;        ; 4.971  ;
; X0         ; B1          ; 7.614  ; 7.614  ; 7.614  ; 7.614  ;
; X0         ; C0          ; 4.968  ; 4.968  ; 4.968  ; 4.968  ;
; X0         ; C1          ; 7.624  ; 7.624  ; 7.624  ; 7.624  ;
; X0         ; C2          ; 7.219  ; 7.081  ; 7.081  ; 7.219  ;
; X0         ; D0          ; 5.522  ; 5.522  ; 5.522  ; 5.522  ;
; X0         ; D1          ; 7.937  ; 7.937  ; 7.937  ; 7.937  ;
; X0         ; D2          ; 7.180  ; 7.180  ; 7.180  ; 7.180  ;
; X0         ; E0          ; 5.520  ; 5.520  ; 5.520  ; 5.520  ;
; X0         ; E1          ; 7.896  ; 7.896  ; 7.896  ; 7.896  ;
; X0         ; E2          ; 7.188  ; 7.188  ; 7.188  ; 7.188  ;
; X0         ; F0          ; 5.519  ; 5.519  ; 5.519  ; 5.519  ;
; X0         ; F1          ; 7.767  ; 7.767  ; 7.767  ; 7.767  ;
; X0         ; F2          ; 7.191  ; 7.069  ; 7.069  ; 7.191  ;
; X0         ; G0          ; 5.528  ; 5.528  ; 5.528  ; 5.528  ;
; X0         ; G1          ; 7.957  ; 7.957  ; 7.957  ; 7.957  ;
; X0         ; G2          ; 6.785  ; 6.906  ; 6.906  ; 6.785  ;
; Y          ; A           ; 10.032 ; 10.032 ; 10.032 ; 10.032 ;
; Y          ; A1          ; 13.042 ; 13.042 ; 13.042 ; 13.042 ;
; Y          ; A2          ; 12.610 ; 12.610 ; 12.610 ; 12.610 ;
; Y          ; B           ; 10.037 ; 10.037 ; 10.037 ; 10.037 ;
; Y          ; B1          ; 13.020 ; 13.020 ; 13.020 ; 13.020 ;
; Y          ; C           ; 9.989  ;        ;        ; 9.989  ;
; Y          ; C1          ; 13.030 ; 13.030 ; 13.030 ; 13.030 ;
; Y          ; C2          ; 12.625 ; 12.487 ; 12.487 ; 12.625 ;
; Y          ; D           ; 10.004 ; 10.004 ; 10.004 ; 10.004 ;
; Y          ; D1          ; 13.343 ; 13.343 ; 13.343 ; 13.343 ;
; Y          ; D2          ; 12.586 ; 12.586 ; 12.586 ; 12.586 ;
; Y          ; E           ;        ; 10.012 ; 10.012 ;        ;
; Y          ; E1          ; 13.302 ; 13.302 ; 13.302 ; 13.302 ;
; Y          ; E2          ; 12.594 ; 12.594 ; 12.594 ; 12.594 ;
; Y          ; F           ; 10.050 ; 10.050 ; 10.050 ; 10.050 ;
; Y          ; F1          ; 13.173 ; 13.173 ; 13.173 ; 13.173 ;
; Y          ; F2          ; 12.597 ; 12.475 ; 12.475 ; 12.597 ;
; Y          ; G           ; 10.046 ; 10.046 ; 10.046 ; 10.046 ;
; Y          ; G1          ; 13.363 ; 13.363 ; 13.363 ; 13.363 ;
; Y          ; G2          ; 12.191 ; 12.312 ; 12.312 ; 12.191 ;
; Y0         ; A0          ; 5.057  ; 5.057  ; 5.057  ; 5.057  ;
; Y0         ; A1          ; 8.559  ; 8.559  ; 8.559  ; 8.559  ;
; Y0         ; A2          ; 8.127  ; 8.127  ; 8.127  ; 8.127  ;
; Y0         ; B0          ; 5.057  ; 5.057  ; 5.057  ; 5.057  ;
; Y0         ; B1          ; 8.537  ; 8.537  ; 8.537  ; 8.537  ;
; Y0         ; C0          ; 5.055  ;        ;        ; 5.055  ;
; Y0         ; C1          ; 8.547  ; 8.547  ; 8.547  ; 8.547  ;
; Y0         ; C2          ; 8.142  ; 8.004  ; 8.004  ; 8.142  ;
; Y0         ; D0          ; 5.610  ; 5.610  ; 5.610  ; 5.610  ;
; Y0         ; D1          ; 8.860  ; 8.860  ; 8.860  ; 8.860  ;
; Y0         ; D2          ; 8.103  ; 8.103  ; 8.103  ; 8.103  ;
; Y0         ; E0          ;        ; 5.603  ; 5.603  ;        ;
; Y0         ; E1          ; 8.819  ; 8.819  ; 8.819  ; 8.819  ;
; Y0         ; E2          ; 8.111  ; 8.111  ; 8.111  ; 8.111  ;
; Y0         ; F0          ; 5.606  ; 5.606  ; 5.606  ; 5.606  ;
; Y0         ; F1          ; 8.690  ; 8.690  ; 8.690  ; 8.690  ;
; Y0         ; F2          ; 8.114  ; 7.992  ; 7.992  ; 8.114  ;
; Y0         ; G0          ; 5.609  ; 5.609  ; 5.609  ; 5.609  ;
; Y0         ; G1          ; 8.880  ; 8.880  ; 8.880  ; 8.880  ;
; Y0         ; G2          ; 7.708  ; 7.829  ; 7.829  ; 7.708  ;
; Z          ; A           ; 10.228 ; 10.228 ; 10.228 ; 10.228 ;
; Z          ; A1          ; 13.961 ; 13.961 ; 13.961 ; 13.961 ;
; Z          ; A2          ; 13.529 ; 13.529 ; 13.529 ; 13.529 ;
; Z          ; B           ; 10.232 ; 10.232 ; 10.232 ; 10.232 ;
; Z          ; B1          ; 13.939 ; 13.939 ; 13.939 ; 13.939 ;
; Z          ; C           ;        ; 10.157 ; 10.157 ;        ;
; Z          ; C1          ; 13.949 ; 13.949 ; 13.949 ; 13.949 ;
; Z          ; C2          ; 13.544 ; 13.406 ; 13.406 ; 13.544 ;
; Z          ; D           ; 10.201 ; 10.201 ; 10.201 ; 10.201 ;
; Z          ; D1          ; 14.262 ; 14.262 ; 14.262 ; 14.262 ;
; Z          ; D2          ; 13.505 ; 13.505 ; 13.505 ; 13.505 ;
; Z          ; E           ; 10.209 ;        ;        ; 10.209 ;
; Z          ; E1          ; 14.221 ; 14.221 ; 14.221 ; 14.221 ;
; Z          ; E2          ; 13.513 ; 13.513 ; 13.513 ; 13.513 ;
; Z          ; F           ; 10.245 ;        ;        ; 10.245 ;
; Z          ; F1          ; 14.092 ; 14.092 ; 14.092 ; 14.092 ;
; Z          ; F2          ; 13.516 ; 13.394 ; 13.394 ; 13.516 ;
; Z          ; G           ; 10.245 ; 10.245 ; 10.245 ; 10.245 ;
; Z          ; G1          ; 14.282 ; 14.282 ; 14.282 ; 14.282 ;
; Z          ; G2          ; 13.110 ; 13.231 ; 13.231 ; 13.110 ;
; Z0         ; A0          ; 5.220  ; 5.220  ; 5.220  ; 5.220  ;
; Z0         ; A1          ; 9.201  ; 9.201  ; 9.201  ; 9.201  ;
; Z0         ; A2          ; 8.769  ; 8.769  ; 8.769  ; 8.769  ;
; Z0         ; B0          ; 5.219  ; 5.219  ; 5.219  ; 5.219  ;
; Z0         ; B1          ; 9.179  ; 9.179  ; 9.179  ; 9.179  ;
; Z0         ; C0          ;        ; 5.190  ; 5.190  ;        ;
; Z0         ; C1          ; 9.189  ; 9.189  ; 9.189  ; 9.189  ;
; Z0         ; C2          ; 8.784  ; 8.646  ; 8.646  ; 8.784  ;
; Z0         ; D0          ; 5.767  ; 5.767  ; 5.767  ; 5.767  ;
; Z0         ; D1          ; 9.502  ; 9.502  ; 9.502  ; 9.502  ;
; Z0         ; D2          ; 8.745  ; 8.745  ; 8.745  ; 8.745  ;
; Z0         ; E0          ; 5.761  ;        ;        ; 5.761  ;
; Z0         ; E1          ; 9.461  ; 9.461  ; 9.461  ; 9.461  ;
; Z0         ; E2          ; 8.753  ; 8.753  ; 8.753  ; 8.753  ;
; Z0         ; F0          ; 5.760  ;        ;        ; 5.760  ;
; Z0         ; F1          ; 9.332  ; 9.332  ; 9.332  ; 9.332  ;
; Z0         ; F2          ; 8.756  ; 8.634  ; 8.634  ; 8.756  ;
; Z0         ; G0          ; 5.767  ; 5.767  ; 5.767  ; 5.767  ;
; Z0         ; G1          ; 9.522  ; 9.522  ; 9.522  ; 9.522  ;
; Z0         ; G2          ; 8.350  ; 8.471  ; 8.471  ; 8.350  ;
+------------+-------------+--------+--------+--------+--------+


+----------------------------------------------------------+
; Minimum Progagation Delay                                ;
+------------+-------------+-------+-------+-------+-------+
; Input Port ; Output Port ; RR    ; RF    ; FR    ; FF    ;
+------------+-------------+-------+-------+-------+-------+
; Ci         ; A1          ; 3.902 ; 3.902 ; 3.902 ; 3.902 ;
; Ci         ; A2          ; 4.181 ; 4.181 ; 4.181 ; 4.181 ;
; Ci         ; B1          ; 3.875 ; 3.875 ; 3.875 ; 3.875 ;
; Ci         ; C1          ; 3.872 ; 3.872 ; 3.872 ; 3.872 ;
; Ci         ; C2          ; 4.189 ; 4.189 ; 4.189 ; 4.189 ;
; Ci         ; D1          ; 4.024 ; 4.024 ; 4.024 ; 4.024 ;
; Ci         ; D2          ; 4.159 ; 4.159 ; 4.159 ; 4.159 ;
; Ci         ; E1          ; 4.014 ; 4.014 ; 4.014 ; 4.014 ;
; Ci         ; E2          ; 4.174 ; 4.174 ; 4.174 ; 4.174 ;
; Ci         ; F1          ; 3.955 ; 3.955 ; 3.955 ; 3.955 ;
; Ci         ; F2          ; 4.172 ; 4.172 ; 4.172 ; 4.172 ;
; Ci         ; G1          ; 4.034 ; 4.034 ; 4.034 ; 4.034 ;
; Ci         ; G2          ; 4.318 ; 4.318 ; 4.318 ; 4.318 ;
; W          ; A           ; 5.558 ; 5.558 ; 5.558 ; 5.558 ;
; W          ; A1          ; 5.926 ; 5.926 ; 5.926 ; 5.926 ;
; W          ; A2          ; 5.812 ; 5.812 ; 5.812 ; 5.812 ;
; W          ; B           ; 5.561 ; 5.561 ; 5.561 ; 5.561 ;
; W          ; B1          ; 5.897 ; 5.897 ; 5.897 ; 5.897 ;
; W          ; C           ; 5.521 ; 5.521 ; 5.521 ; 5.521 ;
; W          ; C1          ; 5.895 ; 5.895 ; 5.895 ; 5.895 ;
; W          ; C2          ; 5.817 ; 5.817 ; 5.817 ; 5.817 ;
; W          ; D           ; 5.530 ; 5.530 ; 5.530 ; 5.530 ;
; W          ; D1          ; 6.048 ; 6.048 ; 6.048 ; 6.048 ;
; W          ; D2          ; 5.790 ; 5.790 ; 5.790 ; 5.790 ;
; W          ; E           ;       ; 5.533 ; 5.533 ;       ;
; W          ; E1          ; 6.036 ; 6.036 ; 6.036 ; 6.036 ;
; W          ; E2          ; 5.818 ; 5.818 ; 5.818 ; 5.818 ;
; W          ; F           ; 5.570 ; 5.570 ; 5.570 ; 5.570 ;
; W          ; F1          ; 5.975 ; 5.975 ; 5.975 ; 5.975 ;
; W          ; F2          ; 5.816 ; 5.816 ; 5.816 ; 5.816 ;
; W          ; G           ; 5.570 ; 5.570 ; 5.570 ; 5.570 ;
; W          ; G1          ; 6.054 ; 6.054 ; 6.054 ; 6.054 ;
; W          ; G2          ; 5.688 ; 5.688 ; 5.688 ; 5.688 ;
; W0         ; A0          ; 5.317 ; 5.317 ; 5.317 ; 5.317 ;
; W0         ; A1          ; 6.049 ; 6.049 ; 6.049 ; 6.049 ;
; W0         ; A2          ; 5.935 ; 5.935 ; 5.935 ; 5.935 ;
; W0         ; B0          ; 5.317 ; 5.317 ; 5.317 ; 5.317 ;
; W0         ; B1          ; 6.020 ; 6.020 ; 6.020 ; 6.020 ;
; W0         ; C0          ; 5.322 ; 5.322 ; 5.322 ; 5.322 ;
; W0         ; C1          ; 6.018 ; 6.018 ; 6.018 ; 6.018 ;
; W0         ; C2          ; 5.940 ; 5.940 ; 5.940 ; 5.940 ;
; W0         ; D0          ; 5.599 ; 5.599 ; 5.599 ; 5.599 ;
; W0         ; D1          ; 6.171 ; 6.171 ; 6.171 ; 6.171 ;
; W0         ; D2          ; 5.913 ; 5.913 ; 5.913 ; 5.913 ;
; W0         ; E0          ;       ; 5.586 ; 5.586 ;       ;
; W0         ; E1          ; 6.159 ; 6.159 ; 6.159 ; 6.159 ;
; W0         ; E2          ; 5.941 ; 5.941 ; 5.941 ; 5.941 ;
; W0         ; F0          ; 5.586 ; 5.586 ; 5.586 ; 5.586 ;
; W0         ; F1          ; 6.098 ; 6.098 ; 6.098 ; 6.098 ;
; W0         ; F2          ; 5.939 ; 5.939 ; 5.939 ; 5.939 ;
; W0         ; G0          ; 5.578 ; 5.578 ; 5.578 ; 5.578 ;
; W0         ; G1          ; 6.177 ; 6.177 ; 6.177 ; 6.177 ;
; W0         ; G2          ; 5.811 ; 5.811 ; 5.811 ; 5.811 ;
; X          ; A           ; 5.676 ; 5.676 ; 5.676 ; 5.676 ;
; X          ; A1          ; 6.111 ; 6.111 ; 6.111 ; 6.111 ;
; X          ; A2          ; 5.998 ; 5.998 ; 5.998 ; 5.998 ;
; X          ; B           ; 5.690 ;       ;       ; 5.690 ;
; X          ; B1          ; 6.082 ; 6.082 ; 6.082 ; 6.082 ;
; X          ; C           ; 5.645 ; 5.645 ; 5.645 ; 5.645 ;
; X          ; C1          ; 6.080 ; 6.080 ; 6.080 ; 6.080 ;
; X          ; C2          ; 6.007 ; 6.007 ; 6.007 ; 6.007 ;
; X          ; D           ; 5.656 ; 5.656 ; 5.656 ; 5.656 ;
; X          ; D1          ; 6.233 ; 6.233 ; 6.233 ; 6.233 ;
; X          ; D2          ; 5.976 ; 5.976 ; 5.976 ; 5.976 ;
; X          ; E           ; 5.662 ; 5.662 ; 5.662 ; 5.662 ;
; X          ; E1          ; 6.221 ; 6.221 ; 6.221 ; 6.221 ;
; X          ; E2          ; 5.999 ; 5.999 ; 5.999 ; 5.999 ;
; X          ; F           ; 5.701 ; 5.701 ; 5.701 ; 5.701 ;
; X          ; F1          ; 6.160 ; 6.160 ; 6.160 ; 6.160 ;
; X          ; F2          ; 5.999 ; 5.999 ; 5.999 ; 5.999 ;
; X          ; G           ; 5.693 ; 5.693 ; 5.693 ; 5.693 ;
; X          ; G1          ; 6.239 ; 6.239 ; 6.239 ; 6.239 ;
; X          ; G2          ; 5.742 ; 5.742 ; 5.742 ; 5.742 ;
; X0         ; A0          ; 2.598 ; 2.598 ; 2.598 ; 2.598 ;
; X0         ; A1          ; 3.390 ; 3.390 ; 3.390 ; 3.390 ;
; X0         ; A2          ; 3.277 ; 3.277 ; 3.277 ; 3.277 ;
; X0         ; B0          ; 2.598 ;       ;       ; 2.598 ;
; X0         ; B1          ; 3.361 ; 3.361 ; 3.361 ; 3.361 ;
; X0         ; C0          ; 2.597 ; 2.597 ; 2.597 ; 2.597 ;
; X0         ; C1          ; 3.359 ; 3.359 ; 3.359 ; 3.359 ;
; X0         ; C2          ; 3.286 ; 3.286 ; 3.286 ; 3.286 ;
; X0         ; D0          ; 2.882 ; 2.882 ; 2.882 ; 2.882 ;
; X0         ; D1          ; 3.512 ; 3.512 ; 3.512 ; 3.512 ;
; X0         ; D2          ; 3.255 ; 3.255 ; 3.255 ; 3.255 ;
; X0         ; E0          ; 2.884 ; 2.884 ; 2.884 ; 2.884 ;
; X0         ; E1          ; 3.500 ; 3.500 ; 3.500 ; 3.500 ;
; X0         ; E2          ; 3.278 ; 3.278 ; 3.278 ; 3.278 ;
; X0         ; F0          ; 2.872 ; 2.872 ; 2.872 ; 2.872 ;
; X0         ; F1          ; 3.439 ; 3.439 ; 3.439 ; 3.439 ;
; X0         ; F2          ; 3.278 ; 3.278 ; 3.278 ; 3.278 ;
; X0         ; G0          ; 2.873 ; 2.873 ; 2.873 ; 2.873 ;
; X0         ; G1          ; 3.518 ; 3.518 ; 3.518 ; 3.518 ;
; X0         ; G2          ; 3.021 ; 3.021 ; 3.021 ; 3.021 ;
; Y          ; A           ; 5.594 ; 5.594 ; 5.594 ; 5.594 ;
; Y          ; A1          ; 5.945 ; 5.945 ; 5.945 ; 5.945 ;
; Y          ; A2          ; 5.832 ; 5.832 ; 5.832 ; 5.832 ;
; Y          ; B           ; 5.599 ; 5.599 ; 5.599 ; 5.599 ;
; Y          ; B1          ; 5.916 ; 5.916 ; 5.916 ; 5.916 ;
; Y          ; C           ; 5.557 ;       ;       ; 5.557 ;
; Y          ; C1          ; 5.914 ; 5.914 ; 5.914 ; 5.914 ;
; Y          ; C2          ; 5.840 ; 5.840 ; 5.840 ; 5.840 ;
; Y          ; D           ; 5.572 ; 5.572 ; 5.572 ; 5.572 ;
; Y          ; D1          ; 6.067 ; 6.067 ; 6.067 ; 6.067 ;
; Y          ; D2          ; 5.810 ; 5.810 ; 5.810 ; 5.810 ;
; Y          ; E           ;       ; 5.572 ; 5.572 ;       ;
; Y          ; E1          ; 6.055 ; 6.055 ; 6.055 ; 6.055 ;
; Y          ; E2          ; 5.825 ; 5.825 ; 5.825 ; 5.825 ;
; Y          ; F           ; 5.608 ; 5.608 ; 5.608 ; 5.608 ;
; Y          ; F1          ; 5.994 ; 5.994 ; 5.994 ; 5.994 ;
; Y          ; F2          ; 5.823 ; 5.823 ; 5.823 ; 5.823 ;
; Y          ; G           ; 5.605 ; 5.605 ; 5.605 ; 5.605 ;
; Y          ; G1          ; 6.073 ; 6.073 ; 6.073 ; 6.073 ;
; Y          ; G2          ; 5.963 ; 5.963 ; 5.963 ; 5.963 ;
; Y0         ; A0          ; 2.621 ; 2.621 ; 2.621 ; 2.621 ;
; Y0         ; A1          ; 3.238 ; 3.238 ; 3.238 ; 3.238 ;
; Y0         ; A2          ; 3.125 ; 3.125 ; 3.125 ; 3.125 ;
; Y0         ; B0          ; 2.622 ; 2.622 ; 2.622 ; 2.622 ;
; Y0         ; B1          ; 3.209 ; 3.209 ; 3.209 ; 3.209 ;
; Y0         ; C0          ; 2.622 ;       ;       ; 2.622 ;
; Y0         ; C1          ; 3.207 ; 3.207 ; 3.207 ; 3.207 ;
; Y0         ; C2          ; 3.133 ; 3.133 ; 3.133 ; 3.133 ;
; Y0         ; D0          ; 2.907 ; 2.907 ; 2.907 ; 2.907 ;
; Y0         ; D1          ; 3.360 ; 3.360 ; 3.360 ; 3.360 ;
; Y0         ; D2          ; 3.103 ; 3.103 ; 3.103 ; 3.103 ;
; Y0         ; E0          ;       ; 2.908 ; 2.908 ;       ;
; Y0         ; E1          ; 3.348 ; 3.348 ; 3.348 ; 3.348 ;
; Y0         ; E2          ; 3.118 ; 3.118 ; 3.118 ; 3.118 ;
; Y0         ; F0          ; 2.897 ; 2.897 ; 2.897 ; 2.897 ;
; Y0         ; F1          ; 3.287 ; 3.287 ; 3.287 ; 3.287 ;
; Y0         ; F2          ; 3.116 ; 3.116 ; 3.116 ; 3.116 ;
; Y0         ; G0          ; 2.898 ; 2.898 ; 2.898 ; 2.898 ;
; Y0         ; G1          ; 3.366 ; 3.366 ; 3.366 ; 3.366 ;
; Y0         ; G2          ; 3.269 ; 3.269 ; 3.269 ; 3.269 ;
; Z          ; A           ; 5.687 ; 5.687 ; 5.687 ; 5.687 ;
; Z          ; A1          ; 5.808 ; 5.808 ; 5.808 ; 5.808 ;
; Z          ; A2          ; 6.084 ; 6.084 ; 6.084 ; 6.084 ;
; Z          ; B           ; 5.683 ; 5.683 ; 5.683 ; 5.683 ;
; Z          ; B1          ; 5.781 ; 5.781 ; 5.781 ; 5.781 ;
; Z          ; C           ;       ; 5.643 ; 5.643 ;       ;
; Z          ; C1          ; 5.778 ; 5.778 ; 5.778 ; 5.778 ;
; Z          ; C2          ; 6.092 ; 6.092 ; 6.092 ; 6.092 ;
; Z          ; D           ; 5.653 ; 5.653 ; 5.653 ; 5.653 ;
; Z          ; D1          ; 5.930 ; 5.930 ; 5.930 ; 5.930 ;
; Z          ; D2          ; 6.062 ; 6.062 ; 6.062 ; 6.062 ;
; Z          ; E           ; 5.663 ;       ;       ; 5.663 ;
; Z          ; E1          ; 5.920 ; 5.920 ; 5.920 ; 5.920 ;
; Z          ; E2          ; 6.077 ; 6.077 ; 6.077 ; 6.077 ;
; Z          ; F           ; 5.700 ;       ;       ; 5.700 ;
; Z          ; F1          ; 5.861 ; 5.861 ; 5.861 ; 5.861 ;
; Z          ; F2          ; 6.075 ; 6.075 ; 6.075 ; 6.075 ;
; Z          ; G           ; 5.691 ; 5.691 ; 5.691 ; 5.691 ;
; Z          ; G1          ; 5.940 ; 5.940 ; 5.940 ; 5.940 ;
; Z          ; G2          ; 6.221 ; 6.221 ; 6.221 ; 6.221 ;
; Z0         ; A0          ; 2.695 ; 2.695 ; 2.695 ; 2.695 ;
; Z0         ; A1          ; 2.996 ; 2.996 ; 2.996 ; 2.996 ;
; Z0         ; A2          ; 3.267 ; 3.267 ; 3.267 ; 3.267 ;
; Z0         ; B0          ; 2.695 ; 2.695 ; 2.695 ; 2.695 ;
; Z0         ; B1          ; 2.969 ; 2.969 ; 2.969 ; 2.969 ;
; Z0         ; C0          ;       ; 2.696 ; 2.696 ;       ;
; Z0         ; C1          ; 2.966 ; 2.966 ; 2.966 ; 2.966 ;
; Z0         ; C2          ; 3.275 ; 3.275 ; 3.275 ; 3.275 ;
; Z0         ; D0          ; 2.977 ; 2.977 ; 2.977 ; 2.977 ;
; Z0         ; D1          ; 3.118 ; 3.118 ; 3.118 ; 3.118 ;
; Z0         ; D2          ; 3.245 ; 3.245 ; 3.245 ; 3.245 ;
; Z0         ; E0          ; 2.976 ;       ;       ; 2.976 ;
; Z0         ; E1          ; 3.108 ; 3.108 ; 3.108 ; 3.108 ;
; Z0         ; E2          ; 3.260 ; 3.260 ; 3.260 ; 3.260 ;
; Z0         ; F0          ; 2.972 ;       ;       ; 2.972 ;
; Z0         ; F1          ; 3.049 ; 3.049 ; 3.049 ; 3.049 ;
; Z0         ; F2          ; 3.258 ; 3.258 ; 3.258 ; 3.258 ;
; Z0         ; G0          ; 2.965 ; 2.965 ; 2.965 ; 2.965 ;
; Z0         ; G1          ; 3.128 ; 3.128 ; 3.128 ; 3.128 ;
; Z0         ; G2          ; 3.404 ; 3.404 ; 3.404 ; 3.404 ;
+------------+-------------+-------+-------+-------+-------+


-------------------
; Clock Transfers ;
-------------------
Nothing to report.


---------------
; Report TCCS ;
---------------
No dedicated SERDES Transmitter circuitry present in device or used in design


---------------
; Report RSKM ;
---------------
No dedicated SERDES Receiver circuitry present in device or used in design


+------------------------------------------------+
; Unconstrained Paths                            ;
+---------------------------------+-------+------+
; Property                        ; Setup ; Hold ;
+---------------------------------+-------+------+
; Illegal Clocks                  ; 0     ; 0    ;
; Unconstrained Clocks            ; 0     ; 0    ;
; Unconstrained Input Ports       ; 9     ; 9    ;
; Unconstrained Input Port Paths  ; 173   ; 173  ;
; Unconstrained Output Ports      ; 27    ; 27   ;
; Unconstrained Output Port Paths ; 173   ; 173  ;
+---------------------------------+-------+------+


+------------------------------------+
; TimeQuest Timing Analyzer Messages ;
+------------------------------------+
Info: *******************************************************************
Info: Running Quartus II 64-Bit TimeQuest Timing Analyzer
    Info: Version 12.1 Build 243 01/31/2013 Service Pack 1 SJ Full Version
    Info: Processing started: Wed Oct 14 19:10:41 2015
Info: Command: quartus_sta Lab06 -c Lab06
Info: qsta_default_script.tcl version: #1
Info (11104): Parallel Compilation has detected 8 hyper-threaded processors. However, the extra hyper-threaded processors will not be used by default. Parallel Compilation will use 4 of the 4 physical processors detected instead.
Info (21077): Low junction temperature is 0 degrees C
Info (21077): High junction temperature is 85 degrees C
Critical Warning (332012): Synopsys Design Constraints File file not found: 'Lab06.sdc'. A Synopsys Design Constraints File is required by the TimeQuest Timing Analyzer to get proper timing constraints. Without it, the Compiler will not properly optimize the design.
Info (332142): No user constrained base clocks found in the design. Calling "derive_clocks -period 1.0"
Info (332096): The command derive_clocks did not find any clocks to derive.  No clocks were created or changed.
Warning (332068): No clocks defined in design.
Info: Found TIMEQUEST_REPORT_SCRIPT_INCLUDE_DEFAULT_ANALYSIS = ON
Info (332159): No clocks to report
Info: Analyzing Slow Model
Info (332140): No fmax paths to report
Info (332140): No Setup paths to report
Info (332140): No Hold paths to report
Info (332140): No Recovery paths to report
Info (332140): No Removal paths to report
Info (332140): No Minimum Pulse Width paths to report
Info (332001): The selected device family is not supported by the report_metastability command.
Info: Analyzing Fast Model
Info (332142): No user constrained base clocks found in the design. Calling "derive_clocks -period 1.0"
Info (332096): The command derive_clocks did not find any clocks to derive.  No clocks were created or changed.
Warning (332068): No clocks defined in design.
Info (332140): No Setup paths to report
Info (332140): No Hold paths to report
Info (332140): No Recovery paths to report
Info (332140): No Removal paths to report
Info (332140): No Minimum Pulse Width paths to report
Info (332001): The selected device family is not supported by the report_metastability command.
Info (332102): Design is not fully constrained for setup requirements
Info (332102): Design is not fully constrained for hold requirements
Info: Quartus II 64-Bit TimeQuest Timing Analyzer was successful. 0 errors, 3 warnings
    Info: Peak virtual memory: 586 megabytes
    Info: Processing ended: Wed Oct 14 19:10:43 2015
    Info: Elapsed time: 00:00:02
    Info: Total CPU time (on all processors): 00:00:01


