------------------------------------------------------------
TimeQuest Timing Analyzer Summary
------------------------------------------------------------

Type  : Slow Model Setup 'clk'
Slack : -0.780
TNS   : -4.020

Type  : Slow Model Setup 'clock_generator:inst1|clock_divider_1024:inst101|inst10'
Slack : -0.777
TNS   : -4.003

Type  : Slow Model Setup 'clock_generator:inst1|clock_divider_1024:inst102|inst10'
Slack : -0.452
TNS   : -1.491

Type  : Slow Model Setup 'clock_generator:inst1|inst7'
Slack : -0.036
TNS   : -0.070

Type  : Slow Model Hold 'clk'
Slack : -2.558
TNS   : -2.558

Type  : Slow Model Hold 'clock_generator:inst1|clock_divider_1024:inst102|inst10'
Slack : -2.185
TNS   : -2.185

Type  : Slow Model Hold 'clock_generator:inst1|clock_divider_1024:inst101|inst10'
Slack : -2.148
TNS   : -2.148

Type  : Slow Model Hold 'clock_generator:inst1|inst7'
Slack : 0.391
TNS   : 0.000

Type  : Slow Model Minimum Pulse Width 'clk'
Slack : -1.380
TNS   : -11.380

Type  : Slow Model Minimum Pulse Width 'clock_generator:inst1|clock_divider_1024:inst101|inst10'
Slack : -0.500
TNS   : -10.000

Type  : Slow Model Minimum Pulse Width 'clock_generator:inst1|clock_divider_1024:inst102|inst10'
Slack : -0.500
TNS   : -7.000

Type  : Slow Model Minimum Pulse Width 'clock_generator:inst1|inst7'
Slack : -0.500
TNS   : -3.000

Type  : Fast Model Setup 'clk'
Slack : 0.181
TNS   : 0.000

Type  : Fast Model Setup 'clock_generator:inst1|clock_divider_1024:inst101|inst10'
Slack : 0.200
TNS   : 0.000

Type  : Fast Model Setup 'clock_generator:inst1|clock_divider_1024:inst102|inst10'
Slack : 0.323
TNS   : 0.000

Type  : Fast Model Setup 'clock_generator:inst1|inst7'
Slack : 0.518
TNS   : 0.000

Type  : Fast Model Hold 'clk'
Slack : -1.599
TNS   : -1.599

Type  : Fast Model Hold 'clock_generator:inst1|clock_divider_1024:inst102|inst10'
Slack : -1.345
TNS   : -1.345

Type  : Fast Model Hold 'clock_generator:inst1|clock_divider_1024:inst101|inst10'
Slack : -1.318
TNS   : -1.318

Type  : Fast Model Hold 'clock_generator:inst1|inst7'
Slack : 0.215
TNS   : 0.000

Type  : Fast Model Minimum Pulse Width 'clk'
Slack : -1.380
TNS   : -11.380

Type  : Fast Model Minimum Pulse Width 'clock_generator:inst1|clock_divider_1024:inst101|inst10'
Slack : -0.500
TNS   : -10.000

Type  : Fast Model Minimum Pulse Width 'clock_generator:inst1|clock_divider_1024:inst102|inst10'
Slack : -0.500
TNS   : -7.000

Type  : Fast Model Minimum Pulse Width 'clock_generator:inst1|inst7'
Slack : -0.500
TNS   : -3.000

------------------------------------------------------------
